ARM Linker, 4.1 [Build 481] [Evaluation]

==============================================================================

Section Cross References

    main.o(.text) refers to stm32f10x_gpio.o(.text) for GPIO_ReadInputDataBit
    main.o(.text) refers to os_sem.o(.text) for OSSemPost
    main.o(.text) refers to delay.o(.text) for delay_ms
    main.o(.text) refers to adc.o(.text) for Get_Adc1
    main.o(.text) refers to main.o(.data) for sem1_switch1open
    main.o(.text) refers to task.o(.text) for bg_a
    main.o(.text) refers to os_core.o(.text) for OSStatInit
    main.o(.text) refers to os_cpu_a.o(.text) for OS_CPU_SR_Save
    main.o(.text) refers to os_task.o(.text) for OSTaskCreate
    main.o(.text) refers to sys.o(.text) for NVIC_Configuration
    main.o(.text) refers to main.o(.bss) for S1OPEN_TASK_STK
    system_stm32f10x.o(.text) refers to system_stm32f10x.o(.data) for SystemCoreClock
    led.o(.text) refers to stm32f10x_rcc.o(.text) for RCC_APB2PeriphClockCmd
    led.o(.text) refers to stm32f10x_gpio.o(.text) for GPIO_Init
    key.o(.text) refers to stm32f10x_rcc.o(.text) for RCC_APB2PeriphClockCmd
    key.o(.text) refers to stm32f10x_gpio.o(.text) for GPIO_Init
    key.o(.text) refers to delay.o(.text) for delay_ms
    key.o(.text) refers to key.o(.data) for key_up
    lcd.o(.text) refers to _printf_percent.o(.ARM.Collect$$_printf_percent$$00000000) for _printf_percent
    lcd.o(.text) refers to _printf_x.o(.ARM.Collect$$_printf_percent$$0000000C) for _printf_x
    lcd.o(.text) refers to _printf_hex_int.o(.text) for _printf_longlong_hex
    lcd.o(.text) refers to delay.o(.text) for delay_us
    lcd.o(.text) refers to lcd.o(.bss) for lcddev
    lcd.o(.text) refers to stm32f10x_rcc.o(.text) for RCC_AHBPeriphClockCmd
    lcd.o(.text) refers to stm32f10x_gpio.o(.text) for GPIO_Init
    lcd.o(.text) refers to stm32f10x_fsmc.o(.text) for FSMC_NORSRAMInit
    lcd.o(.text) refers to noretval__2printf.o(.text) for __2printf
    lcd.o(.text) refers to lcd.o(.data) for POINT_COLOR
    lcd.o(.text) refers to lcd.o(.constdata) for asc2_1206
    myiic.o(.text) refers to stm32f10x_rcc.o(.text) for RCC_APB2PeriphClockCmd
    myiic.o(.text) refers to stm32f10x_gpio.o(.text) for GPIO_Init
    myiic.o(.text) refers to delay.o(.text) for delay_us
    24cxx.o(.text) refers to myiic.o(.text) for IIC_Init
    24cxx.o(.text) refers to delay.o(.text) for delay_ms
    touch.o(.text) refers to delay.o(.text) for delay_us
    touch.o(.text) refers to lcd.o(.text) for LCD_DrawLine
    touch.o(.text) refers to fflt_clz.o(x$fpl$fflt) for __aeabi_i2f
    touch.o(.text) refers to fflt_clz.o(x$fpl$ffltu) for __aeabi_ui2f
    touch.o(.text) refers to fmul.o(x$fpl$fmul) for __aeabi_fmul
    touch.o(.text) refers to faddsub_clz.o(x$fpl$fadd) for __aeabi_fadd
    touch.o(.text) refers to ffixu.o(x$fpl$ffixu) for __aeabi_f2uiz
    touch.o(.text) refers to ffix.o(x$fpl$ffix) for __aeabi_f2iz
    touch.o(.text) refers to 24cxx.o(.text) for AT24CXX_WriteLenByte
    touch.o(.text) refers to touch.o(.data) for CMD_RDX
    touch.o(.text) refers to lcd.o(.data) for POINT_COLOR
    touch.o(.text) refers to fdiv.o(x$fpl$fdiv) for __aeabi_fdiv
    touch.o(.text) refers to dflt_clz.o(x$fpl$dfltu) for __aeabi_ui2d
    touch.o(.text) refers to sqrt.o(i.sqrt) for sqrt
    touch.o(.text) refers to dfixu.o(x$fpl$dfixu) for __aeabi_d2uiz
    touch.o(.text) refers to lcd.o(.bss) for lcddev
    touch.o(.text) refers to f2d.o(x$fpl$f2d) for __aeabi_f2d
    touch.o(.text) refers to dleqf.o(x$fpl$dleqf) for __aeabi_cdcmple
    touch.o(.text) refers to drleqf.o(x$fpl$drleqf) for __aeabi_cdrcmple
    touch.o(.text) refers to faddsub_clz.o(x$fpl$fsub) for __aeabi_fsub
    touch.o(.text) refers to stm32f10x_rcc.o(.text) for RCC_APB2PeriphClockCmd
    touch.o(.text) refers to stm32f10x_gpio.o(.text) for GPIO_Init
    touch.o(.data) refers to touch.o(.text) for TP_Init
    touch.o(.data) refers to touch.o(.conststring) for .conststring
    beep.o(.text) refers to stm32f10x_rcc.o(.text) for RCC_APB2PeriphClockCmd
    beep.o(.text) refers to stm32f10x_gpio.o(.text) for GPIO_Init
    adc.o(.text) refers to stm32f10x_rcc.o(.text) for RCC_APB2PeriphClockCmd
    adc.o(.text) refers to stm32f10x_gpio.o(.text) for GPIO_Init
    adc.o(.text) refers to stm32f10x_adc.o(.text) for ADC_DeInit
    adc.o(.text) refers to delay.o(.text) for delay_us
    task.o(.text) refers to adc.o(.text) for Get_Adc1
    delay.o(.text) refers to os_core.o(.text) for OSIntEnter
    delay.o(.text) refers to misc.o(.text) for SysTick_CLKSourceConfig
    delay.o(.text) refers to os_time.o(.text) for OSTimeDly
    delay.o(.text) refers to system_stm32f10x.o(.data) for SystemCoreClock
    delay.o(.text) refers to delay.o(.data) for fac_us
    delay.o(.text) refers to os_core.o(.data) for OSRunning
    sys.o(.text) refers to misc.o(.text) for NVIC_PriorityGroupConfig
    usart.o(.text) refers (Special) to use_no_semi_2.o(.text) for __use_no_semihosting
[...]
    rtexit.o(.ARM.Collect$$rtexit$$00000000) refers (Special) to rtexit2.o(.ARM.Collect$$rtexit$$00000002) for __rt_exit_prels_1
    rtexit.o(.ARM.exidx) refers (Special) to rtexit2.o(.ARM.Collect$$rtexit$$00000004) for __rt_exit_exit
    rtexit.o(.ARM.exidx) refers (Special) to rtexit2.o(.ARM.Collect$$rtexit$$00000003) for __rt_exit_ls
    rtexit.o(.ARM.exidx) refers (Special) to rtexit2.o(.ARM.Collect$$rtexit$$00000002) for __rt_exit_prels_1
    rtexit.o(.ARM.exidx) refers to rtexit.o(.ARM.Collect$$rtexit$$00000000) for .ARM.Collect$$rtexit$$00000000
    libinit2.o(.ARM.Collect$$libinit$$0000000C) refers to libinit2.o(.ARM.Collect$$libinit$$0000000B) for .ARM.Collect$$libinit$$0000000B
    libinit2.o(.ARM.Collect$$libinit$$0000000E) refers to libinit2.o(.ARM.Collect$$libinit$$0000000B) for .ARM.Collect$$libinit$$0000000B
    libinit2.o(.ARM.Collect$$libinit$$00000010) refers to libinit2.o(.ARM.Collect$$libinit$$0000000B) for .ARM.Collect$$libinit$$0000000B
    libinit2.o(.ARM.Collect$$libinit$$00000012) refers to libinit2.o(.ARM.Collect$$libinit$$0000000B) for .ARM.Collect$$libinit$$0000000B
    libinit2.o(.ARM.Collect$$libinit$$00000014) refers to libinit2.o(.ARM.Collect$$libinit$$0000000B) for .ARM.Collect$$libinit$$0000000B
    libinit2.o(.ARM.Collect$$libinit$$00000022) refers to argv_veneer.o(.emb_text) for __ARM_argv_veneer
    libinit2.o(.ARM.Collect$$libinit$$00000023) refers to argv_veneer.o(.emb_text) for __ARM_argv_veneer
    fpinit.o(x$fpl$fpinit) refers to rt_fp_status_addr_intlibspace.o(.text) for __rt_fp_status_addr
    rtexit2.o(.ARM.Collect$$rtexit$$00000003) refers to libshutdown.o(.ARM.Collect$$libshutdown$$00000000) for __rt_lib_shutdown
    rtexit2.o(.ARM.Collect$$rtexit$$00000004) refers to usart.o(.text) for _sys_exit
    rtexit2.o(.ARM.exidx) refers to rtexit2.o(.ARM.Collect$$rtexit$$00000001) for .ARM.Collect$$rtexit$$00000001
    rtexit2.o(.ARM.exidx) refers to rtexit2.o(.ARM.Collect$$rtexit$$00000002) for .ARM.Collect$$rtexit$$00000002
    rtexit2.o(.ARM.exidx) refers to rtexit2.o(.ARM.Collect$$rtexit$$00000003) for .ARM.Collect$$rtexit$$00000003
    rtexit2.o(.ARM.exidx) refers to rtexit2.o(.ARM.Collect$$rtexit$$00000004) for .ARM.Collect$$rtexit$$00000004
    rt_fp_status_addr.o(.text) refers to rt_fp_status_addr.o(.bss) for __rt_fp_status_addr_data
    rt_fp_status_addr_intlibspace.o(.text) refers to libspace.o(.bss) for __libspace_start
    argv_veneer.o(.emb_text) refers to no_argv.o(.text) for __ARM_get_argv
    _get_argv_nomalloc.o(.text) refers (Special) to hrguard.o(.text) for __heap_region$guard
    _get_argv_nomalloc.o(.text) refers to defsig_rtmem_outer.o(.text) for __rt_SIGRTMEM
    _get_argv_nomalloc.o(.text) refers to sys_command.o(.text) for _sys_command_string
    libshutdown.o(.ARM.Collect$$libshutdown$$00000000) refers (Special) to libshutdown2.o(.ARM.Collect$$libshutdown$$00000006) for __rt_lib_shutdown_fp_trap_1
    libshutdown.o(.ARM.Collect$$libshutdown$$00000000) refers (Special) to libshutdown2.o(.ARM.Collect$$libshutdown$$0000000E) for __rt_lib_shutdown_heap_1
    libshutdown.o(.ARM.Collect$$libshutdown$$00000000) refers (Special) to libshutdown2.o(.ARM.Collect$$libshutdown$$0000000F) for __rt_lib_shutdown_return
    libshutdown.o(.ARM.Collect$$libshutdown$$00000000) refers (Special) to libshutdown2.o(.ARM.Collect$$libshutdown$$00000009) for __rt_lib_shutdown_signal_1
    libshutdown.o(.ARM.Collect$$libshutdown$$00000000) refers (Special) to libshutdown2.o(.ARM.Collect$$libshutdown$$00000003) for __rt_lib_shutdown_stdio_1
    libshutdown.o(.ARM.Collect$$libshutdown$$00000000) refers (Special) to libshutdown2.o(.ARM.Collect$$libshutdown$$0000000B) for __rt_lib_shutdown_user_alloc_1
    sys_command.o(.text) refers (Special) to use_no_semi.o(.text) for __I$use$semihosting
    defsig_rtmem_outer.o(.text) refers to defsig_rtmem_inner.o(.text) for __rt_SIGRTMEM_inner
    defsig_rtmem_outer.o(.text) refers to defsig_exit.o(.text) for __sig_exit
    defsig_rtmem_formal.o(.text) refers to rt_raise.o(.text) for __rt_raise
    rt_raise.o(.text) refers to __raise.o(.text) for __raise
    rt_raise.o(.text) refers to usart.o(.text) for _sys_exit
    defsig_exit.o(.text) refers to usart.o(.text) for _sys_exit
    defsig_rtmem_inner.o(.text) refers to defsig_general.o(.text) for __default_signal_display
    __raise.o(.text) refers to defsig.o(CL$$defsig) for __default_signal_handler
    defsig_general.o(.text) refers to sys_wrch.o(.text) for _ttywrch
    sys_wrch.o(.text) refers (Special) to use_no_semi.o(.text) for __I$use$semihosting
    defsig.o(CL$$defsig) refers to defsig_rtmem_inner.o(.text) for __rt_SIGRTMEM_inner
    defsig_abrt_inner.o(.text) refers to defsig_general.o(.text) for __default_signal_display
    defsig_fpe_inner.o(.text) refers to defsig_general.o(.text) for __default_signal_display
    defsig_rtred_inner.o(.text) refers to defsig_general.o(.text) for __default_signal_display
    defsig_stak_inner.o(.text) refers to defsig_general.o(.text) for __default_signal_display
    defsig_pvfn_inner.o(.text) refers to defsig_general.o(.text) for __default_signal_display
    defsig_cppl_inner.o(.text) refers to defsig_general.o(.text) for __default_signal_display
    defsig_segv_inner.o(.text) refers to defsig_general.o(.text) for __default_signal_display
    defsig_other.o(.text) refers to defsig_general.o(.text) for __default_signal_display


==============================================================================

Removing Unused input sections from the image.

    Removing led.o(.text), (76 bytes).
    Removing key.o(.text), (252 bytes).
    Removing key.o(.data), (1 bytes).
    Removing lcd.o(.text), (9152 bytes).
    Removing lcd.o(.bss), (10 bytes).
    Removing lcd.o(.constdata), (2660 bytes).
    Removing lcd.o(.data), (4 bytes).
    Removing myiic.o(.text), (700 bytes).
    Removing 24cxx.o(.text), (378 bytes).
    Removing touch.o(.text), (3928 bytes).
    Removing touch.o(.conststring), (121 bytes).
    Removing touch.o(.data), (48 bytes).
    Removing beep.o(.text), (56 bytes).
    Removing core_cm3.o(.emb_text), (32 bytes).
    Removing stm32f10x_fsmc.o(.text), (1560 bytes).
    Removing stm32f10x_spi.o(.text), (784 bytes).
    Removing stm32f10x_dac.o(.text), (424 bytes).
    Removing stm32f10x_dbgmcu.o(.text), (48 bytes).
    Removing stm32f10x_dma.o(.text), (584 bytes).
    Removing stm32f10x_exti.o(.text), (316 bytes).
    Removing stm32f10x_flash.o(.text), (1480 bytes).
    Removing stm32f10x_i2c.o(.text), (1008 bytes).
    Removing stm32f10x_iwdg.o(.text), (64 bytes).
    Removing stm32f10x_pwr.o(.text), (216 bytes).
    Removing stm32f10x_rtc.o(.text), (376 bytes).
    Removing stm32f10x_sdio.o(.text), (472 bytes).
    Removing stm32f10x_tim.o(.text), (3502 bytes).
    Removing stm32f10x_wwdg.o(.text), (136 bytes).
    Removing os_mbox.o(.text), (972 bytes).
    Removing os_mutex.o(.text), (1580 bytes).
    Removing os_cpu_c.o(.data), (4 bytes).
    Removing os_dbg.o(.constdata), (2 bytes).

32 unused section(s) (total 30946 bytes) removed from the image.

==============================================================================

Image Symbol Table

    Local Symbols

    Symbol Name                              Value     Ov Type        Size  Object(Section)

    ../../angel/boardlib.s                   0x00000000   Number         0  boardshut.o ABSOLUTE
    ../../angel/boardlib.s                   0x00000000   Number         0  boardinit1.o ABSOLUTE
    ../../angel/boardlib.s                   0x00000000   Number         0  boardinit2.o ABSOLUTE
    ../../angel/boardlib.s                   0x00000000   Number         0  boardinit3.o ABSOLUTE
    ../../angel/handlers.s                   0x00000000   Number         0  __scatter_copy.o ABSOLUTE
    ../../angel/handlers.s                   0x00000000   Number         0  __scatter_zi.o ABSOLUTE
    ../../angel/kernel.s                     0x00000000   Number         0  rtentry2.o ABSOLUTE
    ../../angel/kernel.s                     0x00000000   Number         0  rtentry.o ABSOLUTE
    ../../angel/kernel.s                     0x00000000   Number         0  rtexit2.o ABSOLUTE
    ../../angel/kernel.s                     0x00000000   Number         0  rtexit.o ABSOLUTE
    ../../angel/kernel.s                     0x00000000   Number         0  rtentry4.o ABSOLUTE
    ../../angel/rt.s                         0x00000000   Number         0  rt_fp_status_addr_intlibspace.o ABSOLUTE
    ../../angel/rt.s                         0x00000000   Number         0  rt_fp_status_addr.o ABSOLUTE
    ../../angel/rt.s                         0x00000000   Number         0  rt_errno_addr_intlibspace.o ABSOLUTE
    ../../angel/rt.s                         0x00000000   Number         0  rt_raise.o ABSOLUTE
    ../../angel/rt.s                         0x00000000   Number         0  rt_errno_addr.o ABSOLUTE
    ../../angel/scatter.s                    0x00000000   Number         0  __scatter.o ABSOLUTE
    ../../angel/startup.s                    0x00000000   Number         0  __main.o ABSOLUTE
    ../../angel/sys.s                        0x00000000   Number         0  use_no_semi_2.o ABSOLUTE
    ../../angel/sys.s                        0x00000000   Number         0  libspace.o ABSOLUTE
    ../../angel/sys.s                        0x00000000   Number         0  sys_stackheap_outer.o ABSOLUTE
    ../../angel/sys.s                        0x00000000   Number         0  use_no_semi.o ABSOLUTE
    ../../angel/sysapp.c                     0x00000000   Number         0  sys_wrch.o ABSOLUTE
    ../../angel/sysapp.c                     0x00000000   Number         0  sys_command.o ABSOLUTE
    ../../armsys.c                           0x00000000   Number         0  no_argv.o ABSOLUTE
    ../../armsys.c                           0x00000000   Number         0  _get_argv_nomalloc.o ABSOLUTE
    ../../armsys.c                           0x00000000   Number         0  argv_veneer.o ABSOLUTE
    ../../armsys.c                           0x00000000   Number         0  argv_veneer.o ABSOLUTE
    ../../dcmpi.s                            0x00000000   Number         0  dcmpi.o ABSOLUTE
    ../../dfixu.s                            0x00000000   Number         0  dfixu.o ABSOLUTE
    ../../dflt.s                             0x00000000   Number         0  dflt_clz.o ABSOLUTE
    ../../dleqf.s                            0x00000000   Number         0  dleqf.o ABSOLUTE
    ../../dnaninf.s                          0x00000000   Number         0  dnaninf.o ABSOLUTE
    ../../dretinf.s                          0x00000000   Number         0  dretinf.o ABSOLUTE
    ../../drleqf.s                           0x00000000   Number         0  drleqf.o ABSOLUTE
    ../../dsqrt.s                            0x00000000   Number         0  dsqrt_noumaal.o ABSOLUTE
    ../../f2d.s                              0x00000000   Number         0  f2d.o ABSOLUTE
    ../../faddsub.s                          0x00000000   Number         0  faddsub_clz.o ABSOLUTE
    ../../fdiv.s                             0x00000000   Number         0  fdiv.o ABSOLUTE
    ../../fenv.c                             0x00000000   Number         0  _rserrno.o ABSOLUTE
    ../../ffix.s                             0x00000000   Number         0  ffix.o ABSOLUTE
    ../../ffixu.s                            0x00000000   Number         0  ffixu.o ABSOLUTE
    ../../fflt.s                             0x00000000   Number         0  fflt_clz.o ABSOLUTE
    ../../fmul.s                             0x00000000   Number         0  fmul.o ABSOLUTE
    ../../fnaninf.s                          0x00000000   Number         0  fnaninf.o ABSOLUTE
    ../../fpinit.s                           0x00000000   Number         0  fpinit.o ABSOLUTE
    ../../fretinf.s                          0x00000000   Number         0  fretinf.o ABSOLUTE
    ../../heapalloc.c                        0x00000000   Number         0  hrguard.o ABSOLUTE
    ../../heapaux.c                          0x00000000   Number         0  heapauxi.o ABSOLUTE
    ../../libinit.s                          0x00000000   Number         0  libshutdown2.o ABSOLUTE
    ../../libinit.s                          0x00000000   Number         0  libshutdown.o ABSOLUTE
    ../../libinit.s                          0x00000000   Number         0  libinit2.o ABSOLUTE
    ../../libinit.s                          0x00000000   Number         0  libinit.o ABSOLUTE
    ../../printf.c                           0x00000000   Number         0  _printf_intcommon.o ABSOLUTE
    ../../printf.c                           0x00000000   Number         0  __2printf.o ABSOLUTE
    ../../printf.c                           0x00000000   Number         0  noretval__2printf.o ABSOLUTE
    ../../printf.c                           0x00000000   Number         0  __printf.o ABSOLUTE
    ../../printf.c                           0x00000000   Number         0  _printf_hex_int.o ABSOLUTE
    ../../printf.c                           0x00000000   Number         0  _printf_hex_int_ll.o ABSOLUTE
    ../../printf.c                           0x00000000   Number         0  _printf_hex_ptr.o ABSOLUTE
    ../../printf.c                           0x00000000   Number         0  _printf_hex_int_ptr.o ABSOLUTE
    ../../printf.c                           0x00000000   Number         0  _printf_hex_ll_ptr.o ABSOLUTE
    ../../printf.c                           0x00000000   Number         0  _printf_hex_int_ll_ptr.o ABSOLUTE
    ../../printf.c                           0x00000000   Number         0  __printf_flags.o ABSOLUTE
    ../../printf.c                           0x00000000   Number         0  __printf_ss.o ABSOLUTE
    ../../printf.c                           0x00000000   Number         0  __printf_flags_ss.o ABSOLUTE
    ../../printf.c                           0x00000000   Number         0  __printf_wp.o ABSOLUTE
    ../../printf.c                           0x00000000   Number         0  __printf_flags_wp.o ABSOLUTE
    ../../printf.c                           0x00000000   Number         0  __printf_ss_wp.o ABSOLUTE
    ../../printf.c                           0x00000000   Number         0  __printf_flags_ss_wp.o ABSOLUTE
    ../../printf.c                           0x00000000   Number         0  _printf_hex_ll.o ABSOLUTE
    ../../printf.c                           0x00000000   Number         0  __printf_nopercent.o ABSOLUTE
    ../../printf.c                           0x00000000   Number         0  _printf_char_common.o ABSOLUTE
    ../../printf.c                           0x00000000   Number         0  _printf_char_file.o ABSOLUTE
    ../../printf_percent.s                   0x00000000   Number         0  _printf_percent.o ABSOLUTE
    ../../printf_percent.s                   0x00000000   Number         0  _printf_percent_end.o ABSOLUTE
    ../../printf_percent.s                   0x00000000   Number         0  _printf_x.o ABSOLUTE
    ../../signal.c                           0x00000000   Number         0  defsig_rtmem_outer.o ABSOLUTE
    ../../signal.c                           0x00000000   Number         0  defsig_segv_inner.o ABSOLUTE
    ../../signal.c                           0x00000000   Number         0  defsig_cppl_inner.o ABSOLUTE
    ../../signal.c                           0x00000000   Number         0  defsig_pvfn_inner.o ABSOLUTE
    ../../signal.c                           0x00000000   Number         0  defsig_stak_inner.o ABSOLUTE
    ../../signal.c                           0x00000000   Number         0  defsig_rtred_inner.o ABSOLUTE
    ../../signal.c                           0x00000000   Number         0  defsig_abrt_inner.o ABSOLUTE
    ../../signal.c                           0x00000000   Number         0  defsig_general.o ABSOLUTE
    ../../signal.c                           0x00000000   Number         0  __raise.o ABSOLUTE
    ../../signal.c                           0x00000000   Number         0  defsig_rtmem_inner.o ABSOLUTE
    ../../signal.c                           0x00000000   Number         0  defsig_exit.o ABSOLUTE
    ../../signal.c                           0x00000000   Number         0  defsig_fpe_inner.o ABSOLUTE
    ../../signal.c                           0x00000000   Number         0  defsig_other.o ABSOLUTE
    ../../signal.c                           0x00000000   Number         0  defsig_rtmem_formal.o ABSOLUTE
    ../../signal.s                           0x00000000   Number         0  defsig.o ABSOLUTE
    ../../sqrt.c                             0x00000000   Number         0  sqrt.o ABSOLUTE
    ../../sqrt.c                             0x00000000   Number         0  sqrt_x.o ABSOLUTE
    ../../stdio.c                            0x00000000   Number         0  ferror_locked.o ABSOLUTE
    ../../stdio.c                            0x00000000   Number         0  ferror.o ABSOLUTE
    ../../stdlib.c                           0x00000000   Number         0  exit.o ABSOLUTE
    ../../usenofp.s                          0x00000000   Number         0  usenofp.o ABSOLUTE
    ..\CORE\core_cm3.c                       0x00000000   Number         0  core_cm3.o ABSOLUTE
    ..\CORE\startup_stm32f10x_hd.s           0x00000000   Number         0  startup_stm32f10x_hd.o ABSOLUTE
    ..\HARDWARE\24CXX\24cxx.c                0x00000000   Number         0  24cxx.o ABSOLUTE
    ..\HARDWARE\ADC\adc.c                    0x00000000   Number         0  adc.o ABSOLUTE
    ..\HARDWARE\BEEP\beep.c                  0x00000000   Number         0  beep.o ABSOLUTE
    ..\HARDWARE\IIC\myiic.c                  0x00000000   Number         0  myiic.o ABSOLUTE
    ..\HARDWARE\KEY\key.c                    0x00000000   Number         0  key.o ABSOLUTE
    ..\HARDWARE\LCD\lcd.c                    0x00000000   Number         0  lcd.o ABSOLUTE
    ..\HARDWARE\LED\led.c                    0x00000000   Number         0  led.o ABSOLUTE
    ..\HARDWARE\TOUCH\touch.c                0x00000000   Number         0  touch.o ABSOLUTE
    ..\HARDWARE\task\task.c                  0x00000000   Number         0  task.o ABSOLUTE
    ..\STM32F10x_FWLib\src\misc.c            0x00000000   Number         0  misc.o ABSOLUTE
    ..\STM32F10x_FWLib\src\stm32f10x_adc.c   0x00000000   Number         0  stm32f10x_adc.o ABSOLUTE
    ..\STM32F10x_FWLib\src\stm32f10x_dac.c   0x00000000   Number         0  stm32f10x_dac.o ABSOLUTE
    ..\STM32F10x_FWLib\src\stm32f10x_dbgmcu.c 0x00000000   Number         0  stm32f10x_dbgmcu.o ABSOLUTE
    ..\STM32F10x_FWLib\src\stm32f10x_dma.c   0x00000000   Number         0  stm32f10x_dma.o ABSOLUTE
    ..\STM32F10x_FWLib\src\stm32f10x_exti.c  0x00000000   Number         0  stm32f10x_exti.o ABSOLUTE
    ..\STM32F10x_FWLib\src\stm32f10x_flash.c 0x00000000   Number         0  stm32f10x_flash.o ABSOLUTE
    ..\STM32F10x_FWLib\src\stm32f10x_fsmc.c  0x00000000   Number         0  stm32f10x_fsmc.o ABSOLUTE
    ..\STM32F10x_FWLib\src\stm32f10x_gpio.c  0x00000000   Number         0  stm32f10x_gpio.o ABSOLUTE
    ..\STM32F10x_FWLib\src\stm32f10x_i2c.c   0x00000000   Number         0  stm32f10x_i2c.o ABSOLUTE
    ..\STM32F10x_FWLib\src\stm32f10x_iwdg.c  0x00000000   Number         0  stm32f10x_iwdg.o ABSOLUTE
    ..\STM32F10x_FWLib\src\stm32f10x_pwr.c   0x00000000   Number         0  stm32f10x_pwr.o ABSOLUTE
    ..\STM32F10x_FWLib\src\stm32f10x_rcc.c   0x00000000   Number         0  stm32f10x_rcc.o ABSOLUTE
    ..\STM32F10x_FWLib\src\stm32f10x_rtc.c   0x00000000   Number         0  stm32f10x_rtc.o ABSOLUTE
    ..\STM32F10x_FWLib\src\stm32f10x_sdio.c  0x00000000   Number         0  stm32f10x_sdio.o ABSOLUTE
    ..\STM32F10x_FWLib\src\stm32f10x_spi.c   0x00000000   Number         0  stm32f10x_spi.o ABSOLUTE
    ..\STM32F10x_FWLib\src\stm32f10x_tim.c   0x00000000   Number         0  stm32f10x_tim.o ABSOLUTE
    ..\STM32F10x_FWLib\src\stm32f10x_usart.c 0x00000000   Number         0  stm32f10x_usart.o ABSOLUTE
    ..\STM32F10x_FWLib\src\stm32f10x_wwdg.c  0x00000000   Number         0  stm32f10x_wwdg.o ABSOLUTE
    ..\SYSTEM\delay\delay.c                  0x00000000   Number         0  delay.o ABSOLUTE
    ..\SYSTEM\sys\sys.c                      0x00000000   Number         0  sys.o ABSOLUTE
    ..\SYSTEM\usart\usart.c                  0x00000000   Number         0  usart.o ABSOLUTE
    ..\UCOSII\CORE\os_core.c                 0x00000000   Number         0  os_core.o ABSOLUTE
    ..\UCOSII\CORE\os_flag.c                 0x00000000   Number         0  os_flag.o ABSOLUTE
    ..\UCOSII\CORE\os_mbox.c                 0x00000000   Number         0  os_mbox.o ABSOLUTE
    ..\UCOSII\CORE\os_mem.c                  0x00000000   Number         0  os_mem.o ABSOLUTE
    ..\UCOSII\CORE\os_mutex.c                0x00000000   Number         0  os_mutex.o ABSOLUTE
    ..\UCOSII\CORE\os_q.c                    0x00000000   Number         0  os_q.o ABSOLUTE
    ..\UCOSII\CORE\os_sem.c                  0x00000000   Number         0  os_sem.o ABSOLUTE
    ..\UCOSII\CORE\os_task.c                 0x00000000   Number         0  os_task.o ABSOLUTE
    ..\UCOSII\CORE\os_time.c                 0x00000000   Number         0  os_time.o ABSOLUTE
    ..\UCOSII\CORE\os_tmr.c                  0x00000000   Number         0  os_tmr.o ABSOLUTE
    ..\UCOSII\PORT\os_cpu_a.asm              0x00000000   Number         0  os_cpu_a.o ABSOLUTE
    ..\UCOSII\PORT\os_cpu_c.c                0x00000000   Number         0  os_cpu_c.o ABSOLUTE
    ..\UCOSII\PORT\os_dbg.c                  0x00000000   Number         0  os_dbg.o ABSOLUTE
    ..\\CORE\\core_cm3.c                     0x00000000   Number         0  core_cm3.o ABSOLUTE
    dc.s                                     0x00000000   Number         0  dc.o ABSOLUTE
    main.c                                   0x00000000   Number         0  main.o ABSOLUTE
    stm32f10x_it.c                           0x00000000   Number         0  stm32f10x_it.o ABSOLUTE
    system_stm32f10x.c                       0x00000000   Number         0  system_stm32f10x.o ABSOLUTE
    RESET                                    0x08000000   Section      304  startup_stm32f10x_hd.o(RESET)
    !!!main                                  0x08000130   Section        8  __main.o(!!!main)
    !!!scatter                               0x08000138   Section       52  __scatter.o(!!!scatter)
    !!handler_copy                           0x0800016c   Section       26  __scatter_copy.o(!!handler_copy)
    !!handler_zi                             0x08000188   Section       28  __scatter_zi.o(!!handler_zi)
    .ARM.Collect$$libinit$$00000000          0x080001a4   Section        6  libinit.o(.ARM.Collect$$libinit$$00000000)
    .ARM.Collect$$libinit$$00000006          0x080001aa   Section        0  libinit2.o(.ARM.Collect$$libinit$$00000006)
    .ARM.Collect$$libinit$$00000008          0x080001aa   Section        0  libinit2.o(.ARM.Collect$$libinit$$00000008)
    .ARM.Collect$$libinit$$0000000A          0x080001aa   Section        0  libinit2.o(.ARM.Collect$$libinit$$0000000A)
    .ARM.Collect$$libinit$$0000000D          0x080001aa   Section        0  libinit2.o(.ARM.Collect$$libinit$$0000000D)
    .ARM.Collect$$libinit$$0000000F          0x080001aa   Section        0  libinit2.o(.ARM.Collect$$libinit$$0000000F)
    .ARM.Collect$$libinit$$00000011          0x080001aa   Section        0  libinit2.o(.ARM.Collect$$libinit$$00000011)
    .ARM.Collect$$libinit$$00000013          0x080001aa   Section        0  libinit2.o(.ARM.Collect$$libinit$$00000013)
    .ARM.Collect$$libinit$$00000015          0x080001aa   Section        0  libinit2.o(.ARM.Collect$$libinit$$00000015)
    .ARM.Collect$$libinit$$00000017          0x080001aa   Section        0  libinit2.o(.ARM.Collect$$libinit$$00000017)
    .ARM.Collect$$libinit$$00000019          0x080001aa   Section        0  libinit2.o(.ARM.Collect$$libinit$$00000019)
    .ARM.Collect$$libinit$$0000001B          0x080001aa   Section        0  libinit2.o(.ARM.Collect$$libinit$$0000001B)
    .ARM.Collect$$libinit$$0000001D          0x080001aa   Section        0  libinit2.o(.ARM.Collect$$libinit$$0000001D)
    .ARM.Collect$$libinit$$0000001F          0x080001aa   Section        0  libinit2.o(.ARM.Collect$$libinit$$0000001F)
    .ARM.Collect$$libinit$$00000021          0x080001aa   Section        0  libinit2.o(.ARM.Collect$$libinit$$00000021)
    .ARM.Collect$$libinit$$00000028          0x080001aa   Section        0  libinit2.o(.ARM.Collect$$libinit$$00000028)
    .ARM.Collect$$libinit$$0000002A          0x080001aa   Section        0  libinit2.o(.ARM.Collect$$libinit$$0000002A)
    .ARM.Collect$$libinit$$0000002C          0x080001aa   Section        0  libinit2.o(.ARM.Collect$$libinit$$0000002C)
    .ARM.Collect$$libinit$$0000002E          0x080001aa   Section        0  libinit2.o(.ARM.Collect$$libinit$$0000002E)
    .ARM.Collect$$libinit$$0000002F          0x080001aa   Section        2  libinit2.o(.ARM.Collect$$libinit$$0000002F)
    .ARM.Collect$$libshutdown$$00000000      0x080001ac   Section        2  libshutdown.o(.ARM.Collect$$libshutdown$$00000000)
    .ARM.Collect$$libshutdown$$00000003      0x080001ae   Section        0  libshutdown2.o(.ARM.Collect$$libshutdown$$00000003)
    .ARM.Collect$$libshutdown$$00000006      0x080001ae   Section        0  libshutdown2.o(.ARM.Collect$$libshutdown$$00000006)
    .ARM.Collect$$libshutdown$$00000009      0x080001ae   Section        0  libshutdown2.o(.ARM.Collect$$libshutdown$$00000009)
    .ARM.Collect$$libshutdown$$0000000B      0x080001ae   Section        0  libshutdown2.o(.ARM.Collect$$libshutdown$$0000000B)
    .ARM.Collect$$libshutdown$$0000000E      0x080001ae   Section        0  libshutdown2.o(.ARM.Collect$$libshutdown$$0000000E)
    .ARM.Collect$$libshutdown$$0000000F      0x080001ae   Section        2  libshutdown2.o(.ARM.Collect$$libshutdown$$0000000F)
    .ARM.Collect$$rtentry$$00000000          0x080001b0   Section        0  rtentry.o(.ARM.Collect$$rtentry$$00000000)
    .ARM.Collect$$rtentry$$00000002          0x080001b0   Section        0  rtentry2.o(.ARM.Collect$$rtentry$$00000002)
    .ARM.Collect$$rtentry$$00000004          0x080001b0   Section        6  rtentry4.o(.ARM.Collect$$rtentry$$00000004)
    .ARM.Collect$$rtentry$$00000009          0x080001b6   Section        0  rtentry2.o(.ARM.Collect$$rtentry$$00000009)
    .ARM.Collect$$rtentry$$0000000A          0x080001b6   Section        4  rtentry2.o(.ARM.Collect$$rtentry$$0000000A)
    .ARM.Collect$$rtentry$$0000000C          0x080001ba   Section        0  rtentry2.o(.ARM.Collect$$rtentry$$0000000C)
    .ARM.Collect$$rtentry$$0000000D          0x080001ba   Section        8  rtentry2.o(.ARM.Collect$$rtentry$$0000000D)
    .ARM.Collect$$rtexit$$00000000           0x080001c2   Section        2  rtexit.o(.ARM.Collect$$rtexit$$00000000)
    .ARM.Collect$$rtexit$$00000002           0x080001c4   Section        0  rtexit2.o(.ARM.Collect$$rtexit$$00000002)
    .ARM.Collect$$rtexit$$00000003           0x080001c4   Section        4  rtexit2.o(.ARM.Collect$$rtexit$$00000003)
    .ARM.Collect$$rtexit$$00000004           0x080001c8   Section        6  rtexit2.o(.ARM.Collect$$rtexit$$00000004)
    .text                                    0x080001d0   Section        0  main.o(.text)
    .text                                    0x08000944   Section        0  stm32f10x_it.o(.text)
    .text                                    0x0800095c   Section        0  system_stm32f10x.o(.text)
    SetSysClockTo72                          0x0800095d   Thumb Code   192  system_stm32f10x.o(.text)
    SetSysClock                              0x08000a1d   Thumb Code     8  system_stm32f10x.o(.text)
    .text                                    0x08000b24   Section        0  adc.o(.text)
    .text                                    0x08000de8   Section        0  task.o(.text)
    .text                                    0x08001040   Section        0  delay.o(.text)
    .text                                    0x08001154   Section        0  sys.o(.text)
    .text                                    0x08001160   Section        0  usart.o(.text)
    .text                                    0x080012a8   Section       64  startup_stm32f10x_hd.o(.text)
    .text                                    0x080012e8   Section        0  misc.o(.text)
    .text                                    0x080013e0   Section        0  stm32f10x_gpio.o(.text)
    .text                                    0x08001738   Section        0  stm32f10x_rcc.o(.text)
    .text                                    0x08001adc   Section        0  stm32f10x_usart.o(.text)
    .text                                    0x08001ee8   Section        0  stm32f10x_adc.o(.text)
    .text                                    0x08002328   Section        0  os_core.o(.text)
    OS_InitTaskStat                          0x080023d3   Thumb Code    56  os_core.o(.text)
    OS_InitTaskIdle                          0x0800242d   Thumb Code    56  os_core.o(.text)
    OS_InitEventList                         0x08002477   Thumb Code    74  os_core.o(.text)
    OS_InitTCBList                           0x080024c1   Thumb Code   106  os_core.o(.text)
    OS_InitRdyList                           0x0800252b   Thumb Code    44  os_core.o(.text)
    OS_InitMisc                              0x08002557   Thumb Code    44  os_core.o(.text)
    OS_SchedNew                              0x080025cb   Thumb Code    26  os_core.o(.text)
    .text                                    0x08002bec   Section        0  os_flag.o(.text)
    OS_FlagTaskRdy                           0x08002d73   Thumb Code    96  os_flag.o(.text)
    OS_FlagBlock                             0x08002f3b   Thumb Code   168  os_flag.o(.text)
    .text                                    0x08003444   Section        0  os_q.o(.text)
    .text                                    0x08003a2c   Section        0  os_sem.o(.text)
    .text                                    0x08003db8   Section        0  os_task.o(.text)
    .text                                    0x080045a0   Section        0  os_time.o(.text)
    .text                                    0x08004760   Section      180  os_cpu_a.o(.text)
    .text                                    0x08004814   Section        0  os_cpu_c.o(.text)
    .text                                    0x080048c2   Section        2  use_no_semi_2.o(.text)
    .text                                    0x080048c4   Section        0  heapauxi.o(.text)
    .text                                    0x080048ca   Section        2  use_no_semi.o(.text)
    .text                                    0x080048cc   Section        8  libspace.o(.text)
    .text                                    0x080048d4   Section       74  sys_stackheap_outer.o(.text)
    .text                                    0x0800491e   Section        0  exit.o(.text)
    .text                                    0x0800492c   Section       12  rt_fp_status_addr_intlibspace.o(.text)
    x$fpl$fpinit                             0x08004938   Section       14  fpinit.o(x$fpl$fpinit)
    .constdata                               0x08004946   Section      256  os_core.o(.constdata)
    .data                                    0x20000000   Section       37  main.o(.data)
    .data                                    0x20000028   Section       20  system_stm32f10x.o(.data)
    .data                                    0x2000003c   Section        4  delay.o(.data)
    fac_us                                   0x2000003c   Data           1  delay.o(.data)
    fac_ms                                   0x2000003e   Data           2  delay.o(.data)
    .data                                    0x20000040   Section        8  usart.o(.data)
    .data                                    0x20000048   Section       20  stm32f10x_rcc.o(.data)
    APBAHBPrescTable                         0x20000048   Data          16  stm32f10x_rcc.o(.data)
    ADCPrescTable                            0x20000058   Data           4  stm32f10x_rcc.o(.data)
    .data                                    0x2000005c   Section       72  os_core.o(.data)
    .bss                                     0x200000a4   Section     4608  main.o(.bss)
    .bss                                     0x200012a4   Section      200  usart.o(.bss)
    .bss                                     0x2000136c   Section     2688  os_core.o(.bss)
    .bss                                     0x20001dec   Section       96  libspace.o(.bss)
    HEAP                                     0x20001e50   Section      512  startup_stm32f10x_hd.o(HEAP)
    Heap_Mem                                 0x20001e50   Data         512  startup_stm32f10x_hd.o(HEAP)
    STACK                                    0x20002050   Section     1024  startup_stm32f10x_hd.o(STACK)
    Stack_Mem                                0x20002050   Data        1024  startup_stm32f10x_hd.o(STACK)
    __initial_sp                             0x20002450   Data           0  startup_stm32f10x_hd.o(STACK)

    Global Symbols

    Symbol Name                              Value     Ov Type        Size  Object(Section)

    BuildAttributes$$THM_ISAv4$P$D$K$B$S$PE$A:L22UL41UL21$X:L11$S22US41US21$IEEE1$IW$USESV6$~STKCKD$USESV7$~SHL$OTIME$ROPI$IEEEJ$EBA8$UX$STANDARDLIB$REQ8$PRES8$EABIv2 0x00000000   Number         0  anon$$obj.o ABSOLUTE
    __ARM_use_no_argv                        0x00000000   Number         0  main.o ABSOLUTE
    __ARM_exceptions_init                     - Undefined Weak Reference
    __alloca_initialize                       - Undefined Weak Reference
    __cpp_initialize__aeabi_                  - Undefined Weak Reference
    __cxa_finalize                            - Undefined Weak Reference
    __rt_locale                               - Undefined Weak Reference
    __sigvec_lookup                           - Undefined Weak Reference
    _atexit_init                              - Undefined Weak Reference
    _call_atexit_fns                          - Undefined Weak Reference
    _clock_init                               - Undefined Weak Reference
    _fp_trap_init                             - Undefined Weak Reference
    _fp_trap_shutdown                         - Undefined Weak Reference
    _get_lc_collate                           - Undefined Weak Reference
    _get_lc_ctype                             - Undefined Weak Reference
    _get_lc_monetary                          - Undefined Weak Reference
    _get_lc_numeric                           - Undefined Weak Reference
    _get_lc_time                              - Undefined Weak Reference
    _getenv_init                              - Undefined Weak Reference
    _handle_redirection                       - Undefined Weak Reference
    _init_alloc                               - Undefined Weak Reference
    _init_user_alloc                          - Undefined Weak Reference
    _initio                                   - Undefined Weak Reference
    _mutex_acquire                            - Undefined Weak Reference
    _mutex_release                            - Undefined Weak Reference
    _printf_post_padding                      - Undefined Weak Reference
    _printf_pre_padding                       - Undefined Weak Reference
    _printf_truncate_unsigned                 - Undefined Weak Reference
    _rand_init                                - Undefined Weak Reference
    _signal_finish                            - Undefined Weak Reference
    _signal_init                              - Undefined Weak Reference
    _terminate_alloc                          - Undefined Weak Reference
    _terminate_user_alloc                     - Undefined Weak Reference
    _terminateio                              - Undefined Weak Reference
    __Vectors_Size                           0x00000130   Number         0  startup_stm32f10x_hd.o ABSOLUTE
    __Vectors                                0x08000000   Data           4  startup_stm32f10x_hd.o(RESET)
    __Vectors_End                            0x08000130   Data           0  startup_stm32f10x_hd.o(RESET)
    __main                                   0x08000131   Thumb Code     8  __main.o(!!!main)
    __scatterload                            0x08000139   Thumb Code     0  __scatter.o(!!!scatter)
    __scatterload_rt2                        0x08000139   Thumb Code    44  __scatter.o(!!!scatter)
    __scatterload_rt2_thumb_only             0x08000139   Thumb Code     0  __scatter.o(!!!scatter)
    __scatterload_null                       0x08000147   Thumb Code     0  __scatter.o(!!!scatter)
    __scatterload_copy                       0x0800016d   Thumb Code    26  __scatter_copy.o(!!handler_copy)
    __scatterload_zeroinit                   0x08000189   Thumb Code    28  __scatter_zi.o(!!handler_zi)
    __rt_lib_init                            0x080001a5   Thumb Code     0  libinit.o(.ARM.Collect$$libinit$$00000000)
    __rt_lib_init_alloca_1                   0x080001ab   Thumb Code     0  libinit2.o(.ARM.Collect$$libinit$$0000002A)
    __rt_lib_init_argv_1                     0x080001ab   Thumb Code     0  libinit2.o(.ARM.Collect$$libinit$$00000028)
    __rt_lib_init_atexit_1                   0x080001ab   Thumb Code     0  libinit2.o(.ARM.Collect$$libinit$$00000017)
    __rt_lib_init_clock_1                    0x080001ab   Thumb Code     0  libinit2.o(.ARM.Collect$$libinit$$0000001D)
    __rt_lib_init_cpp_1                      0x080001ab   Thumb Code     0  libinit2.o(.ARM.Collect$$libinit$$0000002E)
    __rt_lib_init_exceptions_1               0x080001ab   Thumb Code     0  libinit2.o(.ARM.Collect$$libinit$$0000002C)
    __rt_lib_init_fp_trap_1                  0x080001ab   Thumb Code     0  libinit2.o(.ARM.Collect$$libinit$$0000001B)
    __rt_lib_init_getenv_1                   0x080001ab   Thumb Code     0  libinit2.o(.ARM.Collect$$libinit$$0000001F)
    __rt_lib_init_heap_1                     0x080001ab   Thumb Code     0  libinit2.o(.ARM.Collect$$libinit$$00000006)
    __rt_lib_init_lc_collate_1               0x080001ab   Thumb Code     0  libinit2.o(.ARM.Collect$$libinit$$0000000D)
    __rt_lib_init_lc_ctype_1                 0x080001ab   Thumb Code     0  libinit2.o(.ARM.Collect$$libinit$$0000000F)
    __rt_lib_init_lc_monetary_1              0x080001ab   Thumb Code     0  libinit2.o(.ARM.Collect$$libinit$$00000011)
    __rt_lib_init_lc_numeric_1               0x080001ab   Thumb Code     0  libinit2.o(.ARM.Collect$$libinit$$00000013)
    __rt_lib_init_lc_time_1                  0x080001ab   Thumb Code     0  libinit2.o(.ARM.Collect$$libinit$$00000015)
    __rt_lib_init_rand_1                     0x080001ab   Thumb Code     0  libinit2.o(.ARM.Collect$$libinit$$0000000A)
    __rt_lib_init_return                     0x080001ab   Thumb Code     0  libinit2.o(.ARM.Collect$$libinit$$0000002F)
    __rt_lib_init_signal_1                   0x080001ab   Thumb Code     0  libinit2.o(.ARM.Collect$$libinit$$00000019)
    __rt_lib_init_stdio_1                    0x080001ab   Thumb Code     0  libinit2.o(.ARM.Collect$$libinit$$00000021)
    __rt_lib_init_user_alloc_1               0x080001ab   Thumb Code     0  libinit2.o(.ARM.Collect$$libinit$$00000008)
    __rt_lib_shutdown                        0x080001ad   Thumb Code     0  libshutdown.o(.ARM.Collect$$libshutdown$$00000000)
    __rt_lib_shutdown_fp_trap_1              0x080001af   Thumb Code     0  libshutdown2.o(.ARM.Collect$$libshutdown$$00000006)
    __rt_lib_shutdown_heap_1                 0x080001af   Thumb Code     0  libshutdown2.o(.ARM.Collect$$libshutdown$$0000000E)
    __rt_lib_shutdown_return                 0x080001af   Thumb Code     0  libshutdown2.o(.ARM.Collect$$libshutdown$$0000000F)
    __rt_lib_shutdown_signal_1               0x080001af   Thumb Code     0  libshutdown2.o(.ARM.Collect$$libshutdown$$00000009)
    __rt_lib_shutdown_stdio_1                0x080001af   Thumb Code     0  libshutdown2.o(.ARM.Collect$$libshutdown$$00000003)
    __rt_lib_shutdown_user_alloc_1           0x080001af   Thumb Code     0  libshutdown2.o(.ARM.Collect$$libshutdown$$0000000B)
    __rt_entry                               0x080001b1   Thumb Code     0  rtentry.o(.ARM.Collect$$rtentry$$00000000)
    __rt_entry_presh_1                       0x080001b1   Thumb Code     0  rtentry2.o(.ARM.Collect$$rtentry$$00000002)
    __rt_entry_sh                            0x080001b1   Thumb Code     0  rtentry4.o(.ARM.Collect$$rtentry$$00000004)
    __rt_entry_li                            0x080001b7   Thumb Code     0  rtentry2.o(.ARM.Collect$$rtentry$$0000000A)
    __rt_entry_postsh_1                      0x080001b7   Thumb Code     0  rtentry2.o(.ARM.Collect$$rtentry$$00000009)
    __rt_entry_main                          0x080001bb   Thumb Code     0  rtentry2.o(.ARM.Collect$$rtentry$$0000000D)
    __rt_entry_postli_1                      0x080001bb   Thumb Code     0  rtentry2.o(.ARM.Collect$$rtentry$$0000000C)
    __rt_exit                                0x080001c3   Thumb Code     0  rtexit.o(.ARM.Collect$$rtexit$$00000000)
    __rt_exit_ls                             0x080001c5   Thumb Code     0  rtexit2.o(.ARM.Collect$$rtexit$$00000003)
    __rt_exit_prels_1                        0x080001c5   Thumb Code     0  rtexit2.o(.ARM.Collect$$rtexit$$00000002)
    __rt_exit_exit                           0x080001c9   Thumb Code     0  rtexit2.o(.ARM.Collect$$rtexit$$00000004)
    key_task                                 0x080001d1   Thumb Code   116  main.o(.text)
    sd1                                      0x08000245   Thumb Code   136  main.o(.text)
    sc1                                      0x080002cd   Thumb Code   224  main.o(.text)
    sb1                                      0x080003ad   Thumb Code   136  main.o(.text)
    sa1                                      0x08000435   Thumb Code   224  main.o(.text)
    sd                                       0x08000515   Thumb Code   128  main.o(.text)
    sc                                       0x08000595   Thumb Code   226  main.o(.text)
    sb                                       0x08000677   Thumb Code   174  main.o(.text)
    sa                                       0x08000725   Thumb Code   178  main.o(.text)
    start_task                               0x080007d7   Thumb Code   238  main.o(.text)
    main                                     0x080008c5   Thumb Code    44  main.o(.text)
    NMI_Handler                              0x08000945   Thumb Code     2  stm32f10x_it.o(.text)
    HardFault_Handler                        0x08000947   Thumb Code     4  stm32f10x_it.o(.text)
    MemManage_Handler                        0x0800094b   Thumb Code     4  stm32f10x_it.o(.text)
    BusFault_Handler                         0x0800094f   Thumb Code     4  stm32f10x_it.o(.text)
    UsageFault_Handler                       0x08000953   Thumb Code     4  stm32f10x_it.o(.text)
    SVC_Handler                              0x08000957   Thumb Code     2  stm32f10x_it.o(.text)
    DebugMon_Handler                         0x08000959   Thumb Code     2  stm32f10x_it.o(.text)
    SystemInit                               0x08000a25   Thumb Code    78  system_stm32f10x.o(.text)
    SystemCoreClockUpdate                    0x08000a73   Thumb Code   142  system_stm32f10x.o(.text)
    Adc_Init                                 0x08000b25   Thumb Code   436  adc.o(.text)
    Get_Adc1                                 0x08000cd9   Thumb Code    46  adc.o(.text)
    Get_Adc2                                 0x08000d07   Thumb Code    46  adc.o(.text)
    deinit                                   0x08000d35   Thumb Code   154  adc.o(.text)
    bf_c                                     0x08000de9   Thumb Code    46  task.o(.text)
    bg_c                                     0x08000e17   Thumb Code    48  task.o(.text)
    bfg_c                                    0x08000e47   Thumb Code    56  task.o(.text)
    bf_a                                     0x08000e7f   Thumb Code    46  task.o(.text)
    bg_a                                     0x08000ead   Thumb Code    48  task.o(.text)
    bfg_a                                    0x08000edd   Thumb Code    56  task.o(.text)
    bf_c1                                    0x08000f15   Thumb Code    46  task.o(.text)
    bg_c1                                    0x08000f43   Thumb Code    48  task.o(.text)
    bfg_c1                                   0x08000f73   Thumb Code    56  task.o(.text)
    bf_a1                                    0x08000fab   Thumb Code    46  task.o(.text)
    bg_a1                                    0x08000fd9   Thumb Code    48  task.o(.text)
    bfg_a1                                   0x08001009   Thumb Code    56  task.o(.text)
    SysTick_Handler                          0x08001041   Thumb Code    16  delay.o(.text)
    delay_init                               0x08001051   Thumb Code    76  delay.o(.text)
    delay_us                                 0x0800109d   Thumb Code    70  delay.o(.text)
    delay_ms                                 0x080010e3   Thumb Code    62  delay.o(.text)
    nodelay_ms                               0x08001121   Thumb Code    32  delay.o(.text)
    NVIC_Configuration                       0x08001155   Thumb Code    12  sys.o(.text)
    _sys_exit                                0x08001161   Thumb Code     6  usart.o(.text)
    fputc                                    0x08001167   Thumb Code    20  usart.o(.text)
    uart_init                                0x0800117b   Thumb Code   152  usart.o(.text)
    USART1_IRQHandler                        0x08001213   Thumb Code   130  usart.o(.text)
    Reset_Handler                            0x080012a9   Thumb Code     8  startup_stm32f10x_hd.o(.text)
    ADC1_2_IRQHandler                        0x080012c3   Thumb Code     0  startup_stm32f10x_hd.o(.text)
    ADC3_IRQHandler                          0x080012c3   Thumb Code     0  startup_stm32f10x_hd.o(.text)
    CAN1_RX1_IRQHandler                      0x080012c3   Thumb Code     0  startup_stm32f10x_hd.o(.text)
    CAN1_SCE_IRQHandler                      0x080012c3   Thumb Code     0  startup_stm32f10x_hd.o(.text)
    DMA1_Channel1_IRQHandler                 0x080012c3   Thumb Code     0  startup_stm32f10x_hd.o(.text)
    DMA1_Channel2_IRQHandler                 0x080012c3   Thumb Code     0  startup_stm32f10x_hd.o(.text)
    DMA1_Channel3_IRQHandler                 0x080012c3   Thumb Code     0  startup_stm32f10x_hd.o(.text)
    DMA1_Channel4_IRQHandler                 0x080012c3   Thumb Code     0  startup_stm32f10x_hd.o(.text)
    DMA1_Channel5_IRQHandler                 0x080012c3   Thumb Code     0  startup_stm32f10x_hd.o(.text)
    DMA1_Channel6_IRQHandler                 0x080012c3   Thumb Code     0  startup_stm32f10x_hd.o(.text)
    DMA1_Channel7_IRQHandler                 0x080012c3   Thumb Code     0  startup_stm32f10x_hd.o(.text)
    DMA2_Channel1_IRQHandler                 0x080012c3   Thumb Code     0  startup_stm32f10x_hd.o(.text)
    DMA2_Channel2_IRQHandler                 0x080012c3   Thumb Code     0  startup_stm32f10x_hd.o(.text)
    DMA2_Channel3_IRQHandler                 0x080012c3   Thumb Code     0  startup_stm32f10x_hd.o(.text)
    DMA2_Channel4_5_IRQHandler               0x080012c3   Thumb Code     0  startup_stm32f10x_hd.o(.text)
    EXTI0_IRQHandler                         0x080012c3   Thumb Code     0  startup_stm32f10x_hd.o(.text)
    EXTI15_10_IRQHandler                     0x080012c3   Thumb Code     0  startup_stm32f10x_hd.o(.text)
    EXTI1_IRQHandler                         0x080012c3   Thumb Code     0  startup_stm32f10x_hd.o(.text)
    EXTI2_IRQHandler                         0x080012c3   Thumb Code     0  startup_stm32f10x_hd.o(.text)
    EXTI3_IRQHandler                         0x080012c3   Thumb Code     0  startup_stm32f10x_hd.o(.text)
    EXTI4_IRQHandler                         0x080012c3   Thumb Code     0  startup_stm32f10x_hd.o(.text)
    EXTI9_5_IRQHandler                       0x080012c3   Thumb Code     0  startup_stm32f10x_hd.o(.text)
    FLASH_IRQHandler                         0x080012c3   Thumb Code     0  startup_stm32f10x_hd.o(.text)
    FSMC_IRQHandler                          0x080012c3   Thumb Code     0  startup_stm32f10x_hd.o(.text)
    I2C1_ER_IRQHandler                       0x080012c3   Thumb Code     0  startup_stm32f10x_hd.o(.text)
    I2C1_EV_IRQHandler                       0x080012c3   Thumb Code     0  startup_stm32f10x_hd.o(.text)
    I2C2_ER_IRQHandler                       0x080012c3   Thumb Code     0  startup_stm32f10x_hd.o(.text)
    I2C2_EV_IRQHandler                       0x080012c3   Thumb Code     0  startup_stm32f10x_hd.o(.text)
    PVD_IRQHandler                           0x080012c3   Thumb Code     0  startup_stm32f10x_hd.o(.text)
    RCC_IRQHandler                           0x080012c3   Thumb Code     0  startup_stm32f10x_hd.o(.text)
    RTCAlarm_IRQHandler                      0x080012c3   Thumb Code     0  startup_stm32f10x_hd.o(.text)
    RTC_IRQHandler                           0x080012c3   Thumb Code     0  startup_stm32f10x_hd.o(.text)
    SDIO_IRQHandler                          0x080012c3   Thumb Code     0  startup_stm32f10x_hd.o(.text)
    SPI1_IRQHandler                          0x080012c3   Thumb Code     0  startup_stm32f10x_hd.o(.text)
    SPI2_IRQHandler                          0x080012c3   Thumb Code     0  startup_stm32f10x_hd.o(.text)
    SPI3_IRQHandler                          0x080012c3   Thumb Code     0  startup_stm32f10x_hd.o(.text)
    TAMPER_IRQHandler                        0x080012c3   Thumb Code     0  startup_stm32f10x_hd.o(.text)
    TIM1_BRK_IRQHandler                      0x080012c3   Thumb Code     0  startup_stm32f10x_hd.o(.text)
    TIM1_CC_IRQHandler                       0x080012c3   Thumb Code     0  startup_stm32f10x_hd.o(.text)
    TIM1_TRG_COM_IRQHandler                  0x080012c3   Thumb Code     0  startup_stm32f10x_hd.o(.text)
    TIM1_UP_IRQHandler                       0x080012c3   Thumb Code     0  startup_stm32f10x_hd.o(.text)
    TIM2_IRQHandler                          0x080012c3   Thumb Code     0  startup_stm32f10x_hd.o(.text)
    TIM3_IRQHandler                          0x080012c3   Thumb Code     0  startup_stm32f10x_hd.o(.text)
    TIM4_IRQHandler                          0x080012c3   Thumb Code     0  startup_stm32f10x_hd.o(.text)
    TIM5_IRQHandler                          0x080012c3   Thumb Code     0  startup_stm32f10x_hd.o(.text)
    TIM6_IRQHandler                          0x080012c3   Thumb Code     0  startup_stm32f10x_hd.o(.text)
    TIM7_IRQHandler                          0x080012c3   Thumb Code     0  startup_stm32f10x_hd.o(.text)
    TIM8_BRK_IRQHandler                      0x080012c3   Thumb Code     0  startup_stm32f10x_hd.o(.text)
    TIM8_CC_IRQHandler                       0x080012c3   Thumb Code     0  startup_stm32f10x_hd.o(.text)
    TIM8_TRG_COM_IRQHandler                  0x080012c3   Thumb Code     0  startup_stm32f10x_hd.o(.text)
    TIM8_UP_IRQHandler                       0x080012c3   Thumb Code     0  startup_stm32f10x_hd.o(.text)
    UART4_IRQHandler                         0x080012c3   Thumb Code     0  startup_stm32f10x_hd.o(.text)
    UART5_IRQHandler                         0x080012c3   Thumb Code     0  startup_stm32f10x_hd.o(.text)
    USART2_IRQHandler                        0x080012c3   Thumb Code     0  startup_stm32f10x_hd.o(.text)
    USART3_IRQHandler                        0x080012c3   Thumb Code     0  startup_stm32f10x_hd.o(.text)
    USBWakeUp_IRQHandler                     0x080012c3   Thumb Code     0  startup_stm32f10x_hd.o(.text)
    USB_HP_CAN1_TX_IRQHandler                0x080012c3   Thumb Code     0  startup_stm32f10x_hd.o(.text)
    USB_LP_CAN1_RX0_IRQHandler               0x080012c3   Thumb Code     0  startup_stm32f10x_hd.o(.text)
    WWDG_IRQHandler                          0x080012c3   Thumb Code     0  startup_stm32f10x_hd.o(.text)
    __user_initial_stackheap                 0x080012c5   Thumb Code     0  startup_stm32f10x_hd.o(.text)
    NVIC_PriorityGroupConfig                 0x080012e9   Thumb Code    10  misc.o(.text)
    NVIC_Init                                0x080012f3   Thumb Code   118  misc.o(.text)
    NVIC_SetVectorTable                      0x08001369   Thumb Code    12  misc.o(.text)
    NVIC_SystemLPConfig                      0x08001375   Thumb Code    38  misc.o(.text)
    SysTick_CLKSourceConfig                  0x0800139b   Thumb Code    40  misc.o(.text)
    GPIO_DeInit                              0x080013e1   Thumb Code   172  stm32f10x_gpio.o(.text)
    GPIO_AFIODeInit                          0x0800148d   Thumb Code    20  stm32f10x_gpio.o(.text)
    GPIO_Init                                0x080014a1   Thumb Code   274  stm32f10x_gpio.o(.text)
    GPIO_StructInit                          0x080015b3   Thumb Code    16  stm32f10x_gpio.o(.text)
    GPIO_ReadInputDataBit                    0x080015c3   Thumb Code    18  stm32f10x_gpio.o(.text)
    GPIO_ReadInputData                       0x080015d5   Thumb Code     8  stm32f10x_gpio.o(.text)
    GPIO_ReadOutputDataBit                   0x080015dd   Thumb Code    18  stm32f10x_gpio.o(.text)
    GPIO_ReadOutputData                      0x080015ef   Thumb Code     8  stm32f10x_gpio.o(.text)
    GPIO_SetBits                             0x080015f7   Thumb Code     4  stm32f10x_gpio.o(.text)
    GPIO_ResetBits                           0x080015fb   Thumb Code     4  stm32f10x_gpio.o(.text)
    GPIO_WriteBit                            0x080015ff   Thumb Code    10  stm32f10x_gpio.o(.text)
    GPIO_Write                               0x08001609   Thumb Code     4  stm32f10x_gpio.o(.text)
    GPIO_PinLockConfig                       0x0800160d   Thumb Code    18  stm32f10x_gpio.o(.text)
    GPIO_EventOutputConfig                   0x0800161f   Thumb Code    26  stm32f10x_gpio.o(.text)
    GPIO_EventOutputCmd                      0x08001639   Thumb Code     6  stm32f10x_gpio.o(.text)
    GPIO_PinRemapConfig                      0x0800163f   Thumb Code   138  stm32f10x_gpio.o(.text)
    GPIO_EXTILineConfig                      0x080016c9   Thumb Code    66  stm32f10x_gpio.o(.text)
    GPIO_ETH_MediaInterfaceConfig            0x0800170b   Thumb Code     6  stm32f10x_gpio.o(.text)
    RCC_DeInit                               0x08001739   Thumb Code    64  stm32f10x_rcc.o(.text)
    RCC_HSEConfig                            0x08001779   Thumb Code    70  stm32f10x_rcc.o(.text)
    RCC_GetFlagStatus                        0x080017bf   Thumb Code    56  stm32f10x_rcc.o(.text)
    RCC_WaitForHSEStartUp                    0x080017f7   Thumb Code    48  stm32f10x_rcc.o(.text)
    RCC_AdjustHSICalibrationValue            0x08001827   Thumb Code    20  stm32f10x_rcc.o(.text)
    RCC_HSICmd                               0x0800183b   Thumb Code     6  stm32f10x_rcc.o(.text)
    RCC_PLLConfig                            0x08001841   Thumb Code    24  stm32f10x_rcc.o(.text)
    RCC_PLLCmd                               0x08001859   Thumb Code     6  stm32f10x_rcc.o(.text)
    RCC_SYSCLKConfig                         0x0800185f   Thumb Code    18  stm32f10x_rcc.o(.text)
    RCC_GetSYSCLKSource                      0x08001871   Thumb Code    10  stm32f10x_rcc.o(.text)
    RCC_HCLKConfig                           0x0800187b   Thumb Code    18  stm32f10x_rcc.o(.text)
    RCC_PCLK1Config                          0x0800188d   Thumb Code    18  stm32f10x_rcc.o(.text)
    RCC_PCLK2Config                          0x0800189f   Thumb Code    20  stm32f10x_rcc.o(.text)
    RCC_ITConfig                             0x080018b3   Thumb Code    30  stm32f10x_rcc.o(.text)
    RCC_USBCLKConfig                         0x080018d1   Thumb Code     6  stm32f10x_rcc.o(.text)
    RCC_ADCCLKConfig                         0x080018d7   Thumb Code    18  stm32f10x_rcc.o(.text)
    RCC_LSEConfig                            0x080018e9   Thumb Code    44  stm32f10x_rcc.o(.text)
    RCC_LSICmd                               0x08001915   Thumb Code     6  stm32f10x_rcc.o(.text)
    RCC_RTCCLKConfig                         0x0800191b   Thumb Code    12  stm32f10x_rcc.o(.text)
    RCC_RTCCLKCmd                            0x08001927   Thumb Code     6  stm32f10x_rcc.o(.text)
    RCC_GetClocksFreq                        0x0800192d   Thumb Code   192  stm32f10x_rcc.o(.text)
    RCC_AHBPeriphClockCmd                    0x080019ed   Thumb Code    26  stm32f10x_rcc.o(.text)
    RCC_APB2PeriphClockCmd                   0x08001a07   Thumb Code    26  stm32f10x_rcc.o(.text)
    RCC_APB1PeriphClockCmd                   0x08001a21   Thumb Code    26  stm32f10x_rcc.o(.text)
    RCC_APB2PeriphResetCmd                   0x08001a3b   Thumb Code    26  stm32f10x_rcc.o(.text)
    RCC_APB1PeriphResetCmd                   0x08001a55   Thumb Code    26  stm32f10x_rcc.o(.text)
    RCC_BackupResetCmd                       0x08001a6f   Thumb Code     6  stm32f10x_rcc.o(.text)
    RCC_ClockSecuritySystemCmd               0x08001a75   Thumb Code     6  stm32f10x_rcc.o(.text)
    RCC_MCOConfig                            0x08001a7b   Thumb Code     6  stm32f10x_rcc.o(.text)
    RCC_ClearFlag                            0x08001a81   Thumb Code    14  stm32f10x_rcc.o(.text)
    RCC_GetITStatus                          0x08001a8f   Thumb Code    20  stm32f10x_rcc.o(.text)
    RCC_ClearITPendingBit                    0x08001aa3   Thumb Code     6  stm32f10x_rcc.o(.text)
    USART_DeInit                             0x08001add   Thumb Code   134  stm32f10x_usart.o(.text)
    USART_Init                               0x08001b63   Thumb Code   210  stm32f10x_usart.o(.text)
    USART_StructInit                         0x08001c35   Thumb Code    24  stm32f10x_usart.o(.text)
    USART_ClockInit                          0x08001c4d   Thumb Code    34  stm32f10x_usart.o(.text)
    USART_ClockStructInit                    0x08001c6f   Thumb Code    12  stm32f10x_usart.o(.text)
    USART_Cmd                                0x08001c7b   Thumb Code    24  stm32f10x_usart.o(.text)
    USART_ITConfig                           0x08001c93   Thumb Code    74  stm32f10x_usart.o(.text)
    USART_DMACmd                             0x08001cdd   Thumb Code    24  stm32f10x_usart.o(.text)
    USART_SetAddress                         0x08001cf5   Thumb Code    18  stm32f10x_usart.o(.text)
    USART_WakeUpConfig                       0x08001d07   Thumb Code    18  stm32f10x_usart.o(.text)
    USART_ReceiverWakeUpCmd                  0x08001d19   Thumb Code    24  stm32f10x_usart.o(.text)
    USART_LINBreakDetectLengthConfig         0x08001d31   Thumb Code    18  stm32f10x_usart.o(.text)
    USART_LINCmd                             0x08001d43   Thumb Code    24  stm32f10x_usart.o(.text)
    USART_SendData                           0x08001d5b   Thumb Code     8  stm32f10x_usart.o(.text)
    USART_ReceiveData                        0x08001d63   Thumb Code    10  stm32f10x_usart.o(.text)
    USART_SendBreak                          0x08001d6d   Thumb Code    10  stm32f10x_usart.o(.text)
    USART_SetGuardTime                       0x08001d77   Thumb Code    16  stm32f10x_usart.o(.text)
    USART_SetPrescaler                       0x08001d87   Thumb Code    16  stm32f10x_usart.o(.text)
    USART_SmartCardCmd                       0x08001d97   Thumb Code    24  stm32f10x_usart.o(.text)
    USART_SmartCardNACKCmd                   0x08001daf   Thumb Code    24  stm32f10x_usart.o(.text)
    USART_HalfDuplexCmd                      0x08001dc7   Thumb Code    24  stm32f10x_usart.o(.text)
    USART_OverSampling8Cmd                   0x08001ddf   Thumb Code    22  stm32f10x_usart.o(.text)
    USART_OneBitMethodCmd                    0x08001df5   Thumb Code    24  stm32f10x_usart.o(.text)
    USART_IrDAConfig                         0x08001e0d   Thumb Code    18  stm32f10x_usart.o(.text)
    USART_IrDACmd                            0x08001e1f   Thumb Code    24  stm32f10x_usart.o(.text)
    USART_GetFlagStatus                      0x08001e37   Thumb Code    26  stm32f10x_usart.o(.text)
    USART_ClearFlag                          0x08001e51   Thumb Code    18  stm32f10x_usart.o(.text)
    USART_GetITStatus                        0x08001e63   Thumb Code    84  stm32f10x_usart.o(.text)
    USART_ClearITPendingBit                  0x08001eb7   Thumb Code    50  stm32f10x_usart.o(.text)
    ADC_DeInit                               0x08001ee9   Thumb Code    78  stm32f10x_adc.o(.text)
    ADC_Init                                 0x08001f37   Thumb Code    70  stm32f10x_adc.o(.text)
    ADC_StructInit                           0x08001f7d   Thumb Code    18  stm32f10x_adc.o(.text)
    ADC_Cmd                                  0x08001f8f   Thumb Code    22  stm32f10x_adc.o(.text)
    ADC_DMACmd                               0x08001fa5   Thumb Code    22  stm32f10x_adc.o(.text)
    ADC_ITConfig                             0x08001fbb   Thumb Code    24  stm32f10x_adc.o(.text)
    ADC_ResetCalibration                     0x08001fd3   Thumb Code    10  stm32f10x_adc.o(.text)
    ADC_GetResetCalibrationStatus            0x08001fdd   Thumb Code    20  stm32f10x_adc.o(.text)
    ADC_StartCalibration                     0x08001ff1   Thumb Code    10  stm32f10x_adc.o(.text)
    ADC_GetCalibrationStatus                 0x08001ffb   Thumb Code    20  stm32f10x_adc.o(.text)
    ADC_SoftwareStartConvCmd                 0x0800200f   Thumb Code    22  stm32f10x_adc.o(.text)
    ADC_GetSoftwareStartConvStatus           0x08002025   Thumb Code    20  stm32f10x_adc.o(.text)
    ADC_DiscModeChannelCountConfig           0x08002039   Thumb Code    24  stm32f10x_adc.o(.text)
    ADC_DiscModeCmd                          0x08002051   Thumb Code    22  stm32f10x_adc.o(.text)
    ADC_RegularChannelConfig                 0x08002067   Thumb Code   184  stm32f10x_adc.o(.text)
    ADC_ExternalTrigConvCmd                  0x0800211f   Thumb Code    22  stm32f10x_adc.o(.text)
    ADC_GetConversionValue                   0x08002135   Thumb Code     8  stm32f10x_adc.o(.text)
    ADC_GetDualModeConversionValue           0x0800213d   Thumb Code     6  stm32f10x_adc.o(.text)
    ADC_AutoInjectedConvCmd                  0x08002143   Thumb Code    22  stm32f10x_adc.o(.text)
    ADC_InjectedDiscModeCmd                  0x08002159   Thumb Code    22  stm32f10x_adc.o(.text)
    ADC_ExternalTrigInjectedConvConfig       0x0800216f   Thumb Code    16  stm32f10x_adc.o(.text)
    ADC_ExternalTrigInjectedConvCmd          0x0800217f   Thumb Code    22  stm32f10x_adc.o(.text)
    ADC_SoftwareStartInjectedConvCmd         0x08002195   Thumb Code    22  stm32f10x_adc.o(.text)
    ADC_GetSoftwareStartInjectedConvCmdStatus 0x080021ab   Thumb Code    20  stm32f10x_adc.o(.text)
    ADC_InjectedChannelConfig                0x080021bf   Thumb Code   130  stm32f10x_adc.o(.text)
    ADC_InjectedSequencerLengthConfig        0x08002241   Thumb Code    24  stm32f10x_adc.o(.text)
    ADC_SetInjectedOffset                    0x08002259   Thumb Code    12  stm32f10x_adc.o(.text)
    ADC_GetInjectedConversionValue           0x08002265   Thumb Code    18  stm32f10x_adc.o(.text)
    ADC_AnalogWatchdogCmd                    0x08002277   Thumb Code    16  stm32f10x_adc.o(.text)
    ADC_AnalogWatchdogThresholdsConfig       0x08002287   Thumb Code     6  stm32f10x_adc.o(.text)
    ADC_AnalogWatchdogSingleChannelConfig    0x0800228d   Thumb Code    16  stm32f10x_adc.o(.text)
    ADC_TempSensorVrefintCmd                 0x0800229d   Thumb Code    34  stm32f10x_adc.o(.text)
    ADC_GetFlagStatus                        0x080022bf   Thumb Code    54  stm32f10x_adc.o(.text)
    ADC_ClearFlag                            0x080022f5   Thumb Code     6  stm32f10x_adc.o(.text)
    ADC_GetITStatus                          0x080022fb   Thumb Code    36  stm32f10x_adc.o(.text)
    ADC_ClearITPendingBit                    0x0800231f   Thumb Code    10  stm32f10x_adc.o(.text)
    OS_TaskStatStkChk                        0x08002329   Thumb Code    54  os_core.o(.text)
    OS_TaskStat                              0x0800235f   Thumb Code   116  os_core.o(.text)
    OS_TaskIdle                              0x0800240b   Thumb Code    34  os_core.o(.text)
    OS_MemClr                                0x08002465   Thumb Code    18  os_core.o(.text)
    OSInit                                   0x08002583   Thumb Code    44  os_core.o(.text)
    OSIntEnter                               0x080025af   Thumb Code    28  os_core.o(.text)
    OSIntExit                                0x080025e5   Thumb Code   112  os_core.o(.text)
    OSSchedLock                              0x08002655   Thumb Code    50  os_core.o(.text)
    OS_Sched                                 0x08002687   Thumb Code    88  os_core.o(.text)
    OSSchedUnlock                            0x080026df   Thumb Code   230  os_core.o(.text)
    OSStart                                  0x080027c5   Thumb Code    48  os_core.o(.text)
    OSStatInit                               0x080027f5   Thumb Code    62  os_core.o(.text)
    OSTimeTick                               0x08002833   Thumb Code   218  os_core.o(.text)
    OSVersion                                0x0800290d   Thumb Code     6  os_core.o(.text)
    OS_Dummy                                 0x08002913   Thumb Code     2  os_core.o(.text)
    OS_EventTaskRemove                       0x08002915   Thumb Code    50  os_core.o(.text)
    OS_EventTaskRdy                          0x08002947   Thumb Code   124  os_core.o(.text)
    OS_EventTaskWait                         0x080029c3   Thumb Code   120  os_core.o(.text)
    OS_EventWaitListInit                     0x08002a3b   Thumb Code    28  os_core.o(.text)
    OS_MemCopy                               0x08002a57   Thumb Code    20  os_core.o(.text)
    OS_StrLen                                0x08002a6b   Thumb Code    20  os_core.o(.text)
    OS_TCBInit                               0x08002a7f   Thumb Code   366  os_core.o(.text)
    OSFlagAccept                             0x08002bed   Thumb Code   268  os_flag.o(.text)
    OSFlagCreate                             0x08002cf9   Thumb Code    86  os_flag.o(.text)
    OS_FlagUnlink                            0x08002d4f   Thumb Code    36  os_flag.o(.text)
    OSFlagDel                                0x08002dd3   Thumb Code   214  os_flag.o(.text)
    OSFlagNameGet                            0x08002ea9   Thumb Code    80  os_flag.o(.text)
    OSFlagNameSet                            0x08002ef9   Thumb Code    66  os_flag.o(.text)
    OSFlagPend                               0x08002fe3   Thumb Code   632  os_flag.o(.text)
    OSFlagPendGetFlagsRdy                    0x0800325b   Thumb Code    26  os_flag.o(.text)
    OSFlagPost                               0x08003275   Thumb Code   324  os_flag.o(.text)
    OSFlagQuery                              0x080033b9   Thumb Code    48  os_flag.o(.text)
    OS_FlagInit                              0x080033e9   Thumb Code    78  os_flag.o(.text)
    OSQAccept                                0x08003445   Thumb Code    88  os_q.o(.text)
    OSQCreate                                0x0800349d   Thumb Code   140  os_q.o(.text)
    OSQDel                                   0x08003529   Thumb Code   236  os_q.o(.text)
    OSQFlush                                 0x08003615   Thumb Code    36  os_q.o(.text)
    OSQPend                                  0x08003639   Thumb Code   272  os_q.o(.text)
    OSQPendAbort                             0x08003749   Thumb Code   128  os_q.o(.text)
    OSQPost                                  0x080037c9   Thumb Code   114  os_q.o(.text)
    OSQPostFront                             0x0800383b   Thumb Code   138  os_q.o(.text)
    OSQPostOpt                               0x080038c5   Thumb Code   182  os_q.o(.text)
    OSQQuery                                 0x0800397b   Thumb Code    98  os_q.o(.text)
    OS_QInit                                 0x080039dd   Thumb Code    72  os_q.o(.text)
    OSSemAccept                              0x08003a2d   Thumb Code    42  os_sem.o(.text)
    OSSemCreate                              0x08003a57   Thumb Code    68  os_sem.o(.text)
    OSSemDel                                 0x08003a9b   Thumb Code   200  os_sem.o(.text)
    OSSemPend                                0x08003b63   Thumb Code   222  os_sem.o(.text)
    OSSemPendAbort                           0x08003c41   Thumb Code   128  os_sem.o(.text)
    OSSemPost                                0x08003cc1   Thumb Code    88  os_sem.o(.text)
    OSSemQuery                               0x08003d19   Thumb Code    76  os_sem.o(.text)
    OSSemSet                                 0x08003d65   Thumb Code    66  os_sem.o(.text)
    OSTaskChangePrio                         0x08003db9   Thumb Code   324  os_task.o(.text)
    OSTaskCreate                             0x08003efd   Thumb Code   146  os_task.o(.text)
    OS_TaskStkClr                            0x08003f8f   Thumb Code    26  os_task.o(.text)
    OSTaskCreateExt                          0x08003fa9   Thumb Code   170  os_task.o(.text)
    OSTaskDel                                0x08004053   Thumb Code   302  os_task.o(.text)
    OSTaskDelReq                             0x08004181   Thumb Code   146  os_task.o(.text)
    OSTaskNameGet                            0x08004213   Thumb Code   114  os_task.o(.text)
    OSTaskNameSet                            0x08004285   Thumb Code    98  os_task.o(.text)
    OSTaskResume                             0x080042e7   Thumb Code   160  os_task.o(.text)
    OSTaskStkChk                             0x08004387   Thumb Code   132  os_task.o(.text)
    OSTaskSuspend                            0x0800440b   Thumb Code   160  os_task.o(.text)
    OSTaskQuery                              0x080044ab   Thumb Code    82  os_task.o(.text)
    OSTaskRegGet                             0x080044fd   Thumb Code    60  os_task.o(.text)
    OSTaskRegSet                             0x08004539   Thumb Code    62  os_task.o(.text)
    OS_TaskReturn                            0x08004577   Thumb Code    18  os_task.o(.text)
    OSTimeDly                                0x080045a1   Thumb Code   108  os_time.o(.text)
    OSTimeDlyHMSM                            0x0800460d   Thumb Code    86  os_time.o(.text)
    OSTimeDlyResume                          0x08004663   Thumb Code   176  os_time.o(.text)
    OSTimeGet                                0x08004713   Thumb Code    24  os_time.o(.text)
    OSTimeSet                                0x0800472b   Thumb Code    24  os_time.o(.text)
    OS_CPU_SR_Save                           0x08004761   Thumb Code     0  os_cpu_a.o(.text)
    OS_CPU_SR_Restore                        0x08004769   Thumb Code     0  os_cpu_a.o(.text)
    OSStartHighRdy                           0x0800476f   Thumb Code     0  os_cpu_a.o(.text)
    OSCtxSw                                  0x08004791   Thumb Code     0  os_cpu_a.o(.text)
    OSIntCtxSw                               0x0800479f   Thumb Code     0  os_cpu_a.o(.text)
    PendSV_Handler                           0x080047af   Thumb Code     0  os_cpu_a.o(.text)
    OSInitHookBegin                          0x08004815   Thumb Code     2  os_cpu_c.o(.text)
    OSInitHookEnd                            0x08004817   Thumb Code     2  os_cpu_c.o(.text)
    OSTaskCreateHook                         0x08004819   Thumb Code     2  os_cpu_c.o(.text)
    OSTaskDelHook                            0x0800481b   Thumb Code     2  os_cpu_c.o(.text)
    OSTaskIdleHook                           0x0800481d   Thumb Code     2  os_cpu_c.o(.text)
    OSTaskStatHook                           0x0800481f   Thumb Code     2  os_cpu_c.o(.text)
    OSTaskStkInit                            0x08004821   Thumb Code   154  os_cpu_c.o(.text)
    OSTaskSwHook                             0x080048bb   Thumb Code     2  os_cpu_c.o(.text)
    OSTCBInitHook                            0x080048bd   Thumb Code     2  os_cpu_c.o(.text)
    OSTimeTickHook                           0x080048bf   Thumb Code     2  os_cpu_c.o(.text)
    OSTaskReturnHook                         0x080048c1   Thumb Code     2  os_cpu_c.o(.text)
    __use_no_semihosting                     0x080048c3   Thumb Code     2  use_no_semi_2.o(.text)
    __use_two_region_memory                  0x080048c5   Thumb Code     2  heapauxi.o(.text)
    __rt_heap_escrow$2region                 0x080048c7   Thumb Code     2  heapauxi.o(.text)
    __rt_heap_expand$2region                 0x080048c9   Thumb Code     2  heapauxi.o(.text)
    __I$use$semihosting                      0x080048cb   Thumb Code     0  use_no_semi.o(.text)
    __use_no_semihosting_swi                 0x080048cb   Thumb Code     2  use_no_semi.o(.text)
    __user_libspace                          0x080048cd   Thumb Code     8  libspace.o(.text)
    __user_perproc_libspace                  0x080048cd   Thumb Code     0  libspace.o(.text)
    __user_perthread_libspace                0x080048cd   Thumb Code     0  libspace.o(.text)
    __user_setup_stackheap                   0x080048d5   Thumb Code    74  sys_stackheap_outer.o(.text)
    exit                                     0x0800491f   Thumb Code    12  exit.o(.text)
    __rt_fp_status_addr                      0x0800492d   Thumb Code    12  rt_fp_status_addr_intlibspace.o(.text)
    _fp_init                                 0x08004939   Thumb Code    14  fpinit.o(x$fpl$fpinit)
    __fplib_config_pureend_doubles           0x08004945   Thumb Code     0  fpinit.o(x$fpl$fpinit)
    OSUnMapTbl                               0x08004946   Data         256  os_core.o(.constdata)
    Region$$Table$$Base                      0x08004a48   Number         0  anon$$obj.o(Region$$Table)
    Region$$Table$$Limit                     0x08004a68   Number         0  anon$$obj.o(Region$$Table)
    key1                                     0x20000000   Data           1  main.o(.data)
    key2                                     0x20000001   Data           1  main.o(.data)
    key3                                     0x20000002   Data           1  main.o(.data)
    key4                                     0x20000003   Data           1  main.o(.data)
    sem1_switch1open                         0x20000004   Data           4  main.o(.data)
    sem1_switch1close                        0x20000008   Data           4  main.o(.data)
    sem1_switch2open                         0x2000000c   Data           4  main.o(.data)
    sem1_switch2close                        0x20000010   Data           4  main.o(.data)
    sem2_switch1open                         0x20000014   Data           4  main.o(.data)
    sem2_switch1close                        0x20000018   Data           4  main.o(.data)
    sem2_switch2open                         0x2000001c   Data           4  main.o(.data)
    sem2_switch2close                        0x20000020   Data           4  main.o(.data)
    e                                        0x20000024   Data           1  main.o(.data)
    SystemCoreClock                          0x20000028   Data           4  system_stm32f10x.o(.data)
    AHBPrescTable                            0x2000002c   Data          16  system_stm32f10x.o(.data)
    USART_RX_STA                             0x20000040   Data           2  usart.o(.data)
    __stdout                                 0x20000044   Data           4  usart.o(.data)
    OSCtxSwCtr                               0x2000005c   Data           4  os_core.o(.data)
    OSEventFreeList                          0x20000060   Data           4  os_core.o(.data)
    OSFlagFreeList                           0x20000064   Data           4  os_core.o(.data)
    OSCPUUsage                               0x20000068   Data           1  os_core.o(.data)
    OSIdleCtrMax                             0x2000006c   Data           4  os_core.o(.data)
    OSIdleCtrRun                             0x20000070   Data           4  os_core.o(.data)
    OSStatRdy                                0x20000074   Data           1  os_core.o(.data)
    OSIntNesting                             0x20000075   Data           1  os_core.o(.data)
    OSLockNesting                            0x20000076   Data           1  os_core.o(.data)
    OSPrioCur                                0x20000077   Data           1  os_core.o(.data)
    OSPrioHighRdy                            0x20000078   Data           1  os_core.o(.data)
    OSRdyGrp                                 0x20000079   Data           1  os_core.o(.data)
    OSRdyTbl                                 0x2000007a   Data           8  os_core.o(.data)
    OSRunning                                0x20000082   Data           1  os_core.o(.data)
    OSTaskCtr                                0x20000083   Data           1  os_core.o(.data)
    OSIdleCtr                                0x20000084   Data           4  os_core.o(.data)
    OSTCBCur                                 0x20000088   Data           4  os_core.o(.data)
    OSTCBFreeList                            0x2000008c   Data           4  os_core.o(.data)
    OSTCBHighRdy                             0x20000090   Data           4  os_core.o(.data)
    OSTCBList                                0x20000094   Data           4  os_core.o(.data)
    OSTickStepState                          0x20000098   Data           1  os_core.o(.data)
    OSQFreeList                              0x2000009c   Data           4  os_core.o(.data)
    OSTime                                   0x200000a0   Data           4  os_core.o(.data)
    START_TASK_STK                           0x200000a4   Data         256  main.o(.bss)
    S1OPEN_TASK_STK                          0x200001a4   Data         512  main.o(.bss)
    S1CLOSE_TASK_STK                         0x200003a4   Data         512  main.o(.bss)
    S2OPEN_TASK_STK                          0x200005a4   Data         512  main.o(.bss)
    S2CLOSE_TASK_STK                         0x200007a4   Data         512  main.o(.bss)
    S3OPEN_TASK_STK                          0x200009a4   Data         512  main.o(.bss)
    S3CLOSE_TASK_STK                         0x20000ba4   Data         512  main.o(.bss)
    S4OPEN_TASK_STK                          0x20000da4   Data         512  main.o(.bss)
    S4CLOSE_TASK_STK                         0x20000fa4   Data         512  main.o(.bss)
    KEY_TASK_STK                             0x200011a4   Data         256  main.o(.bss)
    USART_RX_BUF                             0x200012a4   Data         200  usart.o(.bss)
    OSEventTbl                               0x2000136c   Data         200  os_core.o(.bss)
    OSFlagTbl                                0x20001434   Data          80  os_core.o(.bss)
    OSTaskStatStk                            0x20001484   Data         512  os_core.o(.bss)
    OSTaskIdleStk                            0x20001684   Data         512  os_core.o(.bss)
    OSTCBPrioTbl                             0x20001884   Data         256  os_core.o(.bss)
    OSTCBTbl                                 0x20001984   Data        1008  os_core.o(.bss)
    OSQTbl                                   0x20001d74   Data         120  os_core.o(.bss)
    __libspace_start                         0x20001dec   Data          96  libspace.o(.bss)
    __temporary_stack_top$libspace           0x20001e4c   Data           0  libspace.o(.bss)



==============================================================================

Memory Map of the image

  Image Entry point : 0x08000131

  Load Region LR_IROM1 (Base: 0x08000000, Size: 0x00004b0c, Max: 0x00020000, ABSOLUTE)

    Execution Region ER_IROM1 (Base: 0x08000000, Size: 0x00004a68, Max: 0x00020000, ABSOLUTE)

    Base Addr    Size         Type   Attr      Idx    E Section Name        Object

    0x08000000   0x00000130   Data   RO          471    RESET               startup_stm32f10x_hd.o
    0x08000130   0x00000008   Code   RO          945  * !!!main             c_w.l(__main.o)(c_w.l)
    0x08000138   0x00000034   Code   RO         1188    !!!scatter          c_w.l(__scatter.o)(c_w.l)
    0x0800016c   0x0000001a   Code   RO         1190    !!handler_copy      c_w.l(__scatter_copy.o)(c_w.l)
    0x08000186   0x00000002   PAD
    0x08000188   0x0000001c   Code   RO         1192    !!handler_zi        c_w.l(__scatter_zi.o)(c_w.l)
    0x080001a4   0x00000006   Code   RO         1065    .ARM.Collect$$libinit$$00000000  c_w.l(libinit.o)(c_w.l)
    0x080001aa   0x00000000   Code   RO         1070    .ARM.Collect$$libinit$$00000006  c_w.l(libinit2.o)(c_w.l)
    0x080001aa   0x00000000   Code   RO         1072    .ARM.Collect$$libinit$$00000008  c_w.l(libinit2.o)(c_w.l)
    0x080001aa   0x00000000   Code   RO         1074    .ARM.Collect$$libinit$$0000000A  c_w.l(libinit2.o)(c_w.l)
    0x080001aa   0x00000000   Code   RO         1077    .ARM.Collect$$libinit$$0000000D  c_w.l(libinit2.o)(c_w.l)
    0x080001aa   0x00000000   Code   RO         1079    .ARM.Collect$$libinit$$0000000F  c_w.l(libinit2.o)(c_w.l)
    0x080001aa   0x00000000   Code   RO         1081    .ARM.Collect$$libinit$$00000011  c_w.l(libinit2.o)(c_w.l)
    0x080001aa   0x00000000   Code   RO         1083    .ARM.Collect$$libinit$$00000013  c_w.l(libinit2.o)(c_w.l)
    0x080001aa   0x00000000   Code   RO         1085    .ARM.Collect$$libinit$$00000015  c_w.l(libinit2.o)(c_w.l)
    0x080001aa   0x00000000   Code   RO         1087    .ARM.Collect$$libinit$$00000017  c_w.l(libinit2.o)(c_w.l)
    0x080001aa   0x00000000   Code   RO         1089    .ARM.Collect$$libinit$$00000019  c_w.l(libinit2.o)(c_w.l)
    0x080001aa   0x00000000   Code   RO         1091    .ARM.Collect$$libinit$$0000001B  c_w.l(libinit2.o)(c_w.l)
    0x080001aa   0x00000000   Code   RO         1093    .ARM.Collect$$libinit$$0000001D  c_w.l(libinit2.o)(c_w.l)
    0x080001aa   0x00000000   Code   RO         1095    .ARM.Collect$$libinit$$0000001F  c_w.l(libinit2.o)(c_w.l)
    0x080001aa   0x00000000   Code   RO         1097    .ARM.Collect$$libinit$$00000021  c_w.l(libinit2.o)(c_w.l)
    0x080001aa   0x00000000   Code   RO         1101    .ARM.Collect$$libinit$$00000028  c_w.l(libinit2.o)(c_w.l)
    0x080001aa   0x00000000   Code   RO         1103    .ARM.Collect$$libinit$$0000002A  c_w.l(libinit2.o)(c_w.l)
    0x080001aa   0x00000000   Code   RO         1105    .ARM.Collect$$libinit$$0000002C  c_w.l(libinit2.o)(c_w.l)
    0x080001aa   0x00000000   Code   RO         1107    .ARM.Collect$$libinit$$0000002E  c_w.l(libinit2.o)(c_w.l)
    0x080001aa   0x00000002   Code   RO         1108    .ARM.Collect$$libinit$$0000002F  c_w.l(libinit2.o)(c_w.l)
    0x080001ac   0x00000002   Code   RO         1132    .ARM.Collect$$libshutdown$$00000000  c_w.l(libshutdown.o)(c_w.l)
    0x080001ae   0x00000000   Code   RO         1143    .ARM.Collect$$libshutdown$$00000003  c_w.l(libshutdown2.o)(c_w.l)
    0x080001ae   0x00000000   Code   RO         1146    .ARM.Collect$$libshutdown$$00000006  c_w.l(libshutdown2.o)(c_w.l)
    0x080001ae   0x00000000   Code   RO         1149    .ARM.Collect$$libshutdown$$00000009  c_w.l(libshutdown2.o)(c_w.l)
    0x080001ae   0x00000000   Code   RO         1151    .ARM.Collect$$libshutdown$$0000000B  c_w.l(libshutdown2.o)(c_w.l)
    0x080001ae   0x00000000   Code   RO         1154    .ARM.Collect$$libshutdown$$0000000E  c_w.l(libshutdown2.o)(c_w.l)
    0x080001ae   0x00000002   Code   RO         1155    .ARM.Collect$$libshutdown$$0000000F  c_w.l(libshutdown2.o)(c_w.l)
    0x080001b0   0x00000000   Code   RO          999    .ARM.Collect$$rtentry$$00000000  c_w.l(rtentry.o)(c_w.l)
    0x080001b0   0x00000000   Code   RO         1022    .ARM.Collect$$rtentry$$00000002  c_w.l(rtentry2.o)(c_w.l)
    0x080001b0   0x00000006   Code   RO         1037    .ARM.Collect$$rtentry$$00000004  c_w.l(rtentry4.o)(c_w.l)
    0x080001b6   0x00000000   Code   RO         1024    .ARM.Collect$$rtentry$$00000009  c_w.l(rtentry2.o)(c_w.l)
    0x080001b6   0x00000004   Code   RO         1025    .ARM.Collect$$rtentry$$0000000A  c_w.l(rtentry2.o)(c_w.l)
    0x080001ba   0x00000000   Code   RO         1027    .ARM.Collect$$rtentry$$0000000C  c_w.l(rtentry2.o)(c_w.l)
    0x080001ba   0x00000008   Code   RO         1028    .ARM.Collect$$rtentry$$0000000D  c_w.l(rtentry2.o)(c_w.l)
    0x080001c2   0x00000002   Code   RO         1066    .ARM.Collect$$rtexit$$00000000  c_w.l(rtexit.o)(c_w.l)
    0x080001c4   0x00000000   Code   RO         1112    .ARM.Collect$$rtexit$$00000002  c_w.l(rtexit2.o)(c_w.l)
    0x080001c4   0x00000004   Code   RO         1113    .ARM.Collect$$rtexit$$00000003  c_w.l(rtexit2.o)(c_w.l)
    0x080001c8   0x00000006   Code   RO         1114    .ARM.Collect$$rtexit$$00000004  c_w.l(rtexit2.o)(c_w.l)
    0x080001ce   0x00000002   PAD
    0x080001d0   0x00000774   Code   RO            1    .text               main.o
    0x08000944   0x00000016   Code   RO          131    .text               stm32f10x_it.o
    0x0800095a   0x00000002   PAD
    0x0800095c   0x000001c8   Code   RO          178    .text               system_stm32f10x.o
    0x08000b24   0x000002c4   Code   RO          352    .text               adc.o
    0x08000de8   0x00000258   Code   RO          364    .text               task.o
    0x08001040   0x00000114   Code   RO          385    .text               delay.o
    0x08001154   0x0000000c   Code   RO          423    .text               sys.o
    0x08001160   0x00000148   Code   RO          435    .text               usart.o
    0x080012a8   0x00000040   Code   RO          472    .text               startup_stm32f10x_hd.o
    0x080012e8   0x000000f8   Code   RO          476    .text               misc.o
    0x080013e0   0x00000358   Code   RO          500    .text               stm32f10x_gpio.o
    0x08001738   0x000003a4   Code   RO          512    .text               stm32f10x_rcc.o
    0x08001adc   0x0000040c   Code   RO          538    .text               stm32f10x_usart.o
    0x08001ee8   0x00000440   Code   RO          550    .text               stm32f10x_adc.o
    0x08002328   0x000008c4   Code   RO          742    .text               os_core.o
    0x08002bec   0x00000858   Code   RO          762    .text               os_flag.o
    0x08003444   0x000005e8   Code   RO          804    .text               os_q.o
    0x08003a2c   0x0000038c   Code   RO          816    .text               os_sem.o
    0x08003db8   0x000007e8   Code   RO          828    .text               os_task.o
    0x080045a0   0x000001c0   Code   RO          840    .text               os_time.o
    0x08004760   0x000000b4   Code   RO          858    .text               os_cpu_a.o
    0x08004814   0x000000ae   Code   RO          861    .text               os_cpu_c.o
    0x080048c2   0x00000002   Code   RO          894    .text               c_w.l(use_no_semi_2.o)(c_w.l)
    0x080048c4   0x00000006   Code   RO          943    .text               c_w.l(heapauxi.o)(c_w.l)
    0x080048ca   0x00000002   Code   RO          997    .text               c_w.l(use_no_semi.o)(c_w.l)
    0x080048cc   0x00000008   Code   RO         1050    .text               c_w.l(libspace.o)(c_w.l)
    0x080048d4   0x0000004a   Code   RO         1053    .text               c_w.l(sys_stackheap_outer.o)(c_w.l)
    0x0800491e   0x0000000c   Code   RO         1057    .text               c_w.l(exit.o)(c_w.l)
    0x0800492a   0x00000002   PAD
    0x0800492c   0x0000000c   Code   RO         1122    .text               c_w.l(rt_fp_status_addr_intlibspace.o)(c_w.l)
    0x08004938   0x0000000e   Code   RO         1109    x$fpl$fpinit        fz_ws.l(fpinit.o)(fz_ws.l)
    0x08004946   0x00000100   Data   RO          744    .constdata          os_core.o
    0x08004a46   0x00000002   PAD
    0x08004a48   0x00000020   Data   RO         1186    Region$$Table       anon$$obj.o


    Execution Region RW_IRAM1 (Base: 0x20000000, Size: 0x00002450, Max: 0x00005000, ABSOLUTE)

    Base Addr    Size         Type   Attr      Idx    E Section Name        Object

    0x20000000   0x00000025   Data   RW            3    .data               main.o
    0x20000025   0x00000003   PAD
    0x20000028   0x00000014   Data   RW          179    .data               system_stm32f10x.o
    0x2000003c   0x00000004   Data   RW          386    .data               delay.o
    0x20000040   0x00000008   Data   RW          437    .data               usart.o
    0x20000048   0x00000014   Data   RW          513    .data               stm32f10x_rcc.o
    0x2000005c   0x00000048   Data   RW          745    .data               os_core.o
    0x200000a4   0x00001200   Zero   RW            2    .bss                main.o
    0x200012a4   0x000000c8   Zero   RW          436    .bss                usart.o
    0x2000136c   0x00000a80   Zero   RW          743    .bss                os_core.o
    0x20001dec   0x00000060   Zero   RW         1051    .bss                c_w.l(libspace.o)(c_w.l)
    0x20001e4c   0x00000004   PAD
    0x20001e50   0x00000200   Zero   RW          470    HEAP                startup_stm32f10x_hd.o
    0x20002050   0x00000400   Zero   RW          469    STACK               startup_stm32f10x_hd.o


==============================================================================

Image component sizes


      Code (inc. data)   RO Data    RW Data    ZI Data      Debug   Object Name

       708         26          0          0          0          0   adc.o
         0          0          0          0          0          0   core_cm3.o
       276         20          0          4          0          0   delay.o
         0          0          0          0          0          0   led.o
      1908        136          0         37       4608          0   main.o
       248         30          0          0          0          0   misc.o
      2244        212        256         72       2688          0   os_core.o
       180         36          0          0          0          0   os_cpu_a.o
       174          0          0          0          0          0   os_cpu_c.o
      2136         42          0          0          0          0   os_flag.o
      1512         28          0          0          0          0   os_q.o
       908         18          0          0          0          0   os_sem.o
      2024         70          0          0          0          0   os_task.o
       448         30          0          0          0          0   os_time.o
        64         26        304          0       1536          0   startup_stm32f10x_hd.o
      1088         36          0          0          0          0   stm32f10x_adc.o
       856         40          0          0          0          0   stm32f10x_gpio.o
        22          0          0          0          0          0   stm32f10x_it.o
       932         52          0         20          0          0   stm32f10x_rcc.o
      1036         20          0          0          0          0   stm32f10x_usart.o
        12          0          0          0          0          0   sys.o
       456         36          0         20          0          0   system_stm32f10x.o
       600          0          0          0          0          0   task.o
       328         20          0          8        200          0   usart.o

    ----------------------------------------------------------------------
     18162        878        594        164       9032          0   Object Totals
         0          0         32          0          0          0   (incl. Generated)
         2          0          2          3          0          2   (incl. Padding)

    ----------------------------------------------------------------------

      Code (inc. data)   RO Data    RW Data    ZI Data      Debug   Library Member Name

         8          0          0          0          0          0   __main.o
        52          8          0          0          0          0   __scatter.o
        26          0          0          0          0          0   __scatter_copy.o
        28          0          0          0          0          0   __scatter_zi.o
        12          0          0          0          0          0   exit.o
         6          0          0          0          0          0   heapauxi.o
         6          0          0          0          0          0   libinit.o
         2          0          0          0          0          0   libinit2.o
         2          0          0          0          0          0   libshutdown.o
         2          0          0          0          0          0   libshutdown2.o
         8          4          0          0         96          0   libspace.o
        12          4          0          0          0          0   rt_fp_status_addr_intlibspace.o
         0          0          0          0          0          0   rtentry.o
        12          0          0          0          0          0   rtentry2.o
         6          0          0          0          0          0   rtentry4.o
         2          0          0          0          0          0   rtexit.o
        10          0          0          0          0          0   rtexit2.o
        74          0          0          0          0          0   sys_stackheap_outer.o
         2          0          0          0          0          0   use_no_semi.o
         2          0          0          0          0          0   use_no_semi_2.o
        14          0          0          0          0          0   fpinit.o

    ----------------------------------------------------------------------
       292         16          0          0        100          0   Library Totals
         6          0          0          0          4          0   (incl. Padding)

    ----------------------------------------------------------------------

      Code (inc. data)   RO Data    RW Data    ZI Data      Debug   Library Name

       272         16          0          0         96        640   c_w.l
        14          0          0          0          0         76   fz_ws.l

    ----------------------------------------------------------------------
       292         16          0          0        100          0   Library Totals

    ----------------------------------------------------------------------

==============================================================================


      Code (inc. data)   RO Data    RW Data    ZI Data      Debug   

     18454        894        594        164       9132     579724   Grand Totals
     18454        894        594        164       9132     579724   ELF Image Totals
     18454        894        594        164          0          0   ROM Totals

==============================================================================

    Total RO  Size (Code + RO Data)                19048 (  18.60kB)
    Total RW  Size (RW Data + ZI Data)              9296 (   9.08kB)
    Total ROM Size (Code + RO Data + RW Data)      19212 (  18.76kB)

==============================================================================

