ARM Linker, 4.1 [Build 894] [Professional]

==============================================================================

Section Cross References

    main.o(.text) refers to task.o(.text) for distin_A_C
    main.o(.text) refers to stm32f10x_gpio.o(.text) for GPIO_ReadInputDataBit
    main.o(.text) refers to os_sem.o(.text) for OSSemPost
    main.o(.text) refers to delay.o(.text) for delay_ms
    main.o(.text) refers to adc.o(.text) for Get_Adc1_28
    main.o(.text) refers to main.o(.data) for first
    main.o(.text) refers to os_core.o(.text) for OSStatInit
    main.o(.text) refers to os_cpu_a.o(.text) for OS_CPU_SR_Save
    main.o(.text) refers to os_task.o(.text) for OSTaskCreate
    main.o(.text) refers to sys.o(.text) for NVIC_Configuration
    main.o(.text) refers to main.o(.bss) for S1OPEN_TASK_STK
    system_stm32f10x.o(.text) refers to system_stm32f10x.o(.data) for SystemCoreClock
    led.o(.text) refers to stm32f10x_rcc.o(.text) for RCC_APB2PeriphClockCmd
    led.o(.text) refers to stm32f10x_gpio.o(.text) for GPIO_Init
    key.o(.text) refers to stm32f10x_rcc.o(.text) for RCC_APB2PeriphClockCmd
    key.o(.text) refers to stm32f10x_gpio.o(.text) for GPIO_Init
    key.o(.text) refers to delay.o(.text) for delay_ms
    key.o(.text) refers to key.o(.data) for key_up
    lcd.o(.text) refers to _printf_percent.o(.ARM.Collect$$_printf_percent$$00000000) for _printf_percent
    lcd.o(.text) refers to _printf_x.o(.ARM.Collect$$_printf_percent$$0000000C) for _printf_x
    lcd.o(.text) refers to _printf_hex_int.o(.text) for _printf_longlong_hex
    lcd.o(.text) refers to delay.o(.text) for delay_us
    lcd.o(.text) refers to lcd.o(.bss) for lcddev
    lcd.o(.text) refers to stm32f10x_rcc.o(.text) for RCC_AHBPeriphClockCmd
    lcd.o(.text) refers to stm32f10x_gpio.o(.text) for GPIO_Init
    lcd.o(.text) refers to stm32f10x_fsmc.o(.text) for FSMC_NORSRAMInit
    lcd.o(.text) refers to noretval__2printf.o(.text) for __2printf
    lcd.o(.text) refers to lcd.o(.data) for POINT_COLOR
    lcd.o(.text) refers to lcd.o(.constdata) for asc2_1206
    myiic.o(.text) refers to stm32f10x_rcc.o(.text) for RCC_APB2PeriphClockCmd
    myiic.o(.text) refers to stm32f10x_gpio.o(.text) for GPIO_Init
    myiic.o(.text) refers to delay.o(.text) for delay_us
    24cxx.o(.text) refers to myiic.o(.text) for IIC_Init
    24cxx.o(.text) refers to delay.o(.text) for delay_ms
    touch.o(.text) refers to delay.o(.text) for delay_us
    touch.o(.text) refers to lcd.o(.text) for LCD_DrawLine
    touch.o(.text) refers to fflt_clz.o(x$fpl$fflt) for __aeabi_i2f
    touch.o(.text) refers to fflt_clz.o(x$fpl$ffltu) for __aeabi_ui2f
    touch.o(.text) refers to fmul.o(x$fpl$fmul) for __aeabi_fmul
    touch.o(.text) refers to faddsub_clz.o(x$fpl$fadd) for __aeabi_fadd
    touch.o(.text) refers to ffixu.o(x$fpl$ffixu) for __aeabi_f2uiz
    touch.o(.text) refers to ffix.o(x$fpl$ffix) for __aeabi_f2iz
    touch.o(.text) refers to 24cxx.o(.text) for AT24CXX_WriteLenByte
    touch.o(.text) refers to touch.o(.data) for CMD_RDX
    touch.o(.text) refers to lcd.o(.data) for POINT_COLOR
    touch.o(.text) refers to fdiv.o(x$fpl$fdiv) for __aeabi_fdiv
    touch.o(.text) refers to dflt_clz.o(x$fpl$dfltu) for __aeabi_ui2d
    touch.o(.text) refers to sqrt.o(i.sqrt) for sqrt
    touch.o(.text) refers to dfixu.o(x$fpl$dfixu) for __aeabi_d2uiz
    touch.o(.text) refers to lcd.o(.bss) for lcddev
    touch.o(.text) refers to f2d.o(x$fpl$f2d) for __aeabi_f2d
    touch.o(.text) refers to dleqf.o(x$fpl$dleqf) for __aeabi_cdcmple
    touch.o(.text) refers to drleqf.o(x$fpl$drleqf) for __aeabi_cdrcmple
    touch.o(.text) refers to faddsub_clz.o(x$fpl$fsub) for __aeabi_fsub
    touch.o(.text) refers to stm32f10x_rcc.o(.text) for RCC_APB2PeriphClockCmd
    touch.o(.text) refers to stm32f10x_gpio.o(.text) for GPIO_Init
    touch.o(.data) refers to touch.o(.text) for TP_Init
    touch.o(.data) refers to touch.o(.conststring) for .conststring
    beep.o(.text) refers to stm32f10x_rcc.o(.text) for RCC_APB2PeriphClockCmd
    beep.o(.text) refers to stm32f10x_gpio.o(.text) for GPIO_Init
    adc.o(.text) refers to stm32f10x_rcc.o(.text) for RCC_APB2PeriphClockCmd
    adc.o(.text) refers to stm32f10x_gpio.o(.text) for GPIO_Init
    adc.o(.text) refers to stm32f10x_adc.o(.text) for ADC_DeInit
    adc.o(.text) refers to delay.o(.text) for delay_us
    task.o(.text) refers to adc.o(.text) for Get_Adc1
    task.o(.text) refers to dflt_clz.o(x$fpl$dfltu) for __aeabi_ui2d
    task.o(.text) refers to dmul.o(x$fpl$dmul) for __aeabi_dmul
    task.o(.text) refers to dflt_clz.o(x$fpl$dflt) for __aeabi_i2d
    task.o(.text) refers to dleqf.o(x$fpl$dleqf) for __aeabi_cdcmple
    task.o(.text) refers to stm32f10x_rcc.o(.text) for RCC_APB1PeriphClockCmd
    task.o(.text) refers to stm32f10x_tim.o(.text) for TIM_TimeBaseInit
    task.o(.text) refers to misc.o(.text) for NVIC_Init
    task.o(.text) refers to task.o(.data) for C_flag
[...]
    ../../printf_percent.s                   0x00000000   Number         0  _printf_percent.o ABSOLUTE
    ../../signal.c                           0x00000000   Number         0  defsig_rtmem_formal.o ABSOLUTE
    ../../signal.c                           0x00000000   Number         0  defsig_rtmem_outer.o ABSOLUTE
    ../../signal.c                           0x00000000   Number         0  defsig_general.o ABSOLUTE
    ../../signal.c                           0x00000000   Number         0  defsig_exit.o ABSOLUTE
    ../../signal.c                           0x00000000   Number         0  defsig_rtmem_inner.o ABSOLUTE
    ../../signal.c                           0x00000000   Number         0  defsig_abrt_inner.o ABSOLUTE
    ../../signal.c                           0x00000000   Number         0  defsig_fpe_inner.o ABSOLUTE
    ../../signal.c                           0x00000000   Number         0  defsig_rtred_inner.o ABSOLUTE
    ../../signal.c                           0x00000000   Number         0  defsig_pvfn_inner.o ABSOLUTE
    ../../signal.c                           0x00000000   Number         0  defsig_cppl_inner.o ABSOLUTE
    ../../signal.c                           0x00000000   Number         0  defsig_segv_inner.o ABSOLUTE
    ../../signal.c                           0x00000000   Number         0  defsig_other.o ABSOLUTE
    ../../signal.c                           0x00000000   Number         0  __raise.o ABSOLUTE
    ../../signal.c                           0x00000000   Number         0  defsig_stak_inner.o ABSOLUTE
    ../../signal.s                           0x00000000   Number         0  defsig.o ABSOLUTE
    ../../sqrt.c                             0x00000000   Number         0  sqrt_x.o ABSOLUTE
    ../../sqrt.c                             0x00000000   Number         0  sqrt.o ABSOLUTE
    ../../stdio.c                            0x00000000   Number         0  ferror_locked.o ABSOLUTE
    ../../stdio.c                            0x00000000   Number         0  ferror.o ABSOLUTE
    ../../stdlib.c                           0x00000000   Number         0  exit.o ABSOLUTE
    ../../usenofp.s                          0x00000000   Number         0  usenofp.o ABSOLUTE
    ..\CORE\core_cm3.c                       0x00000000   Number         0  core_cm3.o ABSOLUTE
    ..\CORE\startup_stm32f10x_hd.s           0x00000000   Number         0  startup_stm32f10x_hd.o ABSOLUTE
    ..\HARDWARE\24CXX\24cxx.c                0x00000000   Number         0  24cxx.o ABSOLUTE
    ..\HARDWARE\ADC\adc.c                    0x00000000   Number         0  adc.o ABSOLUTE
    ..\HARDWARE\BEEP\beep.c                  0x00000000   Number         0  beep.o ABSOLUTE
    ..\HARDWARE\IIC\myiic.c                  0x00000000   Number         0  myiic.o ABSOLUTE
    ..\HARDWARE\KEY\key.c                    0x00000000   Number         0  key.o ABSOLUTE
    ..\HARDWARE\LCD\lcd.c                    0x00000000   Number         0  lcd.o ABSOLUTE
    ..\HARDWARE\LED\led.c                    0x00000000   Number         0  led.o ABSOLUTE
    ..\HARDWARE\TOUCH\touch.c                0x00000000   Number         0  touch.o ABSOLUTE
    ..\HARDWARE\task\task.c                  0x00000000   Number         0  task.o ABSOLUTE
    ..\STM32F10x_DSP_Lib\src\PID_C_stm32.c   0x00000000   Number         0  pid_c_stm32.o ABSOLUTE
    ..\STM32F10x_DSP_Lib\src\asm\arm\PID_stm32.s 0x00000000   Number         0  pid_stm32.o ABSOLUTE
    ..\STM32F10x_DSP_Lib\src\asm\arm\cr4_fft_1024_stm32.s 0x00000000   Number         0  cr4_fft_1024_stm32.o ABSOLUTE
    ..\STM32F10x_DSP_Lib\src\asm\arm\cr4_fft_256_stm32.s 0x00000000   Number         0  cr4_fft_256_stm32.o ABSOLUTE
    ..\STM32F10x_DSP_Lib\src\asm\arm\cr4_fft_64_stm32.s 0x00000000   Number         0  cr4_fft_64_stm32.o ABSOLUTE
    ..\STM32F10x_DSP_Lib\src\asm\arm\fir_stm32.s 0x00000000   Number         0  fir_stm32.o ABSOLUTE
    ..\STM32F10x_DSP_Lib\src\asm\arm\iirarma_stm32.s 0x00000000   Number         0  iirarma_stm32.o ABSOLUTE
    ..\STM32F10x_DSP_Lib\src\iir_stm32.c     0x00000000   Number         0  iir_stm32.o ABSOLUTE
    ..\STM32F10x_FWLib\src\misc.c            0x00000000   Number         0  misc.o ABSOLUTE
    ..\STM32F10x_FWLib\src\stm32f10x_adc.c   0x00000000   Number         0  stm32f10x_adc.o ABSOLUTE
    ..\STM32F10x_FWLib\src\stm32f10x_dac.c   0x00000000   Number         0  stm32f10x_dac.o ABSOLUTE
    ..\STM32F10x_FWLib\src\stm32f10x_dbgmcu.c 0x00000000   Number         0  stm32f10x_dbgmcu.o ABSOLUTE
    ..\STM32F10x_FWLib\src\stm32f10x_dma.c   0x00000000   Number         0  stm32f10x_dma.o ABSOLUTE
    ..\STM32F10x_FWLib\src\stm32f10x_exti.c  0x00000000   Number         0  stm32f10x_exti.o ABSOLUTE
    ..\STM32F10x_FWLib\src\stm32f10x_flash.c 0x00000000   Number         0  stm32f10x_flash.o ABSOLUTE
    ..\STM32F10x_FWLib\src\stm32f10x_fsmc.c  0x00000000   Number         0  stm32f10x_fsmc.o ABSOLUTE
    ..\STM32F10x_FWLib\src\stm32f10x_gpio.c  0x00000000   Number         0  stm32f10x_gpio.o ABSOLUTE
    ..\STM32F10x_FWLib\src\stm32f10x_i2c.c   0x00000000   Number         0  stm32f10x_i2c.o ABSOLUTE
    ..\STM32F10x_FWLib\src\stm32f10x_iwdg.c  0x00000000   Number         0  stm32f10x_iwdg.o ABSOLUTE
    ..\STM32F10x_FWLib\src\stm32f10x_pwr.c   0x00000000   Number         0  stm32f10x_pwr.o ABSOLUTE
    ..\STM32F10x_FWLib\src\stm32f10x_rcc.c   0x00000000   Number         0  stm32f10x_rcc.o ABSOLUTE
    ..\STM32F10x_FWLib\src\stm32f10x_rtc.c   0x00000000   Number         0  stm32f10x_rtc.o ABSOLUTE
    ..\STM32F10x_FWLib\src\stm32f10x_sdio.c  0x00000000   Number         0  stm32f10x_sdio.o ABSOLUTE
    ..\STM32F10x_FWLib\src\stm32f10x_spi.c   0x00000000   Number         0  stm32f10x_spi.o ABSOLUTE
    ..\STM32F10x_FWLib\src\stm32f10x_tim.c   0x00000000   Number         0  stm32f10x_tim.o ABSOLUTE
    ..\STM32F10x_FWLib\src\stm32f10x_usart.c 0x00000000   Number         0  stm32f10x_usart.o ABSOLUTE
    ..\STM32F10x_FWLib\src\stm32f10x_wwdg.c  0x00000000   Number         0  stm32f10x_wwdg.o ABSOLUTE
    ..\SYSTEM\delay\delay.c                  0x00000000   Number         0  delay.o ABSOLUTE
    ..\SYSTEM\sys\sys.c                      0x00000000   Number         0  sys.o ABSOLUTE
    ..\SYSTEM\usart\usart.c                  0x00000000   Number         0  usart.o ABSOLUTE
    ..\UCOSII\CORE\os_core.c                 0x00000000   Number         0  os_core.o ABSOLUTE
    ..\UCOSII\CORE\os_flag.c                 0x00000000   Number         0  os_flag.o ABSOLUTE
    ..\UCOSII\CORE\os_mbox.c                 0x00000000   Number         0  os_mbox.o ABSOLUTE
    ..\UCOSII\CORE\os_mem.c                  0x00000000   Number         0  os_mem.o ABSOLUTE
    ..\UCOSII\CORE\os_mutex.c                0x00000000   Number         0  os_mutex.o ABSOLUTE
    ..\UCOSII\CORE\os_q.c                    0x00000000   Number         0  os_q.o ABSOLUTE
    ..\UCOSII\CORE\os_sem.c                  0x00000000   Number         0  os_sem.o ABSOLUTE
    ..\UCOSII\CORE\os_task.c                 0x00000000   Number         0  os_task.o ABSOLUTE
    ..\UCOSII\CORE\os_time.c                 0x00000000   Number         0  os_time.o ABSOLUTE
    ..\UCOSII\CORE\os_tmr.c                  0x00000000   Number         0  os_tmr.o ABSOLUTE
    ..\UCOSII\PORT\os_cpu_a.asm              0x00000000   Number         0  os_cpu_a.o ABSOLUTE
    ..\UCOSII\PORT\os_cpu_c.c                0x00000000   Number         0  os_cpu_c.o ABSOLUTE
    ..\UCOSII\PORT\os_dbg.c                  0x00000000   Number         0  os_dbg.o ABSOLUTE
    ..\\CORE\\core_cm3.c                     0x00000000   Number         0  core_cm3.o ABSOLUTE
    dc.s                                     0x00000000   Number         0  dc.o ABSOLUTE
    main.c                                   0x00000000   Number         0  main.o ABSOLUTE
    stm32f10x_it.c                           0x00000000   Number         0  stm32f10x_it.o ABSOLUTE
    system_stm32f10x.c                       0x00000000   Number         0  system_stm32f10x.o ABSOLUTE
    RESET                                    0x08000000   Section      304  startup_stm32f10x_hd.o(RESET)
    !!!main                                  0x08000130   Section        8  __main.o(!!!main)
    !!!scatter                               0x08000138   Section       52  __scatter.o(!!!scatter)
    !!handler_copy                           0x0800016c   Section       26  __scatter_copy.o(!!handler_copy)
    !!handler_zi                             0x08000188   Section       28  __scatter_zi.o(!!handler_zi)
    .ARM.Collect$$libinit$$00000000          0x080001a4   Section        6  libinit.o(.ARM.Collect$$libinit$$00000000)
    .ARM.Collect$$libinit$$00000006          0x080001aa   Section        0  libinit2.o(.ARM.Collect$$libinit$$00000006)
    .ARM.Collect$$libinit$$00000008          0x080001aa   Section        0  libinit2.o(.ARM.Collect$$libinit$$00000008)
    .ARM.Collect$$libinit$$0000000A          0x080001aa   Section        0  libinit2.o(.ARM.Collect$$libinit$$0000000A)
    .ARM.Collect$$libinit$$0000000D          0x080001aa   Section        0  libinit2.o(.ARM.Collect$$libinit$$0000000D)
    .ARM.Collect$$libinit$$0000000F          0x080001aa   Section        0  libinit2.o(.ARM.Collect$$libinit$$0000000F)
    .ARM.Collect$$libinit$$00000011          0x080001aa   Section        0  libinit2.o(.ARM.Collect$$libinit$$00000011)
    .ARM.Collect$$libinit$$00000013          0x080001aa   Section        0  libinit2.o(.ARM.Collect$$libinit$$00000013)
    .ARM.Collect$$libinit$$00000015          0x080001aa   Section        0  libinit2.o(.ARM.Collect$$libinit$$00000015)
    .ARM.Collect$$libinit$$00000017          0x080001aa   Section        0  libinit2.o(.ARM.Collect$$libinit$$00000017)
    .ARM.Collect$$libinit$$00000019          0x080001aa   Section        0  libinit2.o(.ARM.Collect$$libinit$$00000019)
    .ARM.Collect$$libinit$$0000001B          0x080001aa   Section        0  libinit2.o(.ARM.Collect$$libinit$$0000001B)
    .ARM.Collect$$libinit$$0000001D          0x080001aa   Section        0  libinit2.o(.ARM.Collect$$libinit$$0000001D)
    .ARM.Collect$$libinit$$0000001F          0x080001aa   Section        0  libinit2.o(.ARM.Collect$$libinit$$0000001F)
    .ARM.Collect$$libinit$$00000021          0x080001aa   Section        0  libinit2.o(.ARM.Collect$$libinit$$00000021)
    .ARM.Collect$$libinit$$00000028          0x080001aa   Section        0  libinit2.o(.ARM.Collect$$libinit$$00000028)
    .ARM.Collect$$libinit$$0000002A          0x080001aa   Section        0  libinit2.o(.ARM.Collect$$libinit$$0000002A)
    .ARM.Collect$$libinit$$0000002C          0x080001aa   Section        0  libinit2.o(.ARM.Collect$$libinit$$0000002C)
    .ARM.Collect$$libinit$$0000002E          0x080001aa   Section        0  libinit2.o(.ARM.Collect$$libinit$$0000002E)
    .ARM.Collect$$libinit$$0000002F          0x080001aa   Section        2  libinit2.o(.ARM.Collect$$libinit$$0000002F)
    .ARM.Collect$$libshutdown$$00000000      0x080001ac   Section        2  libshutdown.o(.ARM.Collect$$libshutdown$$00000000)
    .ARM.Collect$$libshutdown$$00000003      0x080001ae   Section        0  libshutdown2.o(.ARM.Collect$$libshutdown$$00000003)
    .ARM.Collect$$libshutdown$$00000006      0x080001ae   Section        0  libshutdown2.o(.ARM.Collect$$libshutdown$$00000006)
    .ARM.Collect$$libshutdown$$00000009      0x080001ae   Section        0  libshutdown2.o(.ARM.Collect$$libshutdown$$00000009)
    .ARM.Collect$$libshutdown$$0000000B      0x080001ae   Section        0  libshutdown2.o(.ARM.Collect$$libshutdown$$0000000B)
    .ARM.Collect$$libshutdown$$0000000E      0x080001ae   Section        0  libshutdown2.o(.ARM.Collect$$libshutdown$$0000000E)
    .ARM.Collect$$libshutdown$$0000000F      0x080001ae   Section        2  libshutdown2.o(.ARM.Collect$$libshutdown$$0000000F)
    .ARM.Collect$$rtentry$$00000000          0x080001b0   Section        0  rtentry.o(.ARM.Collect$$rtentry$$00000000)
    .ARM.Collect$$rtentry$$00000002          0x080001b0   Section        0  rtentry2.o(.ARM.Collect$$rtentry$$00000002)
    .ARM.Collect$$rtentry$$00000004          0x080001b0   Section        6  rtentry4.o(.ARM.Collect$$rtentry$$00000004)
    .ARM.Collect$$rtentry$$00000009          0x080001b6   Section        0  rtentry2.o(.ARM.Collect$$rtentry$$00000009)
    .ARM.Collect$$rtentry$$0000000A          0x080001b6   Section        4  rtentry2.o(.ARM.Collect$$rtentry$$0000000A)
    .ARM.Collect$$rtentry$$0000000C          0x080001ba   Section        0  rtentry2.o(.ARM.Collect$$rtentry$$0000000C)
    .ARM.Collect$$rtentry$$0000000D          0x080001ba   Section        8  rtentry2.o(.ARM.Collect$$rtentry$$0000000D)
    .ARM.Collect$$rtexit$$00000000           0x080001c2   Section        2  rtexit.o(.ARM.Collect$$rtexit$$00000000)
    .ARM.Collect$$rtexit$$00000002           0x080001c4   Section        0  rtexit2.o(.ARM.Collect$$rtexit$$00000002)
    .ARM.Collect$$rtexit$$00000003           0x080001c4   Section        4  rtexit2.o(.ARM.Collect$$rtexit$$00000003)
    .ARM.Collect$$rtexit$$00000004           0x080001c8   Section        6  rtexit2.o(.ARM.Collect$$rtexit$$00000004)
    .text                                    0x080001d0   Section        0  main.o(.text)
    .text                                    0x08001084   Section        0  stm32f10x_it.o(.text)
    .text                                    0x0800109c   Section        0  system_stm32f10x.o(.text)
    SetSysClockTo72                          0x0800109d   Thumb Code   192  system_stm32f10x.o(.text)
    SetSysClock                              0x0800115d   Thumb Code     8  system_stm32f10x.o(.text)
    .text                                    0x08001264   Section        0  adc.o(.text)
    .text                                    0x08001574   Section        0  task.o(.text)
    .text                                    0x080019f4   Section        0  delay.o(.text)
    .text                                    0x08001b08   Section        0  sys.o(.text)
    .text                                    0x08001b14   Section        0  usart.o(.text)
    .text                                    0x08001c5c   Section       64  startup_stm32f10x_hd.o(.text)
    .text                                    0x08001c9c   Section        0  misc.o(.text)
    .text                                    0x08001d78   Section        0  stm32f10x_gpio.o(.text)
    .text                                    0x080020d0   Section        0  stm32f10x_rcc.o(.text)
    .text                                    0x08002470   Section        0  stm32f10x_usart.o(.text)
    .text                                    0x0800287c   Section        0  stm32f10x_adc.o(.text)
    .text                                    0x08002cb8   Section        0  stm32f10x_tim.o(.text)
    TI4_Config                               0x08003143   Thumb Code   118  stm32f10x_tim.o(.text)
    TI3_Config                               0x080031cb   Thumb Code   114  stm32f10x_tim.o(.text)
    TI2_Config                               0x08003253   Thumb Code   118  stm32f10x_tim.o(.text)
    TI1_Config                               0x080032db   Thumb Code   106  stm32f10x_tim.o(.text)
    .text                                    0x08003a68   Section        0  os_core.o(.text)
    OS_InitTaskStat                          0x08003b13   Thumb Code    52  os_core.o(.text)
    OS_InitTaskIdle                          0x08003b69   Thumb Code    52  os_core.o(.text)
    OS_InitEventList                         0x08003baf   Thumb Code    74  os_core.o(.text)
    OS_InitTCBList                           0x08003bf9   Thumb Code   106  os_core.o(.text)
    OS_InitRdyList                           0x08003c63   Thumb Code    44  os_core.o(.text)
    OS_InitMisc                              0x08003c8f   Thumb Code    44  os_core.o(.text)
    OS_SchedNew                              0x08003d03   Thumb Code    26  os_core.o(.text)
    .text                                    0x08004328   Section        0  os_flag.o(.text)
    OS_FlagTaskRdy                           0x080044af   Thumb Code    96  os_flag.o(.text)
    OS_FlagBlock                             0x08004677   Thumb Code   168  os_flag.o(.text)
    .text                                    0x08004b84   Section        0  os_q.o(.text)
    .text                                    0x0800516c   Section        0  os_sem.o(.text)
    .text                                    0x080054f8   Section        0  os_task.o(.text)
    .text                                    0x08005ce4   Section        0  os_time.o(.text)
    .text                                    0x08005ea4   Section      180  os_cpu_a.o(.text)
    .text                                    0x08005f58   Section        0  os_cpu_c.o(.text)
    .text                                    0x08006006   Section        2  use_no_semi_2.o(.text)
    .text                                    0x08006008   Section        0  heapauxi.o(.text)
    .text                                    0x0800600e   Section        2  use_no_semi.o(.text)
    .text                                    0x08006010   Section        8  libspace.o(.text)
    .text                                    0x08006018   Section       74  sys_stackheap_outer.o(.text)
    .text                                    0x08006062   Section        0  exit.o(.text)
    .text                                    0x08006070   Section        8  rt_fp_status_addr_intlibspace.o(.text)
    x$fpl$dcmpinf                            0x08006078   Section       24  dcmpi.o(x$fpl$dcmpinf)
    x$fpl$dflt                               0x08006090   Section       46  dflt_clz.o(x$fpl$dflt)
    x$fpl$dfltu                              0x080060be   Section       38  dflt_clz.o(x$fpl$dfltu)
    x$fpl$dleqf                              0x080060e4   Section      120  dleqf.o(x$fpl$dleqf)
    x$fpl$dmul                               0x0800615c   Section      340  dmul.o(x$fpl$dmul)
    x$fpl$dnaninf                            0x080062b0   Section      156  dnaninf.o(x$fpl$dnaninf)
    x$fpl$dretinf                            0x0800634c   Section       12  dretinf.o(x$fpl$dretinf)
    x$fpl$fpinit                             0x08006358   Section       14  fpinit.o(x$fpl$fpinit)
    .constdata                               0x08006366   Section      256  os_core.o(.constdata)
    x$fpl$usenofp                            0x08006366   Section        0  usenofp.o(x$fpl$usenofp)
    .data                                    0x20000000   Section       45  main.o(.data)
    .data                                    0x20000030   Section       20  system_stm32f10x.o(.data)
    .data                                    0x20000044   Section       12  task.o(.data)
    .data                                    0x20000050   Section        4  delay.o(.data)
    fac_us                                   0x20000050   Data           1  delay.o(.data)
    fac_ms                                   0x20000052   Data           2  delay.o(.data)
    .data                                    0x20000054   Section        8  usart.o(.data)
    .data                                    0x2000005c   Section       20  stm32f10x_rcc.o(.data)
    APBAHBPrescTable                         0x2000005c   Data          16  stm32f10x_rcc.o(.data)
    ADCPrescTable                            0x2000006c   Data           4  stm32f10x_rcc.o(.data)
    .data                                    0x20000070   Section       72  os_core.o(.data)
    .bss                                     0x200000b8   Section    14592  main.o(.bss)
    .bss                                     0x200039b8   Section      200  usart.o(.bss)
    .bss                                     0x20003a80   Section     2688  os_core.o(.bss)
    .bss                                     0x20004500   Section       96  libspace.o(.bss)
    HEAP                                     0x20004560   Section      512  startup_stm32f10x_hd.o(HEAP)
    Heap_Mem                                 0x20004560   Data         512  startup_stm32f10x_hd.o(HEAP)
    STACK                                    0x20004760   Section     1024  startup_stm32f10x_hd.o(STACK)
    Stack_Mem                                0x20004760   Data        1024  startup_stm32f10x_hd.o(STACK)
    __initial_sp                             0x20004b60   Data           0  startup_stm32f10x_hd.o(STACK)

    Global Symbols

    Symbol Name                              Value     Ov Type        Size  Object(Section)

    BuildAttributes$$THM_ISAv4$P$D$K$B$S$PE$A:L22UL41UL21$X:L11$S22US41US21$IEEE1$IW$USESV6$~STKCKD$USESV7$~SHL$OTIME$ROPI$IEEEJ$EBA8$UX$STANDARDLIB$REQ8$PRES8$EABIv2 0x00000000   Number         0  anon$$obj.o ABSOLUTE
    __ARM_use_no_argv                        0x00000000   Number         0  main.o ABSOLUTE
    __ARM_exceptions_init                     - Undefined Weak Reference
    __alloca_initialize                       - Undefined Weak Reference
    __cpp_initialize__aeabi_                  - Undefined Weak Reference
    __cxa_finalize                            - Undefined Weak Reference
    __rt_locale                               - Undefined Weak Reference
    __sigvec_lookup                           - Undefined Weak Reference
    _atexit_init                              - Undefined Weak Reference
    _call_atexit_fns                          - Undefined Weak Reference
    _clock_init                               - Undefined Weak Reference
    _fp_trap_init                             - Undefined Weak Reference
    _fp_trap_shutdown                         - Undefined Weak Reference
    _get_lc_collate                           - Undefined Weak Reference
    _get_lc_ctype                             - Undefined Weak Reference
    _get_lc_monetary                          - Undefined Weak Reference
    _get_lc_numeric                           - Undefined Weak Reference
    _get_lc_time                              - Undefined Weak Reference
    _getenv_init                              - Undefined Weak Reference
    _handle_redirection                       - Undefined Weak Reference
    _init_alloc                               - Undefined Weak Reference
    _init_user_alloc                          - Undefined Weak Reference
    _initio                                   - Undefined Weak Reference
    _mutex_acquire                            - Undefined Weak Reference
    _mutex_release                            - Undefined Weak Reference
    _printf_post_padding                      - Undefined Weak Reference
    _printf_pre_padding                       - Undefined Weak Reference
    _printf_truncate_unsigned                 - Undefined Weak Reference
    _rand_init                                - Undefined Weak Reference
    _signal_finish                            - Undefined Weak Reference
    _signal_init                              - Undefined Weak Reference
    _terminate_alloc                          - Undefined Weak Reference
    _terminate_user_alloc                     - Undefined Weak Reference
    _terminateio                              - Undefined Weak Reference
    __Vectors_Size                           0x00000130   Number         0  startup_stm32f10x_hd.o ABSOLUTE
    __Vectors                                0x08000000   Data           4  startup_stm32f10x_hd.o(RESET)
    __Vectors_End                            0x08000130   Data           0  startup_stm32f10x_hd.o(RESET)
    __main                                   0x08000131   Thumb Code     8  __main.o(!!!main)
    __scatterload                            0x08000139   Thumb Code     0  __scatter.o(!!!scatter)
    __scatterload_rt2                        0x08000139   Thumb Code    44  __scatter.o(!!!scatter)
    __scatterload_rt2_thumb_only             0x08000139   Thumb Code     0  __scatter.o(!!!scatter)
    __scatterload_null                       0x08000147   Thumb Code     0  __scatter.o(!!!scatter)
    __scatterload_copy                       0x0800016d   Thumb Code    26  __scatter_copy.o(!!handler_copy)
    __scatterload_zeroinit                   0x08000189   Thumb Code    28  __scatter_zi.o(!!handler_zi)
    __rt_lib_init                            0x080001a5   Thumb Code     0  libinit.o(.ARM.Collect$$libinit$$00000000)
    __rt_lib_init_alloca_1                   0x080001ab   Thumb Code     0  libinit2.o(.ARM.Collect$$libinit$$0000002A)
    __rt_lib_init_argv_1                     0x080001ab   Thumb Code     0  libinit2.o(.ARM.Collect$$libinit$$00000028)
    __rt_lib_init_atexit_1                   0x080001ab   Thumb Code     0  libinit2.o(.ARM.Collect$$libinit$$00000017)
    __rt_lib_init_clock_1                    0x080001ab   Thumb Code     0  libinit2.o(.ARM.Collect$$libinit$$0000001D)
    __rt_lib_init_cpp_1                      0x080001ab   Thumb Code     0  libinit2.o(.ARM.Collect$$libinit$$0000002E)
    __rt_lib_init_exceptions_1               0x080001ab   Thumb Code     0  libinit2.o(.ARM.Collect$$libinit$$0000002C)
    __rt_lib_init_fp_trap_1                  0x080001ab   Thumb Code     0  libinit2.o(.ARM.Collect$$libinit$$0000001B)
    __rt_lib_init_getenv_1                   0x080001ab   Thumb Code     0  libinit2.o(.ARM.Collect$$libinit$$0000001F)
    __rt_lib_init_heap_1                     0x080001ab   Thumb Code     0  libinit2.o(.ARM.Collect$$libinit$$00000006)
    __rt_lib_init_lc_collate_1               0x080001ab   Thumb Code     0  libinit2.o(.ARM.Collect$$libinit$$0000000D)
    __rt_lib_init_lc_ctype_1                 0x080001ab   Thumb Code     0  libinit2.o(.ARM.Collect$$libinit$$0000000F)
    __rt_lib_init_lc_monetary_1              0x080001ab   Thumb Code     0  libinit2.o(.ARM.Collect$$libinit$$00000011)
    __rt_lib_init_lc_numeric_1               0x080001ab   Thumb Code     0  libinit2.o(.ARM.Collect$$libinit$$00000013)
    __rt_lib_init_lc_time_1                  0x080001ab   Thumb Code     0  libinit2.o(.ARM.Collect$$libinit$$00000015)
    __rt_lib_init_rand_1                     0x080001ab   Thumb Code     0  libinit2.o(.ARM.Collect$$libinit$$0000000A)
    __rt_lib_init_return                     0x080001ab   Thumb Code     0  libinit2.o(.ARM.Collect$$libinit$$0000002F)
    __rt_lib_init_signal_1                   0x080001ab   Thumb Code     0  libinit2.o(.ARM.Collect$$libinit$$00000019)
    __rt_lib_init_stdio_1                    0x080001ab   Thumb Code     0  libinit2.o(.ARM.Collect$$libinit$$00000021)
    __rt_lib_init_user_alloc_1               0x080001ab   Thumb Code     0  libinit2.o(.ARM.Collect$$libinit$$00000008)
    __rt_lib_shutdown                        0x080001ad   Thumb Code     0  libshutdown.o(.ARM.Collect$$libshutdown$$00000000)
    __rt_lib_shutdown_fp_trap_1              0x080001af   Thumb Code     0  libshutdown2.o(.ARM.Collect$$libshutdown$$00000006)
    __rt_lib_shutdown_heap_1                 0x080001af   Thumb Code     0  libshutdown2.o(.ARM.Collect$$libshutdown$$0000000E)
    __rt_lib_shutdown_return                 0x080001af   Thumb Code     0  libshutdown2.o(.ARM.Collect$$libshutdown$$0000000F)
    __rt_lib_shutdown_signal_1               0x080001af   Thumb Code     0  libshutdown2.o(.ARM.Collect$$libshutdown$$00000009)
    __rt_lib_shutdown_stdio_1                0x080001af   Thumb Code     0  libshutdown2.o(.ARM.Collect$$libshutdown$$00000003)
    __rt_lib_shutdown_user_alloc_1           0x080001af   Thumb Code     0  libshutdown2.o(.ARM.Collect$$libshutdown$$0000000B)
    __rt_entry                               0x080001b1   Thumb Code     0  rtentry.o(.ARM.Collect$$rtentry$$00000000)
    __rt_entry_presh_1                       0x080001b1   Thumb Code     0  rtentry2.o(.ARM.Collect$$rtentry$$00000002)
    __rt_entry_sh                            0x080001b1   Thumb Code     0  rtentry4.o(.ARM.Collect$$rtentry$$00000004)
    __rt_entry_li                            0x080001b7   Thumb Code     0  rtentry2.o(.ARM.Collect$$rtentry$$0000000A)
    __rt_entry_postsh_1                      0x080001b7   Thumb Code     0  rtentry2.o(.ARM.Collect$$rtentry$$00000009)
    __rt_entry_main                          0x080001bb   Thumb Code     0  rtentry2.o(.ARM.Collect$$rtentry$$0000000D)
    __rt_entry_postli_1                      0x080001bb   Thumb Code     0  rtentry2.o(.ARM.Collect$$rtentry$$0000000C)
    __rt_exit                                0x080001c3   Thumb Code     0  rtexit.o(.ARM.Collect$$rtexit$$00000000)
    __rt_exit_ls                             0x080001c5   Thumb Code     0  rtexit2.o(.ARM.Collect$$rtexit$$00000003)
    __rt_exit_prels_1                        0x080001c5   Thumb Code     0  rtexit2.o(.ARM.Collect$$rtexit$$00000002)
    __rt_exit_exit                           0x080001c9   Thumb Code     0  rtexit2.o(.ARM.Collect$$rtexit$$00000004)
    key_task                                 0x080001d1   Thumb Code   226  main.o(.text)
    sd1                                      0x080002b3   Thumb Code   338  main.o(.text)
    sb1                                      0x08000405   Thumb Code   338  main.o(.text)
    sa1                                      0x08000557   Thumb Code   506  main.o(.text)
    sd                                       0x08000751   Thumb Code   326  main.o(.text)
    sb                                       0x08000897   Thumb Code   326  main.o(.text)
    sa                                       0x080009dd   Thumb Code   454  main.o(.text)
    start_task                               0x08000ba3   Thumb Code   210  main.o(.text)
    main                                     0x08000c75   Thumb Code    52  main.o(.text)
    sc                                       0x08000ca9   Thumb Code   514  main.o(.text)
    sc1                                      0x08000eab   Thumb Code   442  main.o(.text)
    NMI_Handler                              0x08001085   Thumb Code     2  stm32f10x_it.o(.text)
    HardFault_Handler                        0x08001087   Thumb Code     4  stm32f10x_it.o(.text)
    MemManage_Handler                        0x0800108b   Thumb Code     4  stm32f10x_it.o(.text)
    BusFault_Handler                         0x0800108f   Thumb Code     4  stm32f10x_it.o(.text)
    UsageFault_Handler                       0x08001093   Thumb Code     4  stm32f10x_it.o(.text)
    SVC_Handler                              0x08001097   Thumb Code     2  stm32f10x_it.o(.text)
    DebugMon_Handler                         0x08001099   Thumb Code     2  stm32f10x_it.o(.text)
    SystemInit                               0x08001165   Thumb Code    78  system_stm32f10x.o(.text)
    SystemCoreClockUpdate                    0x080011b3   Thumb Code   142  system_stm32f10x.o(.text)
    Adc_Init                                 0x08001265   Thumb Code   408  adc.o(.text)
    Get_Adc1                                 0x080013fd   Thumb Code    46  adc.o(.text)
    Get_Adc2                                 0x0800142b   Thumb Code    46  adc.o(.text)
    Get_Adc1_28                              0x08001459   Thumb Code    46  adc.o(.text)
    Get_Adc2_28                              0x08001487   Thumb Code    46  adc.o(.text)
    deinit                                   0x080014b5   Thumb Code    84  adc.o(.text)
    Get_Adc1_Average                         0x08001509   Thumb Code    40  adc.o(.text)
    Get_Adc2_Average                         0x08001531   Thumb Code    40  adc.o(.text)
    bf_c                                     0x08001575   Thumb Code    48  task.o(.text)
    bg_c                                     0x080015a5   Thumb Code    72  task.o(.text)
    bfg_c                                    0x080015ed   Thumb Code    56  task.o(.text)
    bf_a                                     0x08001625   Thumb Code    48  task.o(.text)
    bg_a                                     0x08001655   Thumb Code    72  task.o(.text)
    bfg_a                                    0x0800169d   Thumb Code    56  task.o(.text)
    bf_c1                                    0x080016d5   Thumb Code    46  task.o(.text)
    bg_c1                                    0x08001703   Thumb Code    48  task.o(.text)
    bfg_c1                                   0x08001733   Thumb Code    56  task.o(.text)
    bf_a1                                    0x0800176b   Thumb Code    46  task.o(.text)
    bg_a1                                    0x08001799   Thumb Code    48  task.o(.text)
    bfg_a1                                   0x080017c9   Thumb Code    56  task.o(.text)
    TIM3_Int_Init                            0x08001801   Thumb Code    90  task.o(.text)
    TIM3_IRQHandler                          0x0800185b   Thumb Code    58  task.o(.text)
    distin_A_C                               0x08001895   Thumb Code   342  task.o(.text)
    SysTick_Handler                          0x080019f5   Thumb Code    16  delay.o(.text)
    delay_init                               0x08001a05   Thumb Code    76  delay.o(.text)
    delay_us                                 0x08001a51   Thumb Code    70  delay.o(.text)
    delay_ms                                 0x08001a97   Thumb Code    62  delay.o(.text)
    nodelay_ms                               0x08001ad5   Thumb Code    32  delay.o(.text)
    NVIC_Configuration                       0x08001b09   Thumb Code    12  sys.o(.text)
    _sys_exit                                0x08001b15   Thumb Code     6  usart.o(.text)
    fputc                                    0x08001b1b   Thumb Code    22  usart.o(.text)
    uart_init                                0x08001b31   Thumb Code   152  usart.o(.text)
    USART1_IRQHandler                        0x08001bc9   Thumb Code   130  usart.o(.text)
    Reset_Handler                            0x08001c5d   Thumb Code     8  startup_stm32f10x_hd.o(.text)
    ADC1_2_IRQHandler                        0x08001c77   Thumb Code     0  startup_stm32f10x_hd.o(.text)
    ADC3_IRQHandler                          0x08001c77   Thumb Code     0  startup_stm32f10x_hd.o(.text)
    CAN1_RX1_IRQHandler                      0x08001c77   Thumb Code     0  startup_stm32f10x_hd.o(.text)
    CAN1_SCE_IRQHandler                      0x08001c77   Thumb Code     0  startup_stm32f10x_hd.o(.text)
    DMA1_Channel1_IRQHandler                 0x08001c77   Thumb Code     0  startup_stm32f10x_hd.o(.text)
    DMA1_Channel2_IRQHandler                 0x08001c77   Thumb Code     0  startup_stm32f10x_hd.o(.text)
    DMA1_Channel3_IRQHandler                 0x08001c77   Thumb Code     0  startup_stm32f10x_hd.o(.text)
    DMA1_Channel4_IRQHandler                 0x08001c77   Thumb Code     0  startup_stm32f10x_hd.o(.text)
    DMA1_Channel5_IRQHandler                 0x08001c77   Thumb Code     0  startup_stm32f10x_hd.o(.text)
    DMA1_Channel6_IRQHandler                 0x08001c77   Thumb Code     0  startup_stm32f10x_hd.o(.text)
    DMA1_Channel7_IRQHandler                 0x08001c77   Thumb Code     0  startup_stm32f10x_hd.o(.text)
    DMA2_Channel1_IRQHandler                 0x08001c77   Thumb Code     0  startup_stm32f10x_hd.o(.text)
    DMA2_Channel2_IRQHandler                 0x08001c77   Thumb Code     0  startup_stm32f10x_hd.o(.text)
    DMA2_Channel3_IRQHandler                 0x08001c77   Thumb Code     0  startup_stm32f10x_hd.o(.text)
    DMA2_Channel4_5_IRQHandler               0x08001c77   Thumb Code     0  startup_stm32f10x_hd.o(.text)
    EXTI0_IRQHandler                         0x08001c77   Thumb Code     0  startup_stm32f10x_hd.o(.text)
    EXTI15_10_IRQHandler                     0x08001c77   Thumb Code     0  startup_stm32f10x_hd.o(.text)
    EXTI1_IRQHandler                         0x08001c77   Thumb Code     0  startup_stm32f10x_hd.o(.text)
    EXTI2_IRQHandler                         0x08001c77   Thumb Code     0  startup_stm32f10x_hd.o(.text)
    EXTI3_IRQHandler                         0x08001c77   Thumb Code     0  startup_stm32f10x_hd.o(.text)
    EXTI4_IRQHandler                         0x08001c77   Thumb Code     0  startup_stm32f10x_hd.o(.text)
    EXTI9_5_IRQHandler                       0x08001c77   Thumb Code     0  startup_stm32f10x_hd.o(.text)
    FLASH_IRQHandler                         0x08001c77   Thumb Code     0  startup_stm32f10x_hd.o(.text)
    FSMC_IRQHandler                          0x08001c77   Thumb Code     0  startup_stm32f10x_hd.o(.text)
    I2C1_ER_IRQHandler                       0x08001c77   Thumb Code     0  startup_stm32f10x_hd.o(.text)
    I2C1_EV_IRQHandler                       0x08001c77   Thumb Code     0  startup_stm32f10x_hd.o(.text)
    I2C2_ER_IRQHandler                       0x08001c77   Thumb Code     0  startup_stm32f10x_hd.o(.text)
    I2C2_EV_IRQHandler                       0x08001c77   Thumb Code     0  startup_stm32f10x_hd.o(.text)
    PVD_IRQHandler                           0x08001c77   Thumb Code     0  startup_stm32f10x_hd.o(.text)
    RCC_IRQHandler                           0x08001c77   Thumb Code     0  startup_stm32f10x_hd.o(.text)
    RTCAlarm_IRQHandler                      0x08001c77   Thumb Code     0  startup_stm32f10x_hd.o(.text)
    RTC_IRQHandler                           0x08001c77   Thumb Code     0  startup_stm32f10x_hd.o(.text)
    SDIO_IRQHandler                          0x08001c77   Thumb Code     0  startup_stm32f10x_hd.o(.text)
    SPI1_IRQHandler                          0x08001c77   Thumb Code     0  startup_stm32f10x_hd.o(.text)
    SPI2_IRQHandler                          0x08001c77   Thumb Code     0  startup_stm32f10x_hd.o(.text)
    SPI3_IRQHandler                          0x08001c77   Thumb Code     0  startup_stm32f10x_hd.o(.text)
    TAMPER_IRQHandler                        0x08001c77   Thumb Code     0  startup_stm32f10x_hd.o(.text)
    TIM1_BRK_IRQHandler                      0x08001c77   Thumb Code     0  startup_stm32f10x_hd.o(.text)
    TIM1_CC_IRQHandler                       0x08001c77   Thumb Code     0  startup_stm32f10x_hd.o(.text)
    TIM1_TRG_COM_IRQHandler                  0x08001c77   Thumb Code     0  startup_stm32f10x_hd.o(.text)
    TIM1_UP_IRQHandler                       0x08001c77   Thumb Code     0  startup_stm32f10x_hd.o(.text)
    TIM2_IRQHandler                          0x08001c77   Thumb Code     0  startup_stm32f10x_hd.o(.text)
    TIM4_IRQHandler                          0x08001c77   Thumb Code     0  startup_stm32f10x_hd.o(.text)
    TIM5_IRQHandler                          0x08001c77   Thumb Code     0  startup_stm32f10x_hd.o(.text)
    TIM6_IRQHandler                          0x08001c77   Thumb Code     0  startup_stm32f10x_hd.o(.text)
    TIM7_IRQHandler                          0x08001c77   Thumb Code     0  startup_stm32f10x_hd.o(.text)
    TIM8_BRK_IRQHandler                      0x08001c77   Thumb Code     0  startup_stm32f10x_hd.o(.text)
    TIM8_CC_IRQHandler                       0x08001c77   Thumb Code     0  startup_stm32f10x_hd.o(.text)
    TIM8_TRG_COM_IRQHandler                  0x08001c77   Thumb Code     0  startup_stm32f10x_hd.o(.text)
    TIM8_UP_IRQHandler                       0x08001c77   Thumb Code     0  startup_stm32f10x_hd.o(.text)
    UART4_IRQHandler                         0x08001c77   Thumb Code     0  startup_stm32f10x_hd.o(.text)
    UART5_IRQHandler                         0x08001c77   Thumb Code     0  startup_stm32f10x_hd.o(.text)
    USART2_IRQHandler                        0x08001c77   Thumb Code     0  startup_stm32f10x_hd.o(.text)
    USART3_IRQHandler                        0x08001c77   Thumb Code     0  startup_stm32f10x_hd.o(.text)
    USBWakeUp_IRQHandler                     0x08001c77   Thumb Code     0  startup_stm32f10x_hd.o(.text)
    USB_HP_CAN1_TX_IRQHandler                0x08001c77   Thumb Code     0  startup_stm32f10x_hd.o(.text)
    USB_LP_CAN1_RX0_IRQHandler               0x08001c77   Thumb Code     0  startup_stm32f10x_hd.o(.text)
    WWDG_IRQHandler                          0x08001c77   Thumb Code     0  startup_stm32f10x_hd.o(.text)
    __user_initial_stackheap                 0x08001c79   Thumb Code     0  startup_stm32f10x_hd.o(.text)
    NVIC_PriorityGroupConfig                 0x08001c9d   Thumb Code    10  misc.o(.text)
    NVIC_Init                                0x08001ca7   Thumb Code   102  misc.o(.text)
    NVIC_SetVectorTable                      0x08001d0d   Thumb Code    14  misc.o(.text)
    NVIC_SystemLPConfig                      0x08001d1b   Thumb Code    34  misc.o(.text)
    SysTick_CLKSourceConfig                  0x08001d3d   Thumb Code    40  misc.o(.text)
    GPIO_DeInit                              0x08001d79   Thumb Code   172  stm32f10x_gpio.o(.text)
    GPIO_AFIODeInit                          0x08001e25   Thumb Code    20  stm32f10x_gpio.o(.text)
    GPIO_Init                                0x08001e39   Thumb Code   274  stm32f10x_gpio.o(.text)
    GPIO_StructInit                          0x08001f4b   Thumb Code    16  stm32f10x_gpio.o(.text)
    GPIO_ReadInputDataBit                    0x08001f5b   Thumb Code    18  stm32f10x_gpio.o(.text)
    GPIO_ReadInputData                       0x08001f6d   Thumb Code     8  stm32f10x_gpio.o(.text)
    GPIO_ReadOutputDataBit                   0x08001f75   Thumb Code    18  stm32f10x_gpio.o(.text)
    GPIO_ReadOutputData                      0x08001f87   Thumb Code     8  stm32f10x_gpio.o(.text)
    GPIO_SetBits                             0x08001f8f   Thumb Code     4  stm32f10x_gpio.o(.text)
    GPIO_ResetBits                           0x08001f93   Thumb Code     4  stm32f10x_gpio.o(.text)
    GPIO_WriteBit                            0x08001f97   Thumb Code    10  stm32f10x_gpio.o(.text)
    GPIO_Write                               0x08001fa1   Thumb Code     4  stm32f10x_gpio.o(.text)
    GPIO_PinLockConfig                       0x08001fa5   Thumb Code    18  stm32f10x_gpio.o(.text)
    GPIO_EventOutputConfig                   0x08001fb7   Thumb Code    26  stm32f10x_gpio.o(.text)
    GPIO_EventOutputCmd                      0x08001fd1   Thumb Code     6  stm32f10x_gpio.o(.text)
    GPIO_PinRemapConfig                      0x08001fd7   Thumb Code   138  stm32f10x_gpio.o(.text)
    GPIO_EXTILineConfig                      0x08002061   Thumb Code    66  stm32f10x_gpio.o(.text)
    GPIO_ETH_MediaInterfaceConfig            0x080020a3   Thumb Code     6  stm32f10x_gpio.o(.text)
    RCC_DeInit                               0x080020d1   Thumb Code    64  stm32f10x_rcc.o(.text)
    RCC_HSEConfig                            0x08002111   Thumb Code    70  stm32f10x_rcc.o(.text)
    RCC_GetFlagStatus                        0x08002157   Thumb Code    56  stm32f10x_rcc.o(.text)
    RCC_WaitForHSEStartUp                    0x0800218f   Thumb Code    48  stm32f10x_rcc.o(.text)
    RCC_AdjustHSICalibrationValue            0x080021bf   Thumb Code    20  stm32f10x_rcc.o(.text)
    RCC_HSICmd                               0x080021d3   Thumb Code     6  stm32f10x_rcc.o(.text)
    RCC_PLLConfig                            0x080021d9   Thumb Code    24  stm32f10x_rcc.o(.text)
    RCC_PLLCmd                               0x080021f1   Thumb Code     6  stm32f10x_rcc.o(.text)
    RCC_SYSCLKConfig                         0x080021f7   Thumb Code    18  stm32f10x_rcc.o(.text)
    RCC_GetSYSCLKSource                      0x08002209   Thumb Code    10  stm32f10x_rcc.o(.text)
    RCC_HCLKConfig                           0x08002213   Thumb Code    18  stm32f10x_rcc.o(.text)
    RCC_PCLK1Config                          0x08002225   Thumb Code    18  stm32f10x_rcc.o(.text)
    RCC_PCLK2Config                          0x08002237   Thumb Code    20  stm32f10x_rcc.o(.text)
    RCC_ITConfig                             0x0800224b   Thumb Code    30  stm32f10x_rcc.o(.text)
    RCC_USBCLKConfig                         0x08002269   Thumb Code     6  stm32f10x_rcc.o(.text)
    RCC_ADCCLKConfig                         0x0800226f   Thumb Code    18  stm32f10x_rcc.o(.text)
    RCC_LSEConfig                            0x08002281   Thumb Code    44  stm32f10x_rcc.o(.text)
    RCC_LSICmd                               0x080022ad   Thumb Code     6  stm32f10x_rcc.o(.text)
    RCC_RTCCLKConfig                         0x080022b3   Thumb Code    12  stm32f10x_rcc.o(.text)
    RCC_RTCCLKCmd                            0x080022bf   Thumb Code     8  stm32f10x_rcc.o(.text)
    RCC_GetClocksFreq                        0x080022c7   Thumb Code   192  stm32f10x_rcc.o(.text)
    RCC_AHBPeriphClockCmd                    0x08002387   Thumb Code    26  stm32f10x_rcc.o(.text)
    RCC_APB2PeriphClockCmd                   0x080023a1   Thumb Code    26  stm32f10x_rcc.o(.text)
    RCC_APB1PeriphClockCmd                   0x080023bb   Thumb Code    26  stm32f10x_rcc.o(.text)
    RCC_APB2PeriphResetCmd                   0x080023d5   Thumb Code    26  stm32f10x_rcc.o(.text)
    RCC_APB1PeriphResetCmd                   0x080023ef   Thumb Code    26  stm32f10x_rcc.o(.text)
    RCC_BackupResetCmd                       0x08002409   Thumb Code     8  stm32f10x_rcc.o(.text)
    RCC_ClockSecuritySystemCmd               0x08002411   Thumb Code     6  stm32f10x_rcc.o(.text)
    RCC_MCOConfig                            0x08002417   Thumb Code     6  stm32f10x_rcc.o(.text)
    RCC_ClearFlag                            0x0800241d   Thumb Code    14  stm32f10x_rcc.o(.text)
    RCC_GetITStatus                          0x0800242b   Thumb Code    20  stm32f10x_rcc.o(.text)
    RCC_ClearITPendingBit                    0x0800243f   Thumb Code     6  stm32f10x_rcc.o(.text)
    USART_DeInit                             0x08002471   Thumb Code   134  stm32f10x_usart.o(.text)
    USART_Init                               0x080024f7   Thumb Code   210  stm32f10x_usart.o(.text)
    USART_StructInit                         0x080025c9   Thumb Code    24  stm32f10x_usart.o(.text)
    USART_ClockInit                          0x080025e1   Thumb Code    34  stm32f10x_usart.o(.text)
    USART_ClockStructInit                    0x08002603   Thumb Code    12  stm32f10x_usart.o(.text)
    USART_Cmd                                0x0800260f   Thumb Code    24  stm32f10x_usart.o(.text)
    USART_ITConfig                           0x08002627   Thumb Code    74  stm32f10x_usart.o(.text)
    USART_DMACmd                             0x08002671   Thumb Code    24  stm32f10x_usart.o(.text)
    USART_SetAddress                         0x08002689   Thumb Code    18  stm32f10x_usart.o(.text)
    USART_WakeUpConfig                       0x0800269b   Thumb Code    18  stm32f10x_usart.o(.text)
    USART_ReceiverWakeUpCmd                  0x080026ad   Thumb Code    24  stm32f10x_usart.o(.text)
    USART_LINBreakDetectLengthConfig         0x080026c5   Thumb Code    18  stm32f10x_usart.o(.text)
    USART_LINCmd                             0x080026d7   Thumb Code    24  stm32f10x_usart.o(.text)
    USART_SendData                           0x080026ef   Thumb Code     8  stm32f10x_usart.o(.text)
    USART_ReceiveData                        0x080026f7   Thumb Code    10  stm32f10x_usart.o(.text)
    USART_SendBreak                          0x08002701   Thumb Code    10  stm32f10x_usart.o(.text)
    USART_SetGuardTime                       0x0800270b   Thumb Code    16  stm32f10x_usart.o(.text)
    USART_SetPrescaler                       0x0800271b   Thumb Code    16  stm32f10x_usart.o(.text)
    USART_SmartCardCmd                       0x0800272b   Thumb Code    24  stm32f10x_usart.o(.text)
    USART_SmartCardNACKCmd                   0x08002743   Thumb Code    24  stm32f10x_usart.o(.text)
    USART_HalfDuplexCmd                      0x0800275b   Thumb Code    24  stm32f10x_usart.o(.text)
    USART_OverSampling8Cmd                   0x08002773   Thumb Code    22  stm32f10x_usart.o(.text)
    USART_OneBitMethodCmd                    0x08002789   Thumb Code    24  stm32f10x_usart.o(.text)
    USART_IrDAConfig                         0x080027a1   Thumb Code    18  stm32f10x_usart.o(.text)
    USART_IrDACmd                            0x080027b3   Thumb Code    24  stm32f10x_usart.o(.text)
    USART_GetFlagStatus                      0x080027cb   Thumb Code    26  stm32f10x_usart.o(.text)
    USART_ClearFlag                          0x080027e5   Thumb Code    18  stm32f10x_usart.o(.text)
    USART_GetITStatus                        0x080027f7   Thumb Code    84  stm32f10x_usart.o(.text)
    USART_ClearITPendingBit                  0x0800284b   Thumb Code    50  stm32f10x_usart.o(.text)
    ADC_DeInit                               0x0800287d   Thumb Code    78  stm32f10x_adc.o(.text)
    ADC_Init                                 0x080028cb   Thumb Code    70  stm32f10x_adc.o(.text)
    ADC_StructInit                           0x08002911   Thumb Code    18  stm32f10x_adc.o(.text)
    ADC_Cmd                                  0x08002923   Thumb Code    22  stm32f10x_adc.o(.text)
    ADC_DMACmd                               0x08002939   Thumb Code    22  stm32f10x_adc.o(.text)
    ADC_ITConfig                             0x0800294f   Thumb Code    24  stm32f10x_adc.o(.text)
    ADC_ResetCalibration                     0x08002967   Thumb Code    10  stm32f10x_adc.o(.text)
    ADC_GetResetCalibrationStatus            0x08002971   Thumb Code    20  stm32f10x_adc.o(.text)
    ADC_StartCalibration                     0x08002985   Thumb Code    10  stm32f10x_adc.o(.text)
    ADC_GetCalibrationStatus                 0x0800298f   Thumb Code    20  stm32f10x_adc.o(.text)
    ADC_SoftwareStartConvCmd                 0x080029a3   Thumb Code    22  stm32f10x_adc.o(.text)
    ADC_GetSoftwareStartConvStatus           0x080029b9   Thumb Code    20  stm32f10x_adc.o(.text)
    ADC_DiscModeChannelCountConfig           0x080029cd   Thumb Code    24  stm32f10x_adc.o(.text)
    ADC_DiscModeCmd                          0x080029e5   Thumb Code    22  stm32f10x_adc.o(.text)
    ADC_RegularChannelConfig                 0x080029fb   Thumb Code   184  stm32f10x_adc.o(.text)
    ADC_ExternalTrigConvCmd                  0x08002ab3   Thumb Code    22  stm32f10x_adc.o(.text)
    ADC_GetConversionValue                   0x08002ac9   Thumb Code     8  stm32f10x_adc.o(.text)
    ADC_GetDualModeConversionValue           0x08002ad1   Thumb Code     8  stm32f10x_adc.o(.text)
    ADC_AutoInjectedConvCmd                  0x08002ad9   Thumb Code    22  stm32f10x_adc.o(.text)
    ADC_InjectedDiscModeCmd                  0x08002aef   Thumb Code    22  stm32f10x_adc.o(.text)
    ADC_ExternalTrigInjectedConvConfig       0x08002b05   Thumb Code    16  stm32f10x_adc.o(.text)
    ADC_ExternalTrigInjectedConvCmd          0x08002b15   Thumb Code    22  stm32f10x_adc.o(.text)
    ADC_SoftwareStartInjectedConvCmd         0x08002b2b   Thumb Code    22  stm32f10x_adc.o(.text)
    ADC_GetSoftwareStartInjectedConvCmdStatus 0x08002b41   Thumb Code    20  stm32f10x_adc.o(.text)
    ADC_InjectedChannelConfig                0x08002b55   Thumb Code   130  stm32f10x_adc.o(.text)
    ADC_InjectedSequencerLengthConfig        0x08002bd7   Thumb Code    24  stm32f10x_adc.o(.text)
    ADC_SetInjectedOffset                    0x08002bef   Thumb Code    12  stm32f10x_adc.o(.text)
    ADC_GetInjectedConversionValue           0x08002bfb   Thumb Code    18  stm32f10x_adc.o(.text)
    ADC_AnalogWatchdogCmd                    0x08002c0d   Thumb Code    16  stm32f10x_adc.o(.text)
    ADC_AnalogWatchdogThresholdsConfig       0x08002c1d   Thumb Code     6  stm32f10x_adc.o(.text)
    ADC_AnalogWatchdogSingleChannelConfig    0x08002c23   Thumb Code    16  stm32f10x_adc.o(.text)
    ADC_TempSensorVrefintCmd                 0x08002c33   Thumb Code    38  stm32f10x_adc.o(.text)
    ADC_GetFlagStatus                        0x08002c59   Thumb Code    44  stm32f10x_adc.o(.text)
    ADC_ClearFlag                            0x08002c85   Thumb Code     6  stm32f10x_adc.o(.text)
    ADC_GetITStatus                          0x08002c8b   Thumb Code    36  stm32f10x_adc.o(.text)
    ADC_ClearITPendingBit                    0x08002caf   Thumb Code    10  stm32f10x_adc.o(.text)
    TIM_DeInit                               0x08002cb9   Thumb Code   424  stm32f10x_tim.o(.text)
    TIM_TimeBaseInit                         0x08002e61   Thumb Code   122  stm32f10x_tim.o(.text)
    TIM_OC1Init                              0x08002edb   Thumb Code   132  stm32f10x_tim.o(.text)
    TIM_OC2Init                              0x08002f5f   Thumb Code   146  stm32f10x_tim.o(.text)
    TIM_OC3Init                              0x08002ff1   Thumb Code   142  stm32f10x_tim.o(.text)
    TIM_OC4Init                              0x0800307f   Thumb Code   174  stm32f10x_tim.o(.text)
    TIM_SetIC4Prescaler                      0x0800312d   Thumb Code    22  stm32f10x_tim.o(.text)
    TIM_SetIC3Prescaler                      0x080031b9   Thumb Code    18  stm32f10x_tim.o(.text)
    TIM_SetIC2Prescaler                      0x0800323d   Thumb Code    22  stm32f10x_tim.o(.text)
    TIM_SetIC1Prescaler                      0x080032c9   Thumb Code    18  stm32f10x_tim.o(.text)
    TIM_ICInit                               0x08003345   Thumb Code   150  stm32f10x_tim.o(.text)
    TIM_PWMIConfig                           0x080033db   Thumb Code   124  stm32f10x_tim.o(.text)
    TIM_BDTRConfig                           0x08003457   Thumb Code    32  stm32f10x_tim.o(.text)
    TIM_TimeBaseStructInit                   0x08003477   Thumb Code    18  stm32f10x_tim.o(.text)
    TIM_OCStructInit                         0x08003489   Thumb Code    20  stm32f10x_tim.o(.text)
    TIM_ICStructInit                         0x0800349d   Thumb Code    18  stm32f10x_tim.o(.text)
    TIM_BDTRStructInit                       0x080034af   Thumb Code    18  stm32f10x_tim.o(.text)
    TIM_Cmd                                  0x080034c1   Thumb Code    24  stm32f10x_tim.o(.text)
    TIM_CtrlPWMOutputs                       0x080034d9   Thumb Code    50  stm32f10x_tim.o(.text)
    TIM_ITConfig                             0x0800350b   Thumb Code    24  stm32f10x_tim.o(.text)
    TIM_GenerateEvent                        0x08003523   Thumb Code     4  stm32f10x_tim.o(.text)
    TIM_DMAConfig                            0x08003527   Thumb Code    10  stm32f10x_tim.o(.text)
    TIM_DMACmd                               0x08003531   Thumb Code    24  stm32f10x_tim.o(.text)
    TIM_InternalClockConfig                  0x08003549   Thumb Code    12  stm32f10x_tim.o(.text)
    TIM_SelectInputTrigger                   0x08003555   Thumb Code    18  stm32f10x_tim.o(.text)
    TIM_ITRxExternalClockConfig              0x08003567   Thumb Code    24  stm32f10x_tim.o(.text)
    TIM_TIxExternalClockConfig               0x0800357f   Thumb Code    62  stm32f10x_tim.o(.text)
    TIM_ETRConfig                            0x080035bd   Thumb Code    24  stm32f10x_tim.o(.text)
    TIM_ETRClockMode1Config                  0x080035d5   Thumb Code    54  stm32f10x_tim.o(.text)
    TIM_ETRClockMode2Config                  0x0800360b   Thumb Code    32  stm32f10x_tim.o(.text)
    TIM_PrescalerConfig                      0x0800362b   Thumb Code     6  stm32f10x_tim.o(.text)
    TIM_CounterModeConfig                    0x08003631   Thumb Code    18  stm32f10x_tim.o(.text)
    TIM_EncoderInterfaceConfig               0x08003643   Thumb Code    62  stm32f10x_tim.o(.text)
    TIM_ForcedOC1Config                      0x08003681   Thumb Code    18  stm32f10x_tim.o(.text)
    TIM_ForcedOC2Config                      0x08003693   Thumb Code    22  stm32f10x_tim.o(.text)
    TIM_ForcedOC3Config                      0x080036a9   Thumb Code    18  stm32f10x_tim.o(.text)
    TIM_ForcedOC4Config                      0x080036bb   Thumb Code    22  stm32f10x_tim.o(.text)
    TIM_ARRPreloadConfig                     0x080036d1   Thumb Code    24  stm32f10x_tim.o(.text)
    TIM_SelectCOM                            0x080036e9   Thumb Code    24  stm32f10x_tim.o(.text)
    TIM_SelectCCDMA                          0x08003701   Thumb Code    24  stm32f10x_tim.o(.text)
    TIM_CCPreloadControl                     0x08003719   Thumb Code    24  stm32f10x_tim.o(.text)
    TIM_OC1PreloadConfig                     0x08003731   Thumb Code    18  stm32f10x_tim.o(.text)
    TIM_OC2PreloadConfig                     0x08003743   Thumb Code    22  stm32f10x_tim.o(.text)
    TIM_OC3PreloadConfig                     0x08003759   Thumb Code    18  stm32f10x_tim.o(.text)
    TIM_OC4PreloadConfig                     0x0800376b   Thumb Code    22  stm32f10x_tim.o(.text)
    TIM_OC1FastConfig                        0x08003781   Thumb Code    18  stm32f10x_tim.o(.text)
    TIM_OC2FastConfig                        0x08003793   Thumb Code    22  stm32f10x_tim.o(.text)
    TIM_OC3FastConfig                        0x080037a9   Thumb Code    18  stm32f10x_tim.o(.text)
    TIM_OC4FastConfig                        0x080037bb   Thumb Code    22  stm32f10x_tim.o(.text)
    TIM_ClearOC1Ref                          0x080037d1   Thumb Code    18  stm32f10x_tim.o(.text)
    TIM_ClearOC2Ref                          0x080037e3   Thumb Code    20  stm32f10x_tim.o(.text)
    TIM_ClearOC3Ref                          0x080037f7   Thumb Code    18  stm32f10x_tim.o(.text)
    TIM_ClearOC4Ref                          0x08003809   Thumb Code    20  stm32f10x_tim.o(.text)
    TIM_OC1PolarityConfig                    0x0800381d   Thumb Code    18  stm32f10x_tim.o(.text)
    TIM_OC1NPolarityConfig                   0x0800382f   Thumb Code    18  stm32f10x_tim.o(.text)
    TIM_OC2PolarityConfig                    0x08003841   Thumb Code    22  stm32f10x_tim.o(.text)
    TIM_OC2NPolarityConfig                   0x08003857   Thumb Code    22  stm32f10x_tim.o(.text)
    TIM_OC3PolarityConfig                    0x0800386d   Thumb Code    22  stm32f10x_tim.o(.text)
    TIM_OC3NPolarityConfig                   0x08003883   Thumb Code    22  stm32f10x_tim.o(.text)
    TIM_OC4PolarityConfig                    0x08003899   Thumb Code    22  stm32f10x_tim.o(.text)
    TIM_CCxCmd                               0x080038af   Thumb Code    34  stm32f10x_tim.o(.text)
    TIM_CCxNCmd                              0x080038d1   Thumb Code    34  stm32f10x_tim.o(.text)
    TIM_SelectOCxM                           0x080038f3   Thumb Code    82  stm32f10x_tim.o(.text)
    TIM_UpdateDisableConfig                  0x08003945   Thumb Code    24  stm32f10x_tim.o(.text)
    TIM_UpdateRequestConfig                  0x0800395d   Thumb Code    24  stm32f10x_tim.o(.text)
    TIM_SelectHallSensor                     0x08003975   Thumb Code    24  stm32f10x_tim.o(.text)
    TIM_SelectOnePulseMode                   0x0800398d   Thumb Code    18  stm32f10x_tim.o(.text)
    TIM_SelectOutputTrigger                  0x0800399f   Thumb Code    18  stm32f10x_tim.o(.text)
    TIM_SelectSlaveMode                      0x080039b1   Thumb Code    18  stm32f10x_tim.o(.text)
    TIM_SelectMasterSlaveMode                0x080039c3   Thumb Code    18  stm32f10x_tim.o(.text)
    TIM_SetCounter                           0x080039d5   Thumb Code     4  stm32f10x_tim.o(.text)
    TIM_SetAutoreload                        0x080039d9   Thumb Code     4  stm32f10x_tim.o(.text)
    TIM_SetCompare1                          0x080039dd   Thumb Code     4  stm32f10x_tim.o(.text)
    TIM_SetCompare2                          0x080039e1   Thumb Code     4  stm32f10x_tim.o(.text)
    TIM_SetCompare3                          0x080039e5   Thumb Code     4  stm32f10x_tim.o(.text)
    TIM_SetCompare4                          0x080039e9   Thumb Code     6  stm32f10x_tim.o(.text)
    TIM_SetClockDivision                     0x080039ef   Thumb Code    18  stm32f10x_tim.o(.text)
    TIM_GetCapture1                          0x08003a01   Thumb Code     6  stm32f10x_tim.o(.text)
    TIM_GetCapture2                          0x08003a07   Thumb Code     6  stm32f10x_tim.o(.text)
    TIM_GetCapture3                          0x08003a0d   Thumb Code     6  stm32f10x_tim.o(.text)
    TIM_GetCapture4                          0x08003a13   Thumb Code     8  stm32f10x_tim.o(.text)
    TIM_GetCounter                           0x08003a1b   Thumb Code     6  stm32f10x_tim.o(.text)
    TIM_GetPrescaler                         0x08003a21   Thumb Code     6  stm32f10x_tim.o(.text)
    TIM_GetFlagStatus                        0x08003a27   Thumb Code    18  stm32f10x_tim.o(.text)
    TIM_ClearFlag                            0x08003a39   Thumb Code     6  stm32f10x_tim.o(.text)
    TIM_GetITStatus                          0x08003a3f   Thumb Code    34  stm32f10x_tim.o(.text)
    TIM_ClearITPendingBit                    0x08003a61   Thumb Code     6  stm32f10x_tim.o(.text)
    OS_TaskStatStkChk                        0x08003a69   Thumb Code    54  os_core.o(.text)
    OS_TaskStat                              0x08003a9f   Thumb Code   116  os_core.o(.text)
    OS_TaskIdle                              0x08003b47   Thumb Code    34  os_core.o(.text)
    OS_MemClr                                0x08003b9d   Thumb Code    18  os_core.o(.text)
    OSInit                                   0x08003cbb   Thumb Code    44  os_core.o(.text)
    OSIntEnter                               0x08003ce7   Thumb Code    28  os_core.o(.text)
    OSIntExit                                0x08003d1d   Thumb Code   112  os_core.o(.text)
    OSSchedLock                              0x08003d8d   Thumb Code    50  os_core.o(.text)
    OS_Sched                                 0x08003dbf   Thumb Code    88  os_core.o(.text)
    OSSchedUnlock                            0x08003e17   Thumb Code   238  os_core.o(.text)
    OSStart                                  0x08003f05   Thumb Code    48  os_core.o(.text)
    OSStatInit                               0x08003f35   Thumb Code    62  os_core.o(.text)
    OSTimeTick                               0x08003f73   Thumb Code   218  os_core.o(.text)
    OSVersion                                0x0800404d   Thumb Code     6  os_core.o(.text)
    OS_Dummy                                 0x08004053   Thumb Code     2  os_core.o(.text)
    OS_EventTaskRemove                       0x08004055   Thumb Code    50  os_core.o(.text)
    OS_EventTaskRdy                          0x08004087   Thumb Code   124  os_core.o(.text)
    OS_EventTaskWait                         0x08004103   Thumb Code   120  os_core.o(.text)
    OS_EventWaitListInit                     0x0800417b   Thumb Code    28  os_core.o(.text)
    OS_MemCopy                               0x08004197   Thumb Code    20  os_core.o(.text)
    OS_StrLen                                0x080041ab   Thumb Code    20  os_core.o(.text)
    OS_TCBInit                               0x080041bf   Thumb Code   362  os_core.o(.text)
    OSFlagAccept                             0x08004329   Thumb Code   268  os_flag.o(.text)
    OSFlagCreate                             0x08004435   Thumb Code    86  os_flag.o(.text)
    OS_FlagUnlink                            0x0800448b   Thumb Code    36  os_flag.o(.text)
    OSFlagDel                                0x0800450f   Thumb Code   214  os_flag.o(.text)
    OSFlagNameGet                            0x080045e5   Thumb Code    80  os_flag.o(.text)
    OSFlagNameSet                            0x08004635   Thumb Code    66  os_flag.o(.text)
    OSFlagPend                               0x0800471f   Thumb Code   636  os_flag.o(.text)
    OSFlagPendGetFlagsRdy                    0x0800499b   Thumb Code    26  os_flag.o(.text)
    OSFlagPost                               0x080049b5   Thumb Code   324  os_flag.o(.text)
    OSFlagQuery                              0x08004af9   Thumb Code    48  os_flag.o(.text)
    OS_FlagInit                              0x08004b29   Thumb Code    78  os_flag.o(.text)
    OSQAccept                                0x08004b85   Thumb Code    88  os_q.o(.text)
    OSQCreate                                0x08004bdd   Thumb Code   140  os_q.o(.text)
    OSQDel                                   0x08004c69   Thumb Code   236  os_q.o(.text)
    OSQFlush                                 0x08004d55   Thumb Code    36  os_q.o(.text)
    OSQPend                                  0x08004d79   Thumb Code   272  os_q.o(.text)
    OSQPendAbort                             0x08004e89   Thumb Code   128  os_q.o(.text)
    OSQPost                                  0x08004f09   Thumb Code   114  os_q.o(.text)
    OSQPostFront                             0x08004f7b   Thumb Code   136  os_q.o(.text)
    OSQPostOpt                               0x08005003   Thumb Code   182  os_q.o(.text)
    OSQQuery                                 0x080050b9   Thumb Code    98  os_q.o(.text)
    OS_QInit                                 0x0800511b   Thumb Code    72  os_q.o(.text)
    OSSemAccept                              0x0800516d   Thumb Code    42  os_sem.o(.text)
    OSSemCreate                              0x08005197   Thumb Code    68  os_sem.o(.text)
    OSSemDel                                 0x080051db   Thumb Code   200  os_sem.o(.text)
    OSSemPend                                0x080052a3   Thumb Code   222  os_sem.o(.text)
    OSSemPendAbort                           0x08005381   Thumb Code   128  os_sem.o(.text)
    OSSemPost                                0x08005401   Thumb Code    88  os_sem.o(.text)
    OSSemQuery                               0x08005459   Thumb Code    76  os_sem.o(.text)
    OSSemSet                                 0x080054a5   Thumb Code    66  os_sem.o(.text)
    OSTaskChangePrio                         0x080054f9   Thumb Code   326  os_task.o(.text)
    OSTaskCreate                             0x0800563f   Thumb Code   148  os_task.o(.text)
    OS_TaskStkClr                            0x080056d3   Thumb Code    26  os_task.o(.text)
    OSTaskCreateExt                          0x080056ed   Thumb Code   170  os_task.o(.text)
    OSTaskDel                                0x08005797   Thumb Code   302  os_task.o(.text)
    OSTaskDelReq                             0x080058c5   Thumb Code   146  os_task.o(.text)
    OSTaskNameGet                            0x08005957   Thumb Code   114  os_task.o(.text)
    OSTaskNameSet                            0x080059c9   Thumb Code    98  os_task.o(.text)
    OSTaskResume                             0x08005a2b   Thumb Code   160  os_task.o(.text)
    OSTaskStkChk                             0x08005acb   Thumb Code   132  os_task.o(.text)
    OSTaskSuspend                            0x08005b4f   Thumb Code   160  os_task.o(.text)
    OSTaskQuery                              0x08005bef   Thumb Code    82  os_task.o(.text)
    OSTaskRegGet                             0x08005c41   Thumb Code    60  os_task.o(.text)
    OSTaskRegSet                             0x08005c7d   Thumb Code    62  os_task.o(.text)
    OS_TaskReturn                            0x08005cbb   Thumb Code    18  os_task.o(.text)
    OSTimeDly                                0x08005ce5   Thumb Code   108  os_time.o(.text)
    OSTimeDlyHMSM                            0x08005d51   Thumb Code    86  os_time.o(.text)
    OSTimeDlyResume                          0x08005da7   Thumb Code   176  os_time.o(.text)
    OSTimeGet                                0x08005e57   Thumb Code    24  os_time.o(.text)
    OSTimeSet                                0x08005e6f   Thumb Code    24  os_time.o(.text)
    OS_CPU_SR_Save                           0x08005ea5   Thumb Code     0  os_cpu_a.o(.text)
    OS_CPU_SR_Restore                        0x08005ead   Thumb Code     0  os_cpu_a.o(.text)
    OSStartHighRdy                           0x08005eb3   Thumb Code     0  os_cpu_a.o(.text)
    OSCtxSw                                  0x08005ed5   Thumb Code     0  os_cpu_a.o(.text)
    OSIntCtxSw                               0x08005ee3   Thumb Code     0  os_cpu_a.o(.text)
    PendSV_Handler                           0x08005ef3   Thumb Code     0  os_cpu_a.o(.text)
    OSInitHookBegin                          0x08005f59   Thumb Code     2  os_cpu_c.o(.text)
    OSInitHookEnd                            0x08005f5b   Thumb Code     2  os_cpu_c.o(.text)
    OSTaskCreateHook                         0x08005f5d   Thumb Code     2  os_cpu_c.o(.text)
    OSTaskDelHook                            0x08005f5f   Thumb Code     2  os_cpu_c.o(.text)
    OSTaskIdleHook                           0x08005f61   Thumb Code     2  os_cpu_c.o(.text)
    OSTaskStatHook                           0x08005f63   Thumb Code     2  os_cpu_c.o(.text)
    OSTaskStkInit                            0x08005f65   Thumb Code   154  os_cpu_c.o(.text)
    OSTaskSwHook                             0x08005fff   Thumb Code     2  os_cpu_c.o(.text)
    OSTCBInitHook                            0x08006001   Thumb Code     2  os_cpu_c.o(.text)
    OSTimeTickHook                           0x08006003   Thumb Code     2  os_cpu_c.o(.text)
    OSTaskReturnHook                         0x08006005   Thumb Code     2  os_cpu_c.o(.text)
    __use_no_semihosting                     0x08006007   Thumb Code     2  use_no_semi_2.o(.text)
    __use_two_region_memory                  0x08006009   Thumb Code     2  heapauxi.o(.text)
    __rt_heap_escrow$2region                 0x0800600b   Thumb Code     2  heapauxi.o(.text)
    __rt_heap_expand$2region                 0x0800600d   Thumb Code     2  heapauxi.o(.text)
    __I$use$semihosting                      0x0800600f   Thumb Code     0  use_no_semi.o(.text)
    __use_no_semihosting_swi                 0x0800600f   Thumb Code     2  use_no_semi.o(.text)
    __user_libspace                          0x08006011   Thumb Code     8  libspace.o(.text)
    __user_perproc_libspace                  0x08006011   Thumb Code     0  libspace.o(.text)
    __user_perthread_libspace                0x08006011   Thumb Code     0  libspace.o(.text)
    __user_setup_stackheap                   0x08006019   Thumb Code    74  sys_stackheap_outer.o(.text)
    exit                                     0x08006063   Thumb Code    12  exit.o(.text)
    __rt_fp_status_addr                      0x08006071   Thumb Code     8  rt_fp_status_addr_intlibspace.o(.text)
    __fpl_dcmp_Inf                           0x08006079   Thumb Code    24  dcmpi.o(x$fpl$dcmpinf)
    __aeabi_i2d                              0x08006091   Thumb Code     0  dflt_clz.o(x$fpl$dflt)
    _dflt                                    0x08006091   Thumb Code    46  dflt_clz.o(x$fpl$dflt)
    __aeabi_ui2d                             0x080060bf   Thumb Code     0  dflt_clz.o(x$fpl$dfltu)
    _dfltu                                   0x080060bf   Thumb Code    38  dflt_clz.o(x$fpl$dfltu)
    __aeabi_cdcmple                          0x080060e5   Thumb Code     0  dleqf.o(x$fpl$dleqf)
    _dcmple                                  0x080060e5   Thumb Code   120  dleqf.o(x$fpl$dleqf)
    __fpl_dcmple_InfNaN                      0x08006147   Thumb Code     0  dleqf.o(x$fpl$dleqf)
    __aeabi_dmul                             0x0800615d   Thumb Code     0  dmul.o(x$fpl$dmul)
    _dmul                                    0x0800615d   Thumb Code   332  dmul.o(x$fpl$dmul)
    __fpl_dnaninf                            0x080062b1   Thumb Code   156  dnaninf.o(x$fpl$dnaninf)
    __fpl_dretinf                            0x0800634d   Thumb Code    12  dretinf.o(x$fpl$dretinf)
    _fp_init                                 0x08006359   Thumb Code    14  fpinit.o(x$fpl$fpinit)
    __fplib_config_pureend_doubles           0x08006365   Thumb Code     0  fpinit.o(x$fpl$fpinit)
    OSUnMapTbl                               0x08006366   Data         256  os_core.o(.constdata)
    __I$use$fp                               0x08006367   Thumb Code     0  usenofp.o(x$fpl$usenofp)
    Region$$Table$$Base                      0x08006468   Number         0  anon$$obj.o(Region$$Table)
    Region$$Table$$Limit                     0x08006488   Number         0  anon$$obj.o(Region$$Table)
    key1                                     0x20000000   Data           1  main.o(.data)
    key2                                     0x20000001   Data           1  main.o(.data)
    key3                                     0x20000002   Data           1  main.o(.data)
    key4                                     0x20000003   Data           1  main.o(.data)
    start_1                                  0x20000004   Data           1  main.o(.data)
    start_2                                  0x20000005   Data           1  main.o(.data)
    reset_open1                              0x20000006   Data           1  main.o(.data)
    reset_open2                              0x20000007   Data           1  main.o(.data)
    reset_open3                              0x20000008   Data           1  main.o(.data)
    reset_open4                              0x20000009   Data           1  main.o(.data)
    flag_phase                               0x2000000a   Data           1  main.o(.data)
    first                                    0x2000000b   Data           1  main.o(.data)
    sem1_switch1open                         0x2000000c   Data           4  main.o(.data)
    sem1_switch1close                        0x20000010   Data           4  main.o(.data)
    sem1_switch2open                         0x20000014   Data           4  main.o(.data)
    sem1_switch2close                        0x20000018   Data           4  main.o(.data)
    sem2_switch1open                         0x2000001c   Data           4  main.o(.data)
    sem2_switch1close                        0x20000020   Data           4  main.o(.data)
    sem2_switch2open                         0x20000024   Data           4  main.o(.data)
    sem2_switch2close                        0x20000028   Data           4  main.o(.data)
    e                                        0x2000002c   Data           1  main.o(.data)
    SystemCoreClock                          0x20000030   Data           4  system_stm32f10x.o(.data)
    AHBPrescTable                            0x20000034   Data          16  system_stm32f10x.o(.data)
    C_flag                                   0x20000044   Data           1  task.o(.data)
    A_flag                                   0x20000045   Data           1  task.o(.data)
    C_count                                  0x20000048   Data           4  task.o(.data)
    A_count                                  0x2000004c   Data           4  task.o(.data)
    USART_RX_STA                             0x20000054   Data           2  usart.o(.data)
    __stdout                                 0x20000058   Data           4  usart.o(.data)
    OSCtxSwCtr                               0x20000070   Data           4  os_core.o(.data)
    OSEventFreeList                          0x20000074   Data           4  os_core.o(.data)
    OSFlagFreeList                           0x20000078   Data           4  os_core.o(.data)
    OSCPUUsage                               0x2000007c   Data           1  os_core.o(.data)
    OSIdleCtrMax                             0x20000080   Data           4  os_core.o(.data)
    OSIdleCtrRun                             0x20000084   Data           4  os_core.o(.data)
    OSStatRdy                                0x20000088   Data           1  os_core.o(.data)
    OSIntNesting                             0x20000089   Data           1  os_core.o(.data)
    OSLockNesting                            0x2000008a   Data           1  os_core.o(.data)
    OSPrioCur                                0x2000008b   Data           1  os_core.o(.data)
    OSPrioHighRdy                            0x2000008c   Data           1  os_core.o(.data)
    OSRdyGrp                                 0x2000008d   Data           1  os_core.o(.data)
    OSRdyTbl                                 0x2000008e   Data           8  os_core.o(.data)
    OSRunning                                0x20000096   Data           1  os_core.o(.data)
    OSTaskCtr                                0x20000097   Data           1  os_core.o(.data)
    OSIdleCtr                                0x20000098   Data           4  os_core.o(.data)
    OSTCBCur                                 0x2000009c   Data           4  os_core.o(.data)
    OSTCBFreeList                            0x200000a0   Data           4  os_core.o(.data)
    OSTCBHighRdy                             0x200000a4   Data           4  os_core.o(.data)
    OSTCBList                                0x200000a8   Data           4  os_core.o(.data)
    OSTickStepState                          0x200000ac   Data           1  os_core.o(.data)
    OSQFreeList                              0x200000b0   Data           4  os_core.o(.data)
    OSTime                                   0x200000b4   Data           4  os_core.o(.data)
    START_TASK_STK                           0x200000b8   Data         256  main.o(.bss)
    S1OPEN_TASK_STK                          0x200001b8   Data         512  main.o(.bss)
    S1CLOSE_TASK_STK                         0x200003b8   Data         512  main.o(.bss)
    S2OPEN_TASK_STK                          0x200005b8   Data         512  main.o(.bss)
    S2CLOSE_TASK_STK                         0x200007b8   Data         512  main.o(.bss)
    S3OPEN_TASK_STK                          0x200009b8   Data         512  main.o(.bss)
    S3CLOSE_TASK_STK                         0x20000bb8   Data         512  main.o(.bss)
    S4OPEN_TASK_STK                          0x20000db8   Data         512  main.o(.bss)
    S4CLOSE_TASK_STK                         0x20000fb8   Data         512  main.o(.bss)
    KEY_TASK_STK                             0x200011b8   Data       10240  main.o(.bss)
    USART_RX_BUF                             0x200039b8   Data         200  usart.o(.bss)
    OSEventTbl                               0x20003a80   Data         200  os_core.o(.bss)
    OSFlagTbl                                0x20003b48   Data          80  os_core.o(.bss)
    OSTaskStatStk                            0x20003b98   Data         512  os_core.o(.bss)
    OSTaskIdleStk                            0x20003d98   Data         512  os_core.o(.bss)
    OSTCBPrioTbl                             0x20003f98   Data         256  os_core.o(.bss)
    OSTCBTbl                                 0x20004098   Data        1008  os_core.o(.bss)
    OSQTbl                                   0x20004488   Data         120  os_core.o(.bss)
    __libspace_start                         0x20004500   Data          96  libspace.o(.bss)
    __temporary_stack_top$libspace           0x20004560   Data           0  libspace.o(.bss)



==============================================================================

Memory Map of the image

  Image Entry point : 0x08000131

  Load Region LR_IROM1 (Base: 0x08000000, Size: 0x00006540, Max: 0x00010000, ABSOLUTE)

    Execution Region ER_IROM1 (Base: 0x08000000, Size: 0x00006488, Max: 0x00010000, ABSOLUTE)

    Base Addr    Size         Type   Attr      Idx    E Section Name        Object

    0x08000000   0x00000130   Data   RO          397    RESET               startup_stm32f10x_hd.o
    0x08000130   0x00000008   Code   RO          915  * !!!main             c_w.l(__main.o)
    0x08000138   0x00000034   Code   RO         1155    !!!scatter          c_w.l(__scatter.o)
    0x0800016c   0x0000001a   Code   RO         1157    !!handler_copy      c_w.l(__scatter_copy.o)
    0x08000186   0x00000002   PAD
    0x08000188   0x0000001c   Code   RO         1159    !!handler_zi        c_w.l(__scatter_zi.o)
    0x080001a4   0x00000006   Code   RO         1032    .ARM.Collect$$libinit$$00000000  c_w.l(libinit.o)
    0x080001aa   0x00000000   Code   RO         1037    .ARM.Collect$$libinit$$00000006  c_w.l(libinit2.o)
    0x080001aa   0x00000000   Code   RO         1039    .ARM.Collect$$libinit$$00000008  c_w.l(libinit2.o)
    0x080001aa   0x00000000   Code   RO         1041    .ARM.Collect$$libinit$$0000000A  c_w.l(libinit2.o)
    0x080001aa   0x00000000   Code   RO         1044    .ARM.Collect$$libinit$$0000000D  c_w.l(libinit2.o)
    0x080001aa   0x00000000   Code   RO         1046    .ARM.Collect$$libinit$$0000000F  c_w.l(libinit2.o)
    0x080001aa   0x00000000   Code   RO         1048    .ARM.Collect$$libinit$$00000011  c_w.l(libinit2.o)
    0x080001aa   0x00000000   Code   RO         1050    .ARM.Collect$$libinit$$00000013  c_w.l(libinit2.o)
    0x080001aa   0x00000000   Code   RO         1052    .ARM.Collect$$libinit$$00000015  c_w.l(libinit2.o)
    0x080001aa   0x00000000   Code   RO         1054    .ARM.Collect$$libinit$$00000017  c_w.l(libinit2.o)
    0x080001aa   0x00000000   Code   RO         1056    .ARM.Collect$$libinit$$00000019  c_w.l(libinit2.o)
    0x080001aa   0x00000000   Code   RO         1058    .ARM.Collect$$libinit$$0000001B  c_w.l(libinit2.o)
    0x080001aa   0x00000000   Code   RO         1060    .ARM.Collect$$libinit$$0000001D  c_w.l(libinit2.o)
    0x080001aa   0x00000000   Code   RO         1062    .ARM.Collect$$libinit$$0000001F  c_w.l(libinit2.o)
    0x080001aa   0x00000000   Code   RO         1064    .ARM.Collect$$libinit$$00000021  c_w.l(libinit2.o)
    0x080001aa   0x00000000   Code   RO         1068    .ARM.Collect$$libinit$$00000028  c_w.l(libinit2.o)
    0x080001aa   0x00000000   Code   RO         1070    .ARM.Collect$$libinit$$0000002A  c_w.l(libinit2.o)
    0x080001aa   0x00000000   Code   RO         1072    .ARM.Collect$$libinit$$0000002C  c_w.l(libinit2.o)
    0x080001aa   0x00000000   Code   RO         1074    .ARM.Collect$$libinit$$0000002E  c_w.l(libinit2.o)
    0x080001aa   0x00000002   Code   RO         1075    .ARM.Collect$$libinit$$0000002F  c_w.l(libinit2.o)
    0x080001ac   0x00000002   Code   RO         1098    .ARM.Collect$$libshutdown$$00000000  c_w.l(libshutdown.o)
    0x080001ae   0x00000000   Code   RO         1109    .ARM.Collect$$libshutdown$$00000003  c_w.l(libshutdown2.o)
    0x080001ae   0x00000000   Code   RO         1112    .ARM.Collect$$libshutdown$$00000006  c_w.l(libshutdown2.o)
    0x080001ae   0x00000000   Code   RO         1115    .ARM.Collect$$libshutdown$$00000009  c_w.l(libshutdown2.o)
    0x080001ae   0x00000000   Code   RO         1117    .ARM.Collect$$libshutdown$$0000000B  c_w.l(libshutdown2.o)
    0x080001ae   0x00000000   Code   RO         1120    .ARM.Collect$$libshutdown$$0000000E  c_w.l(libshutdown2.o)
    0x080001ae   0x00000002   Code   RO         1121    .ARM.Collect$$libshutdown$$0000000F  c_w.l(libshutdown2.o)
    0x080001b0   0x00000000   Code   RO          971    .ARM.Collect$$rtentry$$00000000  c_w.l(rtentry.o)
    0x080001b0   0x00000000   Code   RO          993    .ARM.Collect$$rtentry$$00000002  c_w.l(rtentry2.o)
    0x080001b0   0x00000006   Code   RO         1005    .ARM.Collect$$rtentry$$00000004  c_w.l(rtentry4.o)
    0x080001b6   0x00000000   Code   RO          995    .ARM.Collect$$rtentry$$00000009  c_w.l(rtentry2.o)
    0x080001b6   0x00000004   Code   RO          996    .ARM.Collect$$rtentry$$0000000A  c_w.l(rtentry2.o)
    0x080001ba   0x00000000   Code   RO          998    .ARM.Collect$$rtentry$$0000000C  c_w.l(rtentry2.o)
    0x080001ba   0x00000008   Code   RO          999    .ARM.Collect$$rtentry$$0000000D  c_w.l(rtentry2.o)
    0x080001c2   0x00000002   Code   RO         1033    .ARM.Collect$$rtexit$$00000000  c_w.l(rtexit.o)
    0x080001c4   0x00000000   Code   RO         1079    .ARM.Collect$$rtexit$$00000002  c_w.l(rtexit2.o)
    0x080001c4   0x00000004   Code   RO         1080    .ARM.Collect$$rtexit$$00000003  c_w.l(rtexit2.o)
    0x080001c8   0x00000006   Code   RO         1081    .ARM.Collect$$rtexit$$00000004  c_w.l(rtexit2.o)
    0x080001ce   0x00000002   PAD
    0x080001d0   0x00000eb4   Code   RO            1    .text               main.o
    0x08001084   0x00000016   Code   RO          135    .text               stm32f10x_it.o
    0x0800109a   0x00000002   PAD
    0x0800109c   0x000001c8   Code   RO          167    .text               system_stm32f10x.o
    0x08001264   0x00000310   Code   RO          295    .text               adc.o
    0x08001574   0x00000480   Code   RO          307    .text               task.o
    0x080019f4   0x00000114   Code   RO          325    .text               delay.o
    0x08001b08   0x0000000c   Code   RO          349    .text               sys.o
    0x08001b14   0x00000148   Code   RO          361    .text               usart.o
    0x08001c5c   0x00000040   Code   RO          398    .text               startup_stm32f10x_hd.o
    0x08001c9c   0x000000dc   Code   RO          402    .text               misc.o
    0x08001d78   0x00000358   Code   RO          426    .text               stm32f10x_gpio.o
    0x080020d0   0x000003a0   Code   RO          438    .text               stm32f10x_rcc.o
    0x08002470   0x0000040c   Code   RO          464    .text               stm32f10x_usart.o
    0x0800287c   0x0000043c   Code   RO          476    .text               stm32f10x_adc.o
    0x08002cb8   0x00000dae   Code   RO          638    .text               stm32f10x_tim.o
    0x08003a66   0x00000002   PAD
    0x08003a68   0x000008c0   Code   RO          665    .text               os_core.o
    0x08004328   0x0000085c   Code   RO          685    .text               os_flag.o
    0x08004b84   0x000005e8   Code   RO          727    .text               os_q.o
    0x0800516c   0x0000038c   Code   RO          739    .text               os_sem.o
    0x080054f8   0x000007ec   Code   RO          751    .text               os_task.o
    0x08005ce4   0x000001c0   Code   RO          763    .text               os_time.o
    0x08005ea4   0x000000b4   Code   RO          781    .text               os_cpu_a.o
    0x08005f58   0x000000ae   Code   RO          784    .text               os_cpu_c.o
    0x08006006   0x00000002   Code   RO          862    .text               c_w.l(use_no_semi_2.o)
    0x08006008   0x00000006   Code   RO          913    .text               c_w.l(heapauxi.o)
    0x0800600e   0x00000002   Code   RO          969    .text               c_w.l(use_no_semi.o)
    0x08006010   0x00000008   Code   RO         1018    .text               c_w.l(libspace.o)
    0x08006018   0x0000004a   Code   RO         1021    .text               c_w.l(sys_stackheap_outer.o)
    0x08006062   0x0000000c   Code   RO         1025    .text               c_w.l(exit.o)
    0x0800606e   0x00000002   PAD
    0x08006070   0x00000008   Code   RO         1088    .text               c_w.l(rt_fp_status_addr_intlibspace.o)
    0x08006078   0x00000018   Code   RO          979    x$fpl$dcmpinf       fz_ws.l(dcmpi.o)
    0x08006090   0x0000002e   Code   RO          922    x$fpl$dflt          fz_ws.l(dflt_clz.o)
    0x080060be   0x00000026   Code   RO          921    x$fpl$dfltu         fz_ws.l(dflt_clz.o)
    0x080060e4   0x00000078   Code   RO          927    x$fpl$dleqf         fz_ws.l(dleqf.o)
    0x0800615c   0x00000154   Code   RO          929    x$fpl$dmul          fz_ws.l(dmul.o)
    0x080062b0   0x0000009c   Code   RO          981    x$fpl$dnaninf       fz_ws.l(dnaninf.o)
    0x0800634c   0x0000000c   Code   RO          983    x$fpl$dretinf       fz_ws.l(dretinf.o)
    0x08006358   0x0000000e   Code   RO         1076    x$fpl$fpinit        fz_ws.l(fpinit.o)
    0x08006366   0x00000000   Code   RO          991    x$fpl$usenofp       fz_ws.l(usenofp.o)
    0x08006366   0x00000100   Data   RO          667    .constdata          os_core.o
    0x08006466   0x00000002   PAD
    0x08006468   0x00000020   Data   RO         1153    Region$$Table       anon$$obj.o


    Execution Region RW_IRAM1 (Base: 0x20000000, Size: 0x00004b60, Max: 0x00005000, ABSOLUTE)

    Base Addr    Size         Type   Attr      Idx    E Section Name        Object

    0x20000000   0x0000002d   Data   RW            3    .data               main.o
    0x2000002d   0x00000003   PAD
    0x20000030   0x00000014   Data   RW          168    .data               system_stm32f10x.o
    0x20000044   0x0000000c   Data   RW          308    .data               task.o
    0x20000050   0x00000004   Data   RW          326    .data               delay.o
    0x20000054   0x00000008   Data   RW          363    .data               usart.o
    0x2000005c   0x00000014   Data   RW          439    .data               stm32f10x_rcc.o
    0x20000070   0x00000048   Data   RW          668    .data               os_core.o
    0x200000b8   0x00003900   Zero   RW            2    .bss                main.o
    0x200039b8   0x000000c8   Zero   RW          362    .bss                usart.o
    0x20003a80   0x00000a80   Zero   RW          666    .bss                os_core.o
    0x20004500   0x00000060   Zero   RW         1019    .bss                c_w.l(libspace.o)
    0x20004560   0x00000200   Zero   RW          396    HEAP                startup_stm32f10x_hd.o
    0x20004760   0x00000400   Zero   RW          395    STACK               startup_stm32f10x_hd.o


==============================================================================

Image component sizes


      Code (inc. data)   RO Data    RW Data    ZI Data      Debug   Object Name

       784         28          0          0          0       2314   adc.o
         0          0          0          0          0         32   core_cm3.o
       276         20          0          4          0       1430   delay.o
      3764        226          0         45      14592     257173   main.o
       220         20          0          0          0       1745   misc.o
      2240        218        256         72       2688      14871   os_core.o
       180         36          0          0          0        300   os_cpu_a.o
       174          0          0          0          0      10290   os_cpu_c.o
      2140         44          0          0          0       7052   os_flag.o
      1512         30          0          0          0       5713   os_q.o
       908         18          0          0          0       3986   os_sem.o
      2028         70          0          0          0       7729   os_task.o
       448         30          0          0          0       1818   os_time.o
        64         26        304          0       1536        768   startup_stm32f10x_hd.o
      1084         26          0          0          0      10961   stm32f10x_adc.o
       856         40          0          0          0       5677   stm32f10x_gpio.o
        22          0          0          0          0        971   stm32f10x_it.o
       928         44          0         20          0       8824   stm32f10x_rcc.o
      3502         86          0          0          0      22844   stm32f10x_tim.o
      1036         20          0          0          0       8424   stm32f10x_usart.o
        12          0          0          0          0        425   sys.o
       456         36          0         20          0       1663   system_stm32f10x.o
      1152         38          0         12          0      24613   task.o
       328         18          0          8        200       2994   usart.o

    ----------------------------------------------------------------------
     24118       1074        594        184      19016     402617   Object Totals
         0          0         32          0          0          0   (incl. Generated)
         4          0          2          3          0          0   (incl. Padding)

    ----------------------------------------------------------------------

      Code (inc. data)   RO Data    RW Data    ZI Data      Debug   Library Member Name

         8          0          0          0          0         68   __main.o
        52          8          0          0          0          0   __scatter.o
        26          0          0          0          0          0   __scatter_copy.o
        28          0          0          0          0          0   __scatter_zi.o
        12          0          0          0          0         72   exit.o
         6          0          0          0          0        152   heapauxi.o
         6          0          0          0          0          0   libinit.o
         2          0          0          0          0          0   libinit2.o
         2          0          0          0          0          0   libshutdown.o
         2          0          0          0          0          0   libshutdown2.o
         8          4          0          0         96         68   libspace.o
         8          4          0          0          0         68   rt_fp_status_addr_intlibspace.o
         0          0          0          0          0          0   rtentry.o
        12          0          0          0          0          0   rtentry2.o
         6          0          0          0          0          0   rtentry4.o
         2          0          0          0          0          0   rtexit.o
        10          0          0          0          0          0   rtexit2.o
        74          0          0          0          0         80   sys_stackheap_outer.o
         2          0          0          0          0         68   use_no_semi.o
         2          0          0          0          0         68   use_no_semi_2.o
        24          0          0          0          0         68   dcmpi.o
        84          0          0          0          0        136   dflt_clz.o
       120          4          0          0          0         92   dleqf.o
       340         12          0          0          0        104   dmul.o
       156          4          0          0          0         92   dnaninf.o
        12          0          0          0          0         68   dretinf.o
        14          0          0          0          0         76   fpinit.o
         0          0          0          0          0          0   usenofp.o

    ----------------------------------------------------------------------
      1024         36          0          0         96       1280   Library Totals
         6          0          0          0          0          0   (incl. Padding)

    ----------------------------------------------------------------------

      Code (inc. data)   RO Data    RW Data    ZI Data      Debug   Library Name

       268         16          0          0         96        644   c_w.l
       750         20          0          0          0        636   fz_ws.l

    ----------------------------------------------------------------------
      1024         36          0          0         96       1280   Library Totals

    ----------------------------------------------------------------------

==============================================================================


      Code (inc. data)   RO Data    RW Data    ZI Data      Debug   

     25142       1110        594        184      19112     401193   Grand Totals
     25142       1110        594        184      19112     401193   ELF Image Totals
     25142       1110        594        184          0          0   ROM Totals

==============================================================================

    Total RO  Size (Code + RO Data)                25736 (  25.13kB)
    Total RW  Size (RW Data + ZI Data)             19296 (  18.84kB)
    Total ROM Size (Code + RO Data + RW Data)      25920 (  25.31kB)

==============================================================================

